Archive member included to satisfy reference by file (symbol)

C:/Users/armstrongsubero/Desktop/Products/02_Rovari_Studio/Rovari_System_Studio/toolchain/bin/../lib/gcc/riscv-none-elf/15.2.0/../../../../riscv-none-elf/lib\libc_nano.a(libc_a-vsnprintf.o)
                              C:/Users/armstrongsubero/Desktop/Products/06_Dabao_Book/Baochip_ws/20_SD_Card_C++/system/build/rovari_uart_dca14ff7.o (vsnprintf)
C:/Users/armstrongsubero/Desktop/Products/02_Rovari_Studio/Rovari_System_Studio/toolchain/bin/../lib/gcc/riscv-none-elf/15.2.0/../../../../riscv-none-elf/lib\libc_nano.a(libc_a-impure.o)
                              C:/Users/armstrongsubero/Desktop/Products/02_Rovari_Studio/Rovari_System_Studio/toolchain/bin/../lib/gcc/riscv-none-elf/15.2.0/../../../../riscv-none-elf/lib\libc_nano.a(libc_a-vsnprintf.o) (_impure_ptr)
C:/Users/armstrongsubero/Desktop/Products/02_Rovari_Studio/Rovari_System_Studio/toolchain/bin/../lib/gcc/riscv-none-elf/15.2.0/../../../../riscv-none-elf/lib\libc_nano.a(libc_a-init.o)
                              C:/Users/armstrongsubero/Desktop/Products/06_Dabao_Book/Baochip_ws/20_SD_Card_C++/system/build/rovari_main_620c9b9a.o (__libc_init_array)
C:/Users/armstrongsubero/Desktop/Products/02_Rovari_Studio/Rovari_System_Studio/toolchain/bin/../lib/gcc/riscv-none-elf/15.2.0/../../../../riscv-none-elf/lib\libc_nano.a(libc_a-nano-svfprintf.o)
                              C:/Users/armstrongsubero/Desktop/Products/02_Rovari_Studio/Rovari_System_Studio/toolchain/bin/../lib/gcc/riscv-none-elf/15.2.0/../../../../riscv-none-elf/lib\libc_nano.a(libc_a-vsnprintf.o) (_svfprintf_r)
C:/Users/armstrongsubero/Desktop/Products/02_Rovari_Studio/Rovari_System_Studio/toolchain/bin/../lib/gcc/riscv-none-elf/15.2.0/../../../../riscv-none-elf/lib\libc_nano.a(libc_a-nano-vfprintf_i.o)
                              C:/Users/armstrongsubero/Desktop/Products/02_Rovari_Studio/Rovari_System_Studio/toolchain/bin/../lib/gcc/riscv-none-elf/15.2.0/../../../../riscv-none-elf/lib\libc_nano.a(libc_a-nano-svfprintf.o) (_printf_i)
C:/Users/armstrongsubero/Desktop/Products/02_Rovari_Studio/Rovari_System_Studio/toolchain/bin/../lib/gcc/riscv-none-elf/15.2.0/../../../../riscv-none-elf/lib\libc_nano.a(libc_a-memchr.o)
                              C:/Users/armstrongsubero/Desktop/Products/02_Rovari_Studio/Rovari_System_Studio/toolchain/bin/../lib/gcc/riscv-none-elf/15.2.0/../../../../riscv-none-elf/lib\libc_nano.a(libc_a-nano-svfprintf.o) (memchr)
C:/Users/armstrongsubero/Desktop/Products/02_Rovari_Studio/Rovari_System_Studio/toolchain/bin/../lib/gcc/riscv-none-elf/15.2.0/../../../../riscv-none-elf/lib\libc_nano.a(libc_a-memmove.o)
                              C:/Users/armstrongsubero/Desktop/Products/02_Rovari_Studio/Rovari_System_Studio/toolchain/bin/../lib/gcc/riscv-none-elf/15.2.0/../../../../riscv-none-elf/lib\libc_nano.a(libc_a-nano-svfprintf.o) (memmove)
C:/Users/armstrongsubero/Desktop/Products/02_Rovari_Studio/Rovari_System_Studio/toolchain/bin/../lib/gcc/riscv-none-elf/15.2.0/../../../../riscv-none-elf/lib\libc_nano.a(libc_a-freer.o)
                              C:/Users/armstrongsubero/Desktop/Products/02_Rovari_Studio/Rovari_System_Studio/toolchain/bin/../lib/gcc/riscv-none-elf/15.2.0/../../../../riscv-none-elf/lib\libc_nano.a(libc_a-nano-svfprintf.o) (_free_r)
C:/Users/armstrongsubero/Desktop/Products/02_Rovari_Studio/Rovari_System_Studio/toolchain/bin/../lib/gcc/riscv-none-elf/15.2.0/../../../../riscv-none-elf/lib\libc_nano.a(libc_a-mallocr.o)
                              C:/Users/armstrongsubero/Desktop/Products/02_Rovari_Studio/Rovari_System_Studio/toolchain/bin/../lib/gcc/riscv-none-elf/15.2.0/../../../../riscv-none-elf/lib\libc_nano.a(libc_a-nano-svfprintf.o) (_malloc_r)
C:/Users/armstrongsubero/Desktop/Products/02_Rovari_Studio/Rovari_System_Studio/toolchain/bin/../lib/gcc/riscv-none-elf/15.2.0/../../../../riscv-none-elf/lib\libc_nano.a(libc_a-mlock.o)
                              C:/Users/armstrongsubero/Desktop/Products/02_Rovari_Studio/Rovari_System_Studio/toolchain/bin/../lib/gcc/riscv-none-elf/15.2.0/../../../../riscv-none-elf/lib\libc_nano.a(libc_a-freer.o) (__malloc_lock)
C:/Users/armstrongsubero/Desktop/Products/02_Rovari_Studio/Rovari_System_Studio/toolchain/bin/../lib/gcc/riscv-none-elf/15.2.0/../../../../riscv-none-elf/lib\libc_nano.a(libc_a-reallocr.o)
                              C:/Users/armstrongsubero/Desktop/Products/02_Rovari_Studio/Rovari_System_Studio/toolchain/bin/../lib/gcc/riscv-none-elf/15.2.0/../../../../riscv-none-elf/lib\libc_nano.a(libc_a-nano-svfprintf.o) (_realloc_r)
C:/Users/armstrongsubero/Desktop/Products/02_Rovari_Studio/Rovari_System_Studio/toolchain/bin/../lib/gcc/riscv-none-elf/15.2.0/../../../../riscv-none-elf/lib\libc_nano.a(libc_a-sbrkr.o)
                              C:/Users/armstrongsubero/Desktop/Products/02_Rovari_Studio/Rovari_System_Studio/toolchain/bin/../lib/gcc/riscv-none-elf/15.2.0/../../../../riscv-none-elf/lib\libc_nano.a(libc_a-mallocr.o) (_sbrk_r)
[...]
Memory Configuration

Name             Origin             Length             Attributes
SIGBLOCK         0x60060000         0x00000300         r
RRAM             0x60060300         0x00399d00         xr
SRAM             0x61000000         0x00200000         xrw
IFRAM            0x50000000         0x00020000         rw
*default*        0x00000000         0xffffffff

Linker script and memory map

LOAD C:/Users/armstrongsubero/Desktop/Products/06_Dabao_Book/Baochip_ws/20_SD_Card_C++/system/build/app_eded05d5.o
LOAD C:/Users/armstrongsubero/Desktop/Products/06_Dabao_Book/Baochip_ws/20_SD_Card_C++/system/build/rovari.blocks_0a81af1c.o
LOAD C:/Users/armstrongsubero/Desktop/Products/06_Dabao_Book/Baochip_ws/20_SD_Card_C++/system/build/baochip1x_it_acb6e3e3.o
LOAD C:/Users/armstrongsubero/Desktop/Products/06_Dabao_Book/Baochip_ws/20_SD_Card_C++/system/build/startup_88ac6242.o
LOAD C:/Users/armstrongsubero/Desktop/Products/06_Dabao_Book/Baochip_ws/20_SD_Card_C++/system/build/bao1x_gpio_9054eec4.o
LOAD C:/Users/armstrongsubero/Desktop/Products/06_Dabao_Book/Baochip_ws/20_SD_Card_C++/system/build/bao1x_uart_2b9c0ebf.o
LOAD C:/Users/armstrongsubero/Desktop/Products/06_Dabao_Book/Baochip_ws/20_SD_Card_C++/system/build/bao1x_irq_bff3f790.o
LOAD C:/Users/armstrongsubero/Desktop/Products/06_Dabao_Book/Baochip_ws/20_SD_Card_C++/system/build/bao_delay_09c3a55a.o
LOAD C:/Users/armstrongsubero/Desktop/Products/06_Dabao_Book/Baochip_ws/20_SD_Card_C++/system/build/bao_stdio_b6cd46e2.o
LOAD C:/Users/armstrongsubero/Desktop/Products/06_Dabao_Book/Baochip_ws/20_SD_Card_C++/system/build/bao_stdlib_51aafccb.o
LOAD C:/Users/armstrongsubero/Desktop/Products/06_Dabao_Book/Baochip_ws/20_SD_Card_C++/system/build/rovari_gpio_6fb6af80.o
LOAD C:/Users/armstrongsubero/Desktop/Products/06_Dabao_Book/Baochip_ws/20_SD_Card_C++/system/build/rovari_main_620c9b9a.o
LOAD C:/Users/armstrongsubero/Desktop/Products/06_Dabao_Book/Baochip_ws/20_SD_Card_C++/system/build/rovari_tick_d798bda6.o
LOAD C:/Users/armstrongsubero/Desktop/Products/06_Dabao_Book/Baochip_ws/20_SD_Card_C++/system/build/rovari_button_b4b82f26.o
LOAD C:/Users/armstrongsubero/Desktop/Products/06_Dabao_Book/Baochip_ws/20_SD_Card_C++/system/build/rovari_uart_dca14ff7.o
LOAD C:/Users/armstrongsubero/Desktop/Products/06_Dabao_Book/Baochip_ws/20_SD_Card_C++/system/build/sevs_assert_target_1358f0b7.o
LOAD C:/Users/armstrongsubero/Desktop/Products/06_Dabao_Book/Baochip_ws/20_SD_Card_C++/system/build/bao1x_spi_d455e9dd.o
LOAD C:/Users/armstrongsubero/Desktop/Products/06_Dabao_Book/Baochip_ws/20_SD_Card_C++/system/build/rovari_spi_3f8b68a3.o
LOAD C:/Users/armstrongsubero/Desktop/Products/06_Dabao_Book/Baochip_ws/20_SD_Card_C++/system/build/ff_a0f070b4.o
LOAD C:/Users/armstrongsubero/Desktop/Products/06_Dabao_Book/Baochip_ws/20_SD_Card_C++/system/build/diskio_51b23938.o
LOAD C:/Users/armstrongsubero/Desktop/Products/02_Rovari_Studio/Rovari_System_Studio/toolchain/bin/../lib/gcc/riscv-none-elf/15.2.0/../../../../riscv-none-elf/lib\libstdc++_nano.a
LOAD C:/Users/armstrongsubero/Desktop/Products/02_Rovari_Studio/Rovari_System_Studio/toolchain/bin/../lib/gcc/riscv-none-elf/15.2.0/../../../../riscv-none-elf/lib\libm_nano.a
LOAD C:/Users/armstrongsubero/Desktop/Products/02_Rovari_Studio/Rovari_System_Studio/toolchain/bin/../lib/gcc/riscv-none-elf/15.2.0\libgcc.a
LOAD C:/Users/armstrongsubero/Desktop/Products/02_Rovari_Studio/Rovari_System_Studio/toolchain/bin/../lib/gcc/riscv-none-elf/15.2.0/../../../../riscv-none-elf/lib\libc_nano.a
LOAD C:/Users/armstrongsubero/Desktop/Products/02_Rovari_Studio/Rovari_System_Studio/toolchain/bin/../lib/gcc/riscv-none-elf/15.2.0\libgcc.a
START GROUP
LOAD C:/Users/armstrongsubero/Desktop/Products/02_Rovari_Studio/Rovari_System_Studio/toolchain/bin/../lib/gcc/riscv-none-elf/15.2.0\libgcc.a
LOAD C:/Users/armstrongsubero/Desktop/Products/02_Rovari_Studio/Rovari_System_Studio/toolchain/bin/../lib/gcc/riscv-none-elf/15.2.0/../../../../riscv-none-elf/lib\libc_nano.a
LOAD C:/Users/armstrongsubero/Desktop/Products/02_Rovari_Studio/Rovari_System_Studio/toolchain/bin/../lib/gcc/riscv-none-elf/15.2.0/../../../../riscv-none-elf/lib\libnosys.a
END GROUP
START GROUP
LOAD C:/Users/armstrongsubero/Desktop/Products/02_Rovari_Studio/Rovari_System_Studio/toolchain/bin/../lib/gcc/riscv-none-elf/15.2.0\libgcc.a
LOAD C:/Users/armstrongsubero/Desktop/Products/02_Rovari_Studio/Rovari_System_Studio/toolchain/bin/../lib/gcc/riscv-none-elf/15.2.0/../../../../riscv-none-elf/lib\libc_nano.a
LOAD C:/Users/armstrongsubero/Desktop/Products/02_Rovari_Studio/Rovari_System_Studio/toolchain/bin/../lib/gcc/riscv-none-elf/15.2.0/../../../../riscv-none-elf/lib\libnosys.a
END GROUP
                0x00002000                        _stack_size = 0x2000
                0x61200000                        _stack_top = (ORIGIN (SRAM) + LENGTH (SRAM))

.text           0x60060300     0x34a8
 *(.text.start)
 .text.start    0x60060300      0x13c C:/Users/armstrongsubero/Desktop/Products/06_Dabao_Book/Baochip_ws/20_SD_Card_C++/system/build/startup_88ac6242.o
                0x60060300                _start
                0x60060370                _trap_entry
 *(.text .text.*)
 .text.app_init
                0x6006043c      0x1be C:/Users/armstrongsubero/Desktop/Products/06_Dabao_Book/Baochip_ws/20_SD_Card_C++/system/build/app_eded05d5.o
                0x6006043c                app_init
 .text.app_run  0x600605fa       0x16 C:/Users/armstrongsubero/Desktop/Products/06_Dabao_Book/Baochip_ws/20_SD_Card_C++/system/build/app_eded05d5.o
                0x600605fa                app_run
 .text.startup._GLOBAL__sub_I_led
                0x60060610        0xc C:/Users/armstrongsubero/Desktop/Products/06_Dabao_Book/Baochip_ws/20_SD_Card_C++/system/build/app_eded05d5.o
 .text.gpio_set_function
                0x6006061c       0x9e C:/Users/armstrongsubero/Desktop/Products/06_Dabao_Book/Baochip_ws/20_SD_Card_C++/system/build/bao1x_gpio_9054eec4.o
                0x6006061c                gpio_set_function
 .text.gpio_set_dir
                0x600606ba       0x92 C:/Users/armstrongsubero/Desktop/Products/06_Dabao_Book/Baochip_ws/20_SD_Card_C++/system/build/bao1x_gpio_9054eec4.o
                0x600606ba                gpio_set_dir
 .text.gpio_toggle
                0x6006074c       0x7e C:/Users/armstrongsubero/Desktop/Products/06_Dabao_Book/Baochip_ws/20_SD_Card_C++/system/build/bao1x_gpio_9054eec4.o
                0x6006074c                gpio_toggle
 .text.gpio_pull_up
                0x600607ca       0x7e C:/Users/armstrongsubero/Desktop/Products/06_Dabao_Book/Baochip_ws/20_SD_Card_C++/system/build/bao1x_gpio_9054eec4.o
                0x600607ca                gpio_pull_up
 .text.gpio_disable_pulls
                0x60060848       0x82 C:/Users/armstrongsubero/Desktop/Products/06_Dabao_Book/Baochip_ws/20_SD_Card_C++/system/build/bao1x_gpio_9054eec4.o
                0x60060848                gpio_disable_pulls
 .text.gpio_init
                0x600608ca       0x7a C:/Users/armstrongsubero/Desktop/Products/06_Dabao_Book/Baochip_ws/20_SD_Card_C++/system/build/bao1x_gpio_9054eec4.o
                0x600608ca                gpio_init
 .text.uart_init
                0x60060944      0x116 C:/Users/armstrongsubero/Desktop/Products/06_Dabao_Book/Baochip_ws/20_SD_Card_C++/system/build/bao1x_uart_2b9c0ebf.o
                0x60060944                uart_init
 .text.uart_write
                0x60060a5a      0x140 C:/Users/armstrongsubero/Desktop/Products/06_Dabao_Book/Baochip_ws/20_SD_Card_C++/system/build/bao1x_uart_2b9c0ebf.o
                0x60060a5a                uart_write
 .text.uart_putc
                0x60060b9a       0x3e C:/Users/armstrongsubero/Desktop/Products/06_Dabao_Book/Baochip_ws/20_SD_Card_C++/system/build/bao1x_uart_2b9c0ebf.o
                0x60060b9a                uart_putc
 .text.trap_dispatch
                0x60060bd8       0xb8 C:/Users/armstrongsubero/Desktop/Products/06_Dabao_Book/Baochip_ws/20_SD_Card_C++/system/build/bao1x_irq_bff3f790.o
                0x60060bd8                trap_dispatch
 .text.ticktimer_init
                0x60060c90       0x20 C:/Users/armstrongsubero/Desktop/Products/06_Dabao_Book/Baochip_ws/20_SD_Card_C++/system/build/bao_delay_09c3a55a.o
 .text.millis   0x60060cb0       0x40 C:/Users/armstrongsubero/Desktop/Products/06_Dabao_Book/Baochip_ws/20_SD_Card_C++/system/build/bao_delay_09c3a55a.o
                0x60060cb0                millis
 .text.delay_ms
                0x60060cf0       0x3c C:/Users/armstrongsubero/Desktop/Products/06_Dabao_Book/Baochip_ws/20_SD_Card_C++/system/build/bao_delay_09c3a55a.o
                0x60060cf0                delay_ms
 .text.print_unsigned
                0x60060d2c       0x86 C:/Users/armstrongsubero/Desktop/Products/06_Dabao_Book/Baochip_ws/20_SD_Card_C++/system/build/bao_stdio_b6cd46e2.o
 .text.mini_printf
                0x60060db2      0x14c C:/Users/armstrongsubero/Desktop/Products/06_Dabao_Book/Baochip_ws/20_SD_Card_C++/system/build/bao_stdio_b6cd46e2.o
                0x60060db2                mini_printf
 .text.memcpy   0x60060efe       0x1c C:/Users/armstrongsubero/Desktop/Products/06_Dabao_Book/Baochip_ws/20_SD_Card_C++/system/build/bao_stdlib_51aafccb.o
                0x60060efe                memcpy
 .text.memset   0x60060f1a       0x12 C:/Users/armstrongsubero/Desktop/Products/06_Dabao_Book/Baochip_ws/20_SD_Card_C++/system/build/bao_stdlib_51aafccb.o
                0x60060f1a                memset
 .text.memcmp   0x60060f2c       0x80 C:/Users/armstrongsubero/Desktop/Products/06_Dabao_Book/Baochip_ws/20_SD_Card_C++/system/build/bao_stdlib_51aafccb.o
                0x60060f2c                memcmp
 .text.strchr   0x60060fac       0x20 C:/Users/armstrongsubero/Desktop/Products/06_Dabao_Book/Baochip_ws/20_SD_Card_C++/system/build/bao_stdlib_51aafccb.o
                0x60060fac                strchr
 .text.setup_default_uart
                0x60060fcc        0xc C:/Users/armstrongsubero/Desktop/Products/06_Dabao_Book/Baochip_ws/20_SD_Card_C++/system/build/bao_stdlib_51aafccb.o
                0x60060fcc                setup_default_uart
 .text.bao_init
                0x60060fd8        0xe C:/Users/armstrongsubero/Desktop/Products/06_Dabao_Book/Baochip_ws/20_SD_Card_C++/system/build/bao_stdlib_51aafccb.o
                0x60060fd8                bao_init
 .text.pin_mode
                0x60060fe6       0x90 C:/Users/armstrongsubero/Desktop/Products/06_Dabao_Book/Baochip_ws/20_SD_Card_C++/system/build/rovari_gpio_6fb6af80.o
                0x60060fe6                pin_mode
 .text.pin_toggle
                0x60061076       0x46 C:/Users/armstrongsubero/Desktop/Products/06_Dabao_Book/Baochip_ws/20_SD_Card_C++/system/build/rovari_gpio_6fb6af80.o
                0x60061076                pin_toggle
 .text.startup.main
                0x600610bc       0x14 C:/Users/armstrongsubero/Desktop/Products/06_Dabao_Book/Baochip_ws/20_SD_Card_C++/system/build/rovari_main_620c9b9a.o
                0x600610bc                main
 .text.copy_clipped
                0x600610d0       0x2c C:/Users/armstrongsubero/Desktop/Products/06_Dabao_Book/Baochip_ws/20_SD_Card_C++/system/build/sevs_assert_target_1358f0b7.o
 .text.sevs_target_disable_irq
                0x600610fc        0x2 C:/Users/armstrongsubero/Desktop/Products/06_Dabao_Book/Baochip_ws/20_SD_Card_C++/system/build/sevs_assert_target_1358f0b7.o
                0x600610fc                sevs_target_disable_irq
 .text.sevs_target_uart_write_str
                0x600610fe        0x2 C:/Users/armstrongsubero/Desktop/Products/06_Dabao_Book/Baochip_ws/20_SD_Card_C++/system/build/sevs_assert_target_1358f0b7.o
                0x600610fe                sevs_target_uart_write_str
 .text.sevs_target_halt
                0x60061100        0x2 C:/Users/armstrongsubero/Desktop/Products/06_Dabao_Book/Baochip_ws/20_SD_Card_C++/system/build/sevs_assert_target_1358f0b7.o
                0x60061100                sevs_target_halt
 .text.sevs_assert_fail
                0x60061102      0x2cc C:/Users/armstrongsubero/Desktop/Products/06_Dabao_Book/Baochip_ws/20_SD_Card_C++/system/build/sevs_assert_target_1358f0b7.o
                0x60061102                sevs_assert_fail
 .text.ld_32    0x600613ce       0x1e C:/Users/armstrongsubero/Desktop/Products/06_Dabao_Book/Baochip_ws/20_SD_Card_C++/system/build/ff_a0f070b4.o
 .text.clst2sect
                0x600613ec       0x1e C:/Users/armstrongsubero/Desktop/Products/06_Dabao_Book/Baochip_ws/20_SD_Card_C++/system/build/ff_a0f070b4.o
 .text.get_ldnumber
                0x6006140a       0x3e C:/Users/armstrongsubero/Desktop/Products/06_Dabao_Book/Baochip_ws/20_SD_Card_C++/system/build/ff_a0f070b4.o
 .text.validate
                0x60061448       0x4a C:/Users/armstrongsubero/Desktop/Products/06_Dabao_Book/Baochip_ws/20_SD_Card_C++/system/build/ff_a0f070b4.o
 .text.sync_window
                0x60061492       0x5e C:/Users/armstrongsubero/Desktop/Products/06_Dabao_Book/Baochip_ws/20_SD_Card_C++/system/build/ff_a0f070b4.o
 .text.st_clust
                0x600614f0       0x26 C:/Users/armstrongsubero/Desktop/Products/06_Dabao_Book/Baochip_ws/20_SD_Card_C++/system/build/ff_a0f070b4.o
 .text.move_window
                0x60061516       0x3c C:/Users/armstrongsubero/Desktop/Products/06_Dabao_Book/Baochip_ws/20_SD_Card_C++/system/build/ff_a0f070b4.o
 .text.check_fs
                0x60061552       0xf2 C:/Users/armstrongsubero/Desktop/Products/06_Dabao_Book/Baochip_ws/20_SD_Card_C++/system/build/ff_a0f070b4.o
 .text.put_fat  0x60061644      0x12a C:/Users/armstrongsubero/Desktop/Products/06_Dabao_Book/Baochip_ws/20_SD_Card_C++/system/build/ff_a0f070b4.o
 .text.dir_clear
                0x6006176e       0x6a C:/Users/armstrongsubero/Desktop/Products/06_Dabao_Book/Baochip_ws/20_SD_Card_C++/system/build/ff_a0f070b4.o
 .text.mount_volume
                0x600617d8      0x2b0 C:/Users/armstrongsubero/Desktop/Products/06_Dabao_Book/Baochip_ws/20_SD_Card_C++/system/build/ff_a0f070b4.o
 .text.get_fileinfo.part.0.constprop.0.isra.0
                0x60061a88       0x92 C:/Users/armstrongsubero/Desktop/Products/06_Dabao_Book/Baochip_ws/20_SD_Card_C++/system/build/ff_a0f070b4.o
 .text.ld_clust.isra.0
                0x60061b1a       0x28 C:/Users/armstrongsubero/Desktop/Products/06_Dabao_Book/Baochip_ws/20_SD_Card_C++/system/build/ff_a0f070b4.o
 .text.get_fat.isra.0
                0x60061b42       0xdc C:/Users/armstrongsubero/Desktop/Products/06_Dabao_Book/Baochip_ws/20_SD_Card_C++/system/build/ff_a0f070b4.o
 .text.dir_sdi.constprop.0
                0x60061c1e       0xa6 C:/Users/armstrongsubero/Desktop/Products/06_Dabao_Book/Baochip_ws/20_SD_Card_C++/system/build/ff_a0f070b4.o
 .text.remove_chain
                0x60061cc4       0x96 C:/Users/armstrongsubero/Desktop/Products/06_Dabao_Book/Baochip_ws/20_SD_Card_C++/system/build/ff_a0f070b4.o
 .text.create_chain
                0x60061d5a      0x112 C:/Users/armstrongsubero/Desktop/Products/06_Dabao_Book/Baochip_ws/20_SD_Card_C++/system/build/ff_a0f070b4.o
 .text.dir_next
                0x60061e6c       0xd0 C:/Users/armstrongsubero/Desktop/Products/06_Dabao_Book/Baochip_ws/20_SD_Card_C++/system/build/ff_a0f070b4.o
 .text.follow_path
                0x60061f3c      0x1ec C:/Users/armstrongsubero/Desktop/Products/06_Dabao_Book/Baochip_ws/20_SD_Card_C++/system/build/ff_a0f070b4.o
 .text.dir_read.constprop.0
                0x60062128       0x78 C:/Users/armstrongsubero/Desktop/Products/06_Dabao_Book/Baochip_ws/20_SD_Card_C++/system/build/ff_a0f070b4.o
 .text.dir_register
                0x600621a0       0x82 C:/Users/armstrongsubero/Desktop/Products/06_Dabao_Book/Baochip_ws/20_SD_Card_C++/system/build/ff_a0f070b4.o
 .text.sync_fs  0x60062222       0xe0 C:/Users/armstrongsubero/Desktop/Products/06_Dabao_Book/Baochip_ws/20_SD_Card_C++/system/build/ff_a0f070b4.o
 .text.f_mount  0x60062302       0x4c C:/Users/armstrongsubero/Desktop/Products/06_Dabao_Book/Baochip_ws/20_SD_Card_C++/system/build/ff_a0f070b4.o
                0x60062302                f_mount
 .text.f_open   0x6006234e      0x1e2 C:/Users/armstrongsubero/Desktop/Products/06_Dabao_Book/Baochip_ws/20_SD_Card_C++/system/build/ff_a0f070b4.o
                0x6006234e                f_open
 .text.f_read   0x60062530      0x16c C:/Users/armstrongsubero/Desktop/Products/06_Dabao_Book/Baochip_ws/20_SD_Card_C++/system/build/ff_a0f070b4.o
                0x60062530                f_read
 .text.f_write  0x6006269c      0x1b2 C:/Users/armstrongsubero/Desktop/Products/06_Dabao_Book/Baochip_ws/20_SD_Card_C++/system/build/ff_a0f070b4.o
                0x6006269c                f_write
 .text.f_sync   0x6006284e       0xa4 C:/Users/armstrongsubero/Desktop/Products/06_Dabao_Book/Baochip_ws/20_SD_Card_C++/system/build/ff_a0f070b4.o
                0x6006284e                f_sync
 .text.f_close  0x600628f2       0x26 C:/Users/armstrongsubero/Desktop/Products/06_Dabao_Book/Baochip_ws/20_SD_Card_C++/system/build/ff_a0f070b4.o
                0x600628f2                f_close
 .text.f_opendir
                0x60062918       0x70 C:/Users/armstrongsubero/Desktop/Products/06_Dabao_Book/Baochip_ws/20_SD_Card_C++/system/build/ff_a0f070b4.o
                0x60062918                f_opendir
 .text.f_closedir
                0x60062988       0x1c C:/Users/armstrongsubero/Desktop/Products/06_Dabao_Book/Baochip_ws/20_SD_Card_C++/system/build/ff_a0f070b4.o
                0x60062988                f_closedir
 .text.f_readdir
                0x600629a4       0x6c C:/Users/armstrongsubero/Desktop/Products/06_Dabao_Book/Baochip_ws/20_SD_Card_C++/system/build/ff_a0f070b4.o
                0x600629a4                f_readdir
 .text.spi_wait
                0x60062a10       0x28 C:/Users/armstrongsubero/Desktop/Products/06_Dabao_Book/Baochip_ws/20_SD_Card_C++/system/build/diskio_51b23938.o
 .text.spi_full_duplex
                0x60062a38       0x76 C:/Users/armstrongsubero/Desktop/Products/06_Dabao_Book/Baochip_ws/20_SD_Card_C++/system/build/diskio_51b23938.o
 .text.dly_100us
                0x60062aae       0x1e C:/Users/armstrongsubero/Desktop/Products/06_Dabao_Book/Baochip_ws/20_SD_Card_C++/system/build/diskio_51b23938.o
 .text.sd_crc7.constprop.0
                0x60062acc       0x40 C:/Users/armstrongsubero/Desktop/Products/06_Dabao_Book/Baochip_ws/20_SD_Card_C++/system/build/diskio_51b23938.o
 .text.sd_send_cmd_r7
                0x60062b0c       0xa6 C:/Users/armstrongsubero/Desktop/Products/06_Dabao_Book/Baochip_ws/20_SD_Card_C++/system/build/diskio_51b23938.o
 .text.sd_send_cmd
                0x60062bb2       0xaa C:/Users/armstrongsubero/Desktop/Products/06_Dabao_Book/Baochip_ws/20_SD_Card_C++/system/build/diskio_51b23938.o
 .text.disk_status
                0x60062c5c        0xa C:/Users/armstrongsubero/Desktop/Products/06_Dabao_Book/Baochip_ws/20_SD_Card_C++/system/build/diskio_51b23938.o
                0x60062c5c                disk_status
 .text.disk_initialize
                0x60062c66      0x182 C:/Users/armstrongsubero/Desktop/Products/06_Dabao_Book/Baochip_ws/20_SD_Card_C++/system/build/diskio_51b23938.o
                0x60062c66                disk_initialize
 .text.disk_read
                0x60062de8      0x13c C:/Users/armstrongsubero/Desktop/Products/06_Dabao_Book/Baochip_ws/20_SD_Card_C++/system/build/diskio_51b23938.o
                0x60062de8                disk_read
 .text.disk_write
                0x60062f24      0x1a2 C:/Users/armstrongsubero/Desktop/Products/06_Dabao_Book/Baochip_ws/20_SD_Card_C++/system/build/diskio_51b23938.o
                0x60062f24                disk_write
 .text.disk_ioctl
                0x600630c6       0x36 C:/Users/armstrongsubero/Desktop/Products/06_Dabao_Book/Baochip_ws/20_SD_Card_C++/system/build/diskio_51b23938.o
                0x600630c6                disk_ioctl
 .text.__libc_init_array
                0x600630fc       0x5e C:/Users/armstrongsubero/Desktop/Products/02_Rovari_Studio/Rovari_System_Studio/toolchain/bin/../lib/gcc/riscv-none-elf/15.2.0/../../../../riscv-none-elf/lib\libc_nano.a(libc_a-init.o)
                0x600630fc                __libc_init_array
 *(.rodata .rodata.*)
 *fill*         0x6006315a        0x2 
 .rodata.app_init.str1.4
                0x6006315c      0x4a3 C:/Users/armstrongsubero/Desktop/Products/06_Dabao_Book/Baochip_ws/20_SD_Card_C++/system/build/app_eded05d5.o
                                0x14f (size before relaxing)
 .rodata.gpio_set_function.str1.4
                0x600635ff        0x0 C:/Users/armstrongsubero/Desktop/Products/06_Dabao_Book/Baochip_ws/20_SD_Card_C++/system/build/bao1x_gpio_9054eec4.o
                                 0xa4 (size before relaxing)
 *fill*         0x600635ff        0x1 
 .rodata.__PRETTY_FUNCTION__.6
                0x60063600       0x13 C:/Users/armstrongsubero/Desktop/Products/06_Dabao_Book/Baochip_ws/20_SD_Card_C++/system/build/bao1x_gpio_9054eec4.o
 *fill*         0x60063613        0x1 
 .rodata.__PRETTY_FUNCTION__.7
                0x60063614        0xd C:/Users/armstrongsubero/Desktop/Products/06_Dabao_Book/Baochip_ws/20_SD_Card_C++/system/build/bao1x_gpio_9054eec4.o
 *fill*         0x60063621        0x3 
 .rodata.__PRETTY_FUNCTION__.8
                0x60063624        0xc C:/Users/armstrongsubero/Desktop/Products/06_Dabao_Book/Baochip_ws/20_SD_Card_C++/system/build/bao1x_gpio_9054eec4.o
 .rodata.__PRETTY_FUNCTION__.11
                0x60063630        0xd C:/Users/armstrongsubero/Desktop/Products/06_Dabao_Book/Baochip_ws/20_SD_Card_C++/system/build/bao1x_gpio_9054eec4.o
 *fill*         0x6006363d        0x3 
 .rodata.__PRETTY_FUNCTION__.12
                0x60063640        0xa C:/Users/armstrongsubero/Desktop/Products/06_Dabao_Book/Baochip_ws/20_SD_Card_C++/system/build/bao1x_gpio_9054eec4.o
 *fill*         0x6006364a        0x2 
 .rodata.__PRETTY_FUNCTION__.13
                0x6006364c       0x12 C:/Users/armstrongsubero/Desktop/Products/06_Dabao_Book/Baochip_ws/20_SD_Card_C++/system/build/bao1x_gpio_9054eec4.o
 .rodata.uart_init.str1.4
                0x6006365e        0x0 C:/Users/armstrongsubero/Desktop/Products/06_Dabao_Book/Baochip_ws/20_SD_Card_C++/system/build/bao1x_uart_2b9c0ebf.o
                                 0xa6 (size before relaxing)
 .rodata.uart_write.str1.4
                0x6006365e        0x0 C:/Users/armstrongsubero/Desktop/Products/06_Dabao_Book/Baochip_ws/20_SD_Card_C++/system/build/bao1x_uart_2b9c0ebf.o
                                  0xf (size before relaxing)
 *fill*         0x6006365e        0x2 
 .rodata.__PRETTY_FUNCTION__.4
                0x60063660        0xa C:/Users/armstrongsubero/Desktop/Products/06_Dabao_Book/Baochip_ws/20_SD_Card_C++/system/build/bao1x_uart_2b9c0ebf.o
 *fill*         0x6006366a        0x2 
 .rodata.__PRETTY_FUNCTION__.5
                0x6006366c        0xb C:/Users/armstrongsubero/Desktop/Products/06_Dabao_Book/Baochip_ws/20_SD_Card_C++/system/build/bao1x_uart_2b9c0ebf.o
 *fill*         0x60063677        0x1 
 .rodata.__PRETTY_FUNCTION__.6
                0x60063678        0xa C:/Users/armstrongsubero/Desktop/Products/06_Dabao_Book/Baochip_ws/20_SD_Card_C++/system/build/bao1x_uart_2b9c0ebf.o
 *fill*         0x60063682        0x2 
 .rodata.uart_cg
                0x60063684       0x10 C:/Users/armstrongsubero/Desktop/Products/06_Dabao_Book/Baochip_ws/20_SD_Card_C++/system/build/bao1x_uart_2b9c0ebf.o
 .rodata.uart_base
                0x60063694       0x10 C:/Users/armstrongsubero/Desktop/Products/06_Dabao_Book/Baochip_ws/20_SD_Card_C++/system/build/bao1x_uart_2b9c0ebf.o
 .rodata.irq_array_base
                0x600636a4       0x50 C:/Users/armstrongsubero/Desktop/Products/06_Dabao_Book/Baochip_ws/20_SD_Card_C++/system/build/bao1x_irq_bff3f790.o
 .rodata.mini_printf.str1.4
                0x600636f4        0x0 C:/Users/armstrongsubero/Desktop/Products/06_Dabao_Book/Baochip_ws/20_SD_Card_C++/system/build/bao_stdio_b6cd46e2.o
                                 0x86 (size before relaxing)
 .rodata.__PRETTY_FUNCTION__.0
                0x600636f4        0xc C:/Users/armstrongsubero/Desktop/Products/06_Dabao_Book/Baochip_ws/20_SD_Card_C++/system/build/bao_stdio_b6cd46e2.o
 .rodata.memcmp.str1.4
                0x60063700        0x0 C:/Users/armstrongsubero/Desktop/Products/06_Dabao_Book/Baochip_ws/20_SD_Card_C++/system/build/bao_stdlib_51aafccb.o
                                 0x90 (size before relaxing)
 .rodata.pin_mode.str1.4
                0x60063700        0x0 C:/Users/armstrongsubero/Desktop/Products/06_Dabao_Book/Baochip_ws/20_SD_Card_C++/system/build/rovari_gpio_6fb6af80.o
                                 0x89 (size before relaxing)
 .rodata.__PRETTY_FUNCTION__.0
                0x60063700        0xb C:/Users/armstrongsubero/Desktop/Products/06_Dabao_Book/Baochip_ws/20_SD_Card_C++/system/build/rovari_gpio_6fb6af80.o
 *fill*         0x6006370b        0x1 
 .rodata.__PRETTY_FUNCTION__.3
                0x6006370c        0x9 C:/Users/armstrongsubero/Desktop/Products/06_Dabao_Book/Baochip_ws/20_SD_Card_C++/system/build/rovari_gpio_6fb6af80.o
 .rodata.sevs_assert_fail.str1.4
                0x60063715        0x0 C:/Users/armstrongsubero/Desktop/Products/06_Dabao_Book/Baochip_ws/20_SD_Card_C++/system/build/sevs_assert_target_1358f0b7.o
                                 0x17 (size before relaxing)
 .rodata.str1.4
                0x60063715        0x0 C:/Users/armstrongsubero/Desktop/Products/06_Dabao_Book/Baochip_ws/20_SD_Card_C++/system/build/sevs_assert_target_1358f0b7.o
                                 0x28 (size before relaxing)
 *fill*         0x60063715        0x3 
 .rodata.CSWTCH.27
                0x60063718       0x10 C:/Users/armstrongsubero/Desktop/Products/06_Dabao_Book/Baochip_ws/20_SD_Card_C++/system/build/sevs_assert_target_1358f0b7.o
 .rodata.check_fs.str1.4
                0x60063728        0x0 C:/Users/armstrongsubero/Desktop/Products/06_Dabao_Book/Baochip_ws/20_SD_Card_C++/system/build/ff_a0f070b4.o
                                  0x9 (size before relaxing)
 .rodata.follow_path.str1.4
                0x60063728        0x0 C:/Users/armstrongsubero/Desktop/Products/06_Dabao_Book/Baochip_ws/20_SD_Card_C++/system/build/ff_a0f070b4.o
                                  0xf (size before relaxing)
 .rodata.ExCvt  0x60063728       0x80 C:/Users/armstrongsubero/Desktop/Products/06_Dabao_Book/Baochip_ws/20_SD_Card_C++/system/build/ff_a0f070b4.o
                0x600637a8                        . = ALIGN (0x4)

.srodata.__PRETTY_FUNCTION__.0
                0x600637a8        0x7
 .srodata.__PRETTY_FUNCTION__.0
                0x600637a8        0x7 C:/Users/armstrongsubero/Desktop/Products/06_Dabao_Book/Baochip_ws/20_SD_Card_C++/system/build/bao_stdlib_51aafccb.o

.rela.dyn       0x600637b0        0x0
 .rela.text.start
                0x600637b0        0x0 C:/Users/armstrongsubero/Desktop/Products/06_Dabao_Book/Baochip_ws/20_SD_Card_C++/system/build/app_eded05d5.o
 .rela.text.__libc_init_array
                0x600637b0        0x0 C:/Users/armstrongsubero/Desktop/Products/06_Dabao_Book/Baochip_ws/20_SD_Card_C++/system/build/app_eded05d5.o

.preinit_array  0x600637b0        0x0
                0x600637b0                        PROVIDE (__preinit_array_start = .)
 *(.preinit_array*)
                0x600637b0                        PROVIDE (__preinit_array_end = .)

.init_array     0x600637b0        0x4
                0x600637b0                        PROVIDE (__init_array_start = .)
 *(SORT_BY_NAME(.init_array.*))
 *(.init_array*)
 .init_array    0x600637b0        0x4 C:/Users/armstrongsubero/Desktop/Products/06_Dabao_Book/Baochip_ws/20_SD_Card_C++/system/build/app_eded05d5.o
                0x600637b4                        PROVIDE (__init_array_end = .)

.fini_array     0x600637b4        0x0
                [!provide]                        PROVIDE (__fini_array_start = .)
 *(SORT_BY_NAME(.fini_array.*))
 *(.fini_array*)
                [!provide]                        PROVIDE (__fini_array_end = .)

.data           0x61000000        0x8 load address 0x600637b4
                0x61000000                        _data_start = .
 *(.data .data.*)
 *(.sdata .sdata.*)
 .sdata.Stat    0x61000000        0x1 C:/Users/armstrongsubero/Desktop/Products/06_Dabao_Book/Baochip_ws/20_SD_Card_C++/system/build/diskio_51b23938.o
 *fill*         0x61000001        0x3 
 .sdata.sd_clkdiv
                0x61000004        0x4 C:/Users/armstrongsubero/Desktop/Products/06_Dabao_Book/Baochip_ws/20_SD_Card_C++/system/build/diskio_51b23938.o
                0x61000008                        . = ALIGN (0x4)
                0x61000008                        _data_end = .
                0x600637b4                        _data_lma = LOADADDR (.data)

.bss            0x61000008      0x330 load address 0x600637bc
                0x61000008                        _bss_start = .
 *(.bss .bss.*)
 .bss._ZL3fno   0x61000008       0x18 C:/Users/armstrongsubero/Desktop/Products/06_Dabao_Book/Baochip_ws/20_SD_Card_C++/system/build/app_eded05d5.o
 .bss._ZL3dir   0x61000020       0x2c C:/Users/armstrongsubero/Desktop/Products/06_Dabao_Book/Baochip_ws/20_SD_Card_C++/system/build/app_eded05d5.o
 .bss._ZL3fil   0x6100004c       0x28 C:/Users/armstrongsubero/Desktop/Products/06_Dabao_Book/Baochip_ws/20_SD_Card_C++/system/build/app_eded05d5.o
 .bss._ZL2fs    0x61000074      0x230 C:/Users/armstrongsubero/Desktop/Products/06_Dabao_Book/Baochip_ws/20_SD_Card_C++/system/build/app_eded05d5.o
 .bss.irq_handlers
                0x610002a4       0x7c C:/Users/armstrongsubero/Desktop/Products/06_Dabao_Book/Baochip_ws/20_SD_Card_C++/system/build/bao1x_irq_bff3f790.o
 *(.sbss .sbss.*)
 .sbss.led      0x61000320        0x1 C:/Users/armstrongsubero/Desktop/Products/06_Dabao_Book/Baochip_ws/20_SD_Card_C++/system/build/app_eded05d5.o
                0x61000320                led
 *fill*         0x61000321        0x3 
 .sbss.s_perclk
                0x61000324        0x4 C:/Users/armstrongsubero/Desktop/Products/06_Dabao_Book/Baochip_ws/20_SD_Card_C++/system/build/bao1x_uart_2b9c0ebf.o
 .sbss.s_ticktimer_initialized
                0x61000328        0x4 C:/Users/armstrongsubero/Desktop/Products/06_Dabao_Book/Baochip_ws/20_SD_Card_C++/system/build/bao_delay_09c3a55a.o
 .sbss.Fsid     0x6100032c        0x2 C:/Users/armstrongsubero/Desktop/Products/06_Dabao_Book/Baochip_ws/20_SD_Card_C++/system/build/ff_a0f070b4.o
 *fill*         0x6100032e        0x2 
 .sbss.FatFs    0x61000330        0x4 C:/Users/armstrongsubero/Desktop/Products/06_Dabao_Book/Baochip_ws/20_SD_Card_C++/system/build/ff_a0f070b4.o
 .sbss.CardType
                0x61000334        0x1 C:/Users/armstrongsubero/Desktop/Products/06_Dabao_Book/Baochip_ws/20_SD_Card_C++/system/build/diskio_51b23938.o
 *(COMMON)
                0x61000338                        . = ALIGN (0x4)
 *fill*         0x61000335        0x3 
                0x61000338                        _bss_end = .

.dma_buffers    0x50000000     0x1570
                0x50000000                        _dma_start = .
 *(.dma_buffers .dma_buffers.*)
 .dma_buffers   0x50000000      0x100 C:/Users/armstrongsubero/Desktop/Products/06_Dabao_Book/Baochip_ws/20_SD_Card_C++/system/build/bao1x_uart_2b9c0ebf.o
 .dma_buffers   0x50000100     0x1470 C:/Users/armstrongsubero/Desktop/Products/06_Dabao_Book/Baochip_ws/20_SD_Card_C++/system/build/diskio_51b23938.o
                0x50001570                        . = ALIGN (0x4)
                0x50001570                        _dma_end = .
                0x61000800                        __global_pointer$ = (_data_start + 0x800)

.stack          0x61000338     0x2000
                0x61002338                        . = (. + _stack_size)
 *fill*         0x61000338     0x2000 

/DISCARD/
 *(.comment)
 *(.note.*)
 *(.eh_frame*)
OUTPUT(system\build\app.elf elf32-littleriscv)

.riscv.attributes
                0x00000000       0x67
 .riscv.attributes
                0x00000000       0x63 C:/Users/armstrongsubero/Desktop/Products/06_Dabao_Book/Baochip_ws/20_SD_Card_C++/system/build/app_eded05d5.o
 .riscv.attributes
                0x00000063       0x65 C:/Users/armstrongsubero/Desktop/Products/06_Dabao_Book/Baochip_ws/20_SD_Card_C++/system/build/startup_88ac6242.o
 .riscv.attributes
                0x000000c8       0x63 C:/Users/armstrongsubero/Desktop/Products/06_Dabao_Book/Baochip_ws/20_SD_Card_C++/system/build/bao1x_gpio_9054eec4.o
 .riscv.attributes
                0x0000012b       0x63 C:/Users/armstrongsubero/Desktop/Products/06_Dabao_Book/Baochip_ws/20_SD_Card_C++/system/build/bao1x_uart_2b9c0ebf.o
 .riscv.attributes
                0x0000018e       0x67 C:/Users/armstrongsubero/Desktop/Products/06_Dabao_Book/Baochip_ws/20_SD_Card_C++/system/build/bao1x_irq_bff3f790.o
 .riscv.attributes
                0x000001f5       0x63 C:/Users/armstrongsubero/Desktop/Products/06_Dabao_Book/Baochip_ws/20_SD_Card_C++/system/build/bao_delay_09c3a55a.o
 .riscv.attributes
                0x00000258       0x63 C:/Users/armstrongsubero/Desktop/Products/06_Dabao_Book/Baochip_ws/20_SD_Card_C++/system/build/bao_stdio_b6cd46e2.o
 .riscv.attributes
                0x000002bb       0x67 C:/Users/armstrongsubero/Desktop/Products/06_Dabao_Book/Baochip_ws/20_SD_Card_C++/system/build/bao_stdlib_51aafccb.o
 .riscv.attributes
                0x00000322       0x63 C:/Users/armstrongsubero/Desktop/Products/06_Dabao_Book/Baochip_ws/20_SD_Card_C++/system/build/rovari_gpio_6fb6af80.o
 .riscv.attributes
                0x00000385       0x63 C:/Users/armstrongsubero/Desktop/Products/06_Dabao_Book/Baochip_ws/20_SD_Card_C++/system/build/rovari_main_620c9b9a.o
 .riscv.attributes
                0x000003e8       0x63 C:/Users/armstrongsubero/Desktop/Products/06_Dabao_Book/Baochip_ws/20_SD_Card_C++/system/build/sevs_assert_target_1358f0b7.o
 .riscv.attributes
                0x0000044b       0x63 C:/Users/armstrongsubero/Desktop/Products/06_Dabao_Book/Baochip_ws/20_SD_Card_C++/system/build/ff_a0f070b4.o
 .riscv.attributes
                0x000004ae       0x63 C:/Users/armstrongsubero/Desktop/Products/06_Dabao_Book/Baochip_ws/20_SD_Card_C++/system/build/diskio_51b23938.o
 .riscv.attributes
                0x00000511       0x4e C:/Users/armstrongsubero/Desktop/Products/02_Rovari_Studio/Rovari_System_Studio/toolchain/bin/../lib/gcc/riscv-none-elf/15.2.0/../../../../riscv-none-elf/lib\libc_nano.a(libc_a-init.o)

.debug_info     0x00000000     0x8786
 .debug_info    0x00000000      0xc37 C:/Users/armstrongsubero/Desktop/Products/06_Dabao_Book/Baochip_ws/20_SD_Card_C++/system/build/app_eded05d5.o
 .debug_info    0x00000c37       0x25 C:/Users/armstrongsubero/Desktop/Products/06_Dabao_Book/Baochip_ws/20_SD_Card_C++/system/build/startup_88ac6242.o
 .debug_info    0x00000c5c      0xf5a C:/Users/armstrongsubero/Desktop/Products/06_Dabao_Book/Baochip_ws/20_SD_Card_C++/system/build/bao1x_gpio_9054eec4.o
 .debug_info    0x00001bb6      0xea6 C:/Users/armstrongsubero/Desktop/Products/06_Dabao_Book/Baochip_ws/20_SD_Card_C++/system/build/bao1x_uart_2b9c0ebf.o
 .debug_info    0x00002a5c      0x5c6 C:/Users/armstrongsubero/Desktop/Products/06_Dabao_Book/Baochip_ws/20_SD_Card_C++/system/build/bao1x_irq_bff3f790.o
 .debug_info    0x00003022      0x20c C:/Users/armstrongsubero/Desktop/Products/06_Dabao_Book/Baochip_ws/20_SD_Card_C++/system/build/bao_delay_09c3a55a.o
 .debug_info    0x0000322e      0x330 C:/Users/armstrongsubero/Desktop/Products/06_Dabao_Book/Baochip_ws/20_SD_Card_C++/system/build/bao_stdio_b6cd46e2.o
 .debug_info    0x0000355e      0x4b1 C:/Users/armstrongsubero/Desktop/Products/06_Dabao_Book/Baochip_ws/20_SD_Card_C++/system/build/bao_stdlib_51aafccb.o
 .debug_info    0x00003a0f      0x5e6 C:/Users/armstrongsubero/Desktop/Products/06_Dabao_Book/Baochip_ws/20_SD_Card_C++/system/build/rovari_gpio_6fb6af80.o
 .debug_info    0x00003ff5       0xc8 C:/Users/armstrongsubero/Desktop/Products/06_Dabao_Book/Baochip_ws/20_SD_Card_C++/system/build/rovari_main_620c9b9a.o
 .debug_info    0x000040bd      0x55d C:/Users/armstrongsubero/Desktop/Products/06_Dabao_Book/Baochip_ws/20_SD_Card_C++/system/build/sevs_assert_target_1358f0b7.o
 .debug_info    0x0000461a     0x3437 C:/Users/armstrongsubero/Desktop/Products/06_Dabao_Book/Baochip_ws/20_SD_Card_C++/system/build/ff_a0f070b4.o
 .debug_info    0x00007a51      0xd35 C:/Users/armstrongsubero/Desktop/Products/06_Dabao_Book/Baochip_ws/20_SD_Card_C++/system/build/diskio_51b23938.o

.debug_abbrev   0x00000000     0x1bf0
 .debug_abbrev  0x00000000      0x3ba C:/Users/armstrongsubero/Desktop/Products/06_Dabao_Book/Baochip_ws/20_SD_Card_C++/system/build/app_eded05d5.o
 .debug_abbrev  0x000003ba       0x14 C:/Users/armstrongsubero/Desktop/Products/06_Dabao_Book/Baochip_ws/20_SD_Card_C++/system/build/startup_88ac6242.o
 .debug_abbrev  0x000003ce      0x1ff C:/Users/armstrongsubero/Desktop/Products/06_Dabao_Book/Baochip_ws/20_SD_Card_C++/system/build/bao1x_gpio_9054eec4.o
 .debug_abbrev  0x000005cd      0x3f7 C:/Users/armstrongsubero/Desktop/Products/06_Dabao_Book/Baochip_ws/20_SD_Card_C++/system/build/bao1x_uart_2b9c0ebf.o
 .debug_abbrev  0x000009c4      0x273 C:/Users/armstrongsubero/Desktop/Products/06_Dabao_Book/Baochip_ws/20_SD_Card_C++/system/build/bao1x_irq_bff3f790.o
 .debug_abbrev  0x00000c37      0x121 C:/Users/armstrongsubero/Desktop/Products/06_Dabao_Book/Baochip_ws/20_SD_Card_C++/system/build/bao_delay_09c3a55a.o
 .debug_abbrev  0x00000d58      0x180 C:/Users/armstrongsubero/Desktop/Products/06_Dabao_Book/Baochip_ws/20_SD_Card_C++/system/build/bao_stdio_b6cd46e2.o
 .debug_abbrev  0x00000ed8      0x1b1 C:/Users/armstrongsubero/Desktop/Products/06_Dabao_Book/Baochip_ws/20_SD_Card_C++/system/build/bao_stdlib_51aafccb.o
 .debug_abbrev  0x00001089      0x179 C:/Users/armstrongsubero/Desktop/Products/06_Dabao_Book/Baochip_ws/20_SD_Card_C++/system/build/rovari_gpio_6fb6af80.o
 .debug_abbrev  0x00001202       0x61 C:/Users/armstrongsubero/Desktop/Products/06_Dabao_Book/Baochip_ws/20_SD_Card_C++/system/build/rovari_main_620c9b9a.o
 .debug_abbrev  0x00001263      0x283 C:/Users/armstrongsubero/Desktop/Products/06_Dabao_Book/Baochip_ws/20_SD_Card_C++/system/build/sevs_assert_target_1358f0b7.o
 .debug_abbrev  0x000014e6      0x39a C:/Users/armstrongsubero/Desktop/Products/06_Dabao_Book/Baochip_ws/20_SD_Card_C++/system/build/ff_a0f070b4.o
 .debug_abbrev  0x00001880      0x370 C:/Users/armstrongsubero/Desktop/Products/06_Dabao_Book/Baochip_ws/20_SD_Card_C++/system/build/diskio_51b23938.o

.debug_loclists
                0x00000000     0x520a
 .debug_loclists
                0x00000000       0x9a C:/Users/armstrongsubero/Desktop/Products/06_Dabao_Book/Baochip_ws/20_SD_Card_C++/system/build/app_eded05d5.o
 .debug_loclists
                0x0000009a      0x87e C:/Users/armstrongsubero/Desktop/Products/06_Dabao_Book/Baochip_ws/20_SD_Card_C++/system/build/bao1x_gpio_9054eec4.o
 .debug_loclists
                0x00000918      0x819 C:/Users/armstrongsubero/Desktop/Products/06_Dabao_Book/Baochip_ws/20_SD_Card_C++/system/build/bao1x_uart_2b9c0ebf.o
 .debug_loclists
                0x00001131      0x135 C:/Users/armstrongsubero/Desktop/Products/06_Dabao_Book/Baochip_ws/20_SD_Card_C++/system/build/bao1x_irq_bff3f790.o
 .debug_loclists
                0x00001266       0xb2 C:/Users/armstrongsubero/Desktop/Products/06_Dabao_Book/Baochip_ws/20_SD_Card_C++/system/build/bao_delay_09c3a55a.o
 .debug_loclists
                0x00001318      0x1d0 C:/Users/armstrongsubero/Desktop/Products/06_Dabao_Book/Baochip_ws/20_SD_Card_C++/system/build/bao_stdio_b6cd46e2.o
 .debug_loclists
                0x000014e8      0x21c C:/Users/armstrongsubero/Desktop/Products/06_Dabao_Book/Baochip_ws/20_SD_Card_C++/system/build/bao_stdlib_51aafccb.o
 .debug_loclists
                0x00001704      0x27f C:/Users/armstrongsubero/Desktop/Products/06_Dabao_Book/Baochip_ws/20_SD_Card_C++/system/build/rovari_gpio_6fb6af80.o
 .debug_loclists
                0x00001983      0x56f C:/Users/armstrongsubero/Desktop/Products/06_Dabao_Book/Baochip_ws/20_SD_Card_C++/system/build/sevs_assert_target_1358f0b7.o
 .debug_loclists
                0x00001ef2     0x2b6b C:/Users/armstrongsubero/Desktop/Products/06_Dabao_Book/Baochip_ws/20_SD_Card_C++/system/build/ff_a0f070b4.o
 .debug_loclists
                0x00004a5d      0x7ad C:/Users/armstrongsubero/Desktop/Products/06_Dabao_Book/Baochip_ws/20_SD_Card_C++/system/build/diskio_51b23938.o

.debug_aranges  0x00000000      0x498
 .debug_aranges
                0x00000000       0x30 C:/Users/armstrongsubero/Desktop/Products/06_Dabao_Book/Baochip_ws/20_SD_Card_C++/system/build/app_eded05d5.o
 .debug_aranges
                0x00000030       0x20 C:/Users/armstrongsubero/Desktop/Products/06_Dabao_Book/Baochip_ws/20_SD_Card_C++/system/build/startup_88ac6242.o
 .debug_aranges
                0x00000050       0x88 C:/Users/armstrongsubero/Desktop/Products/06_Dabao_Book/Baochip_ws/20_SD_Card_C++/system/build/bao1x_gpio_9054eec4.o
 .debug_aranges
                0x000000d8       0x70 C:/Users/armstrongsubero/Desktop/Products/06_Dabao_Book/Baochip_ws/20_SD_Card_C++/system/build/bao1x_uart_2b9c0ebf.o
 .debug_aranges
                0x00000148       0x48 C:/Users/armstrongsubero/Desktop/Products/06_Dabao_Book/Baochip_ws/20_SD_Card_C++/system/build/bao1x_irq_bff3f790.o
 .debug_aranges
                0x00000190       0x38 C:/Users/armstrongsubero/Desktop/Products/06_Dabao_Book/Baochip_ws/20_SD_Card_C++/system/build/bao_delay_09c3a55a.o
 .debug_aranges
                0x000001c8       0x28 C:/Users/armstrongsubero/Desktop/Products/06_Dabao_Book/Baochip_ws/20_SD_Card_C++/system/build/bao_stdio_b6cd46e2.o
 .debug_aranges
                0x000001f0       0x50 C:/Users/armstrongsubero/Desktop/Products/06_Dabao_Book/Baochip_ws/20_SD_Card_C++/system/build/bao_stdlib_51aafccb.o
 .debug_aranges
                0x00000240       0x38 C:/Users/armstrongsubero/Desktop/Products/06_Dabao_Book/Baochip_ws/20_SD_Card_C++/system/build/rovari_gpio_6fb6af80.o
 .debug_aranges
                0x00000278       0x20 C:/Users/armstrongsubero/Desktop/Products/06_Dabao_Book/Baochip_ws/20_SD_Card_C++/system/build/rovari_main_620c9b9a.o
 .debug_aranges
                0x00000298       0x48 C:/Users/armstrongsubero/Desktop/Products/06_Dabao_Book/Baochip_ws/20_SD_Card_C++/system/build/sevs_assert_target_1358f0b7.o
 .debug_aranges
                0x000002e0      0x148 C:/Users/armstrongsubero/Desktop/Products/06_Dabao_Book/Baochip_ws/20_SD_Card_C++/system/build/ff_a0f070b4.o
 .debug_aranges
                0x00000428       0x70 C:/Users/armstrongsubero/Desktop/Products/06_Dabao_Book/Baochip_ws/20_SD_Card_C++/system/build/diskio_51b23938.o

.debug_rnglists
                0x00000000      0x655
 .debug_rnglists
                0x00000000       0x49 C:/Users/armstrongsubero/Desktop/Products/06_Dabao_Book/Baochip_ws/20_SD_Card_C++/system/build/app_eded05d5.o
 .debug_rnglists
                0x00000049       0x6c C:/Users/armstrongsubero/Desktop/Products/06_Dabao_Book/Baochip_ws/20_SD_Card_C++/system/build/bao1x_gpio_9054eec4.o
 .debug_rnglists
                0x000000b5       0x99 C:/Users/armstrongsubero/Desktop/Products/06_Dabao_Book/Baochip_ws/20_SD_Card_C++/system/build/bao1x_uart_2b9c0ebf.o
 .debug_rnglists
                0x0000014e       0x7d C:/Users/armstrongsubero/Desktop/Products/06_Dabao_Book/Baochip_ws/20_SD_Card_C++/system/build/bao1x_irq_bff3f790.o
 .debug_rnglists
                0x000001cb       0x25 C:/Users/armstrongsubero/Desktop/Products/06_Dabao_Book/Baochip_ws/20_SD_Card_C++/system/build/bao_delay_09c3a55a.o
 .debug_rnglists
                0x000001f0       0x2d C:/Users/armstrongsubero/Desktop/Products/06_Dabao_Book/Baochip_ws/20_SD_Card_C++/system/build/bao_stdio_b6cd46e2.o
 .debug_rnglists
                0x0000021d       0x38 C:/Users/armstrongsubero/Desktop/Products/06_Dabao_Book/Baochip_ws/20_SD_Card_C++/system/build/bao_stdlib_51aafccb.o
 .debug_rnglists
                0x00000255       0x26 C:/Users/armstrongsubero/Desktop/Products/06_Dabao_Book/Baochip_ws/20_SD_Card_C++/system/build/rovari_gpio_6fb6af80.o
 .debug_rnglists
                0x0000027b       0x13 C:/Users/armstrongsubero/Desktop/Products/06_Dabao_Book/Baochip_ws/20_SD_Card_C++/system/build/rovari_main_620c9b9a.o
 .debug_rnglists
                0x0000028e       0x7c C:/Users/armstrongsubero/Desktop/Products/06_Dabao_Book/Baochip_ws/20_SD_Card_C++/system/build/sevs_assert_target_1358f0b7.o
 .debug_rnglists
                0x0000030a      0x219 C:/Users/armstrongsubero/Desktop/Products/06_Dabao_Book/Baochip_ws/20_SD_Card_C++/system/build/ff_a0f070b4.o
 .debug_rnglists
                0x00000523      0x132 C:/Users/armstrongsubero/Desktop/Products/06_Dabao_Book/Baochip_ws/20_SD_Card_C++/system/build/diskio_51b23938.o

.debug_line     0x00000000     0xa385
 .debug_line    0x00000000      0x3cc C:/Users/armstrongsubero/Desktop/Products/06_Dabao_Book/Baochip_ws/20_SD_Card_C++/system/build/app_eded05d5.o
 .debug_line    0x000003cc      0x2a8 C:/Users/armstrongsubero/Desktop/Products/06_Dabao_Book/Baochip_ws/20_SD_Card_C++/system/build/startup_88ac6242.o
 .debug_line    0x00000674      0xaf4 C:/Users/armstrongsubero/Desktop/Products/06_Dabao_Book/Baochip_ws/20_SD_Card_C++/system/build/bao1x_gpio_9054eec4.o
 .debug_line    0x00001168      0xebc C:/Users/armstrongsubero/Desktop/Products/06_Dabao_Book/Baochip_ws/20_SD_Card_C++/system/build/bao1x_uart_2b9c0ebf.o
 .debug_line    0x00002024      0x52d C:/Users/armstrongsubero/Desktop/Products/06_Dabao_Book/Baochip_ws/20_SD_Card_C++/system/build/bao1x_irq_bff3f790.o
 .debug_line    0x00002551      0x2db C:/Users/armstrongsubero/Desktop/Products/06_Dabao_Book/Baochip_ws/20_SD_Card_C++/system/build/bao_delay_09c3a55a.o
 .debug_line    0x0000282c      0x42e C:/Users/armstrongsubero/Desktop/Products/06_Dabao_Book/Baochip_ws/20_SD_Card_C++/system/build/bao_stdio_b6cd46e2.o
 .debug_line    0x00002c5a      0x364 C:/Users/armstrongsubero/Desktop/Products/06_Dabao_Book/Baochip_ws/20_SD_Card_C++/system/build/bao_stdlib_51aafccb.o
 .debug_line    0x00002fbe      0x316 C:/Users/armstrongsubero/Desktop/Products/06_Dabao_Book/Baochip_ws/20_SD_Card_C++/system/build/rovari_gpio_6fb6af80.o
 .debug_line    0x000032d4       0x91 C:/Users/armstrongsubero/Desktop/Products/06_Dabao_Book/Baochip_ws/20_SD_Card_C++/system/build/rovari_main_620c9b9a.o
 .debug_line    0x00003365      0x7fa C:/Users/armstrongsubero/Desktop/Products/06_Dabao_Book/Baochip_ws/20_SD_Card_C++/system/build/sevs_assert_target_1358f0b7.o
 .debug_line    0x00003b5f     0x53e2 C:/Users/armstrongsubero/Desktop/Products/06_Dabao_Book/Baochip_ws/20_SD_Card_C++/system/build/ff_a0f070b4.o
 .debug_line    0x00008f41     0x1444 C:/Users/armstrongsubero/Desktop/Products/06_Dabao_Book/Baochip_ws/20_SD_Card_C++/system/build/diskio_51b23938.o

.debug_str      0x00000000     0x111d
 .debug_str     0x00000000     0x111d C:/Users/armstrongsubero/Desktop/Products/06_Dabao_Book/Baochip_ws/20_SD_Card_C++/system/build/app_eded05d5.o
                                0x653 (size before relaxing)
 .debug_str     0x0000111d        0x0 C:/Users/armstrongsubero/Desktop/Products/06_Dabao_Book/Baochip_ws/20_SD_Card_C++/system/build/startup_88ac6242.o
                                 0xc1 (size before relaxing)
 .debug_str     0x0000111d        0x0 C:/Users/armstrongsubero/Desktop/Products/06_Dabao_Book/Baochip_ws/20_SD_Card_C++/system/build/bao1x_gpio_9054eec4.o
                                0x363 (size before relaxing)
 .debug_str     0x0000111d        0x0 C:/Users/armstrongsubero/Desktop/Products/06_Dabao_Book/Baochip_ws/20_SD_Card_C++/system/build/bao1x_uart_2b9c0ebf.o
                                0x44d (size before relaxing)
 .debug_str     0x0000111d        0x0 C:/Users/armstrongsubero/Desktop/Products/06_Dabao_Book/Baochip_ws/20_SD_Card_C++/system/build/bao1x_irq_bff3f790.o
                                0x31a (size before relaxing)
 .debug_str     0x0000111d        0x0 C:/Users/armstrongsubero/Desktop/Products/06_Dabao_Book/Baochip_ws/20_SD_Card_C++/system/build/bao_delay_09c3a55a.o
                                0x1f3 (size before relaxing)
 .debug_str     0x0000111d        0x0 C:/Users/armstrongsubero/Desktop/Products/06_Dabao_Book/Baochip_ws/20_SD_Card_C++/system/build/bao_stdio_b6cd46e2.o
                                0x240 (size before relaxing)
 .debug_str     0x0000111d        0x0 C:/Users/armstrongsubero/Desktop/Products/06_Dabao_Book/Baochip_ws/20_SD_Card_C++/system/build/bao_stdlib_51aafccb.o
                                0x2d8 (size before relaxing)
 .debug_str     0x0000111d        0x0 C:/Users/armstrongsubero/Desktop/Products/06_Dabao_Book/Baochip_ws/20_SD_Card_C++/system/build/rovari_gpio_6fb6af80.o
                                0x2dd (size before relaxing)
 .debug_str     0x0000111d        0x0 C:/Users/armstrongsubero/Desktop/Products/06_Dabao_Book/Baochip_ws/20_SD_Card_C++/system/build/rovari_main_620c9b9a.o
                                0x17d (size before relaxing)
 .debug_str     0x0000111d        0x0 C:/Users/armstrongsubero/Desktop/Products/06_Dabao_Book/Baochip_ws/20_SD_Card_C++/system/build/sevs_assert_target_1358f0b7.o
                                0x2b0 (size before relaxing)
 .debug_str     0x0000111d        0x0 C:/Users/armstrongsubero/Desktop/Products/06_Dabao_Book/Baochip_ws/20_SD_Card_C++/system/build/ff_a0f070b4.o
                                0x711 (size before relaxing)
 .debug_str     0x0000111d        0x0 C:/Users/armstrongsubero/Desktop/Products/06_Dabao_Book/Baochip_ws/20_SD_Card_C++/system/build/diskio_51b23938.o
                                0x354 (size before relaxing)

.debug_line_str
                0x00000000      0xb94
 .debug_line_str
                0x00000000      0xb94 C:/Users/armstrongsubero/Desktop/Products/06_Dabao_Book/Baochip_ws/20_SD_Card_C++/system/build/app_eded05d5.o
                                0x396 (size before relaxing)
 .debug_line_str
                0x00000b94        0x0 C:/Users/armstrongsubero/Desktop/Products/06_Dabao_Book/Baochip_ws/20_SD_Card_C++/system/build/startup_88ac6242.o
                                 0xb5 (size before relaxing)
 .debug_line_str
                0x00000b94        0x0 C:/Users/armstrongsubero/Desktop/Products/06_Dabao_Book/Baochip_ws/20_SD_Card_C++/system/build/bao1x_gpio_9054eec4.o
                                0x3b0 (size before relaxing)
 .debug_line_str
                0x00000b94        0x0 C:/Users/armstrongsubero/Desktop/Products/06_Dabao_Book/Baochip_ws/20_SD_Card_C++/system/build/bao1x_uart_2b9c0ebf.o
                                0x3b0 (size before relaxing)
 .debug_line_str
                0x00000b94        0x0 C:/Users/armstrongsubero/Desktop/Products/06_Dabao_Book/Baochip_ws/20_SD_Card_C++/system/build/bao1x_irq_bff3f790.o
                                0x340 (size before relaxing)
 .debug_line_str
                0x00000b94        0x0 C:/Users/armstrongsubero/Desktop/Products/06_Dabao_Book/Baochip_ws/20_SD_Card_C++/system/build/bao_delay_09c3a55a.o
                                0x2bd (size before relaxing)
 .debug_line_str
                0x00000b94        0x0 C:/Users/armstrongsubero/Desktop/Products/06_Dabao_Book/Baochip_ws/20_SD_Card_C++/system/build/bao_stdio_b6cd46e2.o
                                0x3ae (size before relaxing)
 .debug_line_str
                0x00000b94        0x0 C:/Users/armstrongsubero/Desktop/Products/06_Dabao_Book/Baochip_ws/20_SD_Card_C++/system/build/bao_stdlib_51aafccb.o
                                0x449 (size before relaxing)
 .debug_line_str
                0x00000b94        0x0 C:/Users/armstrongsubero/Desktop/Products/06_Dabao_Book/Baochip_ws/20_SD_Card_C++/system/build/rovari_gpio_6fb6af80.o
                                0x357 (size before relaxing)
 .debug_line_str
                0x00000b94        0x0 C:/Users/armstrongsubero/Desktop/Products/06_Dabao_Book/Baochip_ws/20_SD_Card_C++/system/build/rovari_main_620c9b9a.o
                                0x1b6 (size before relaxing)
 .debug_line_str
                0x00000b94        0x0 C:/Users/armstrongsubero/Desktop/Products/06_Dabao_Book/Baochip_ws/20_SD_Card_C++/system/build/sevs_assert_target_1358f0b7.o
                                0x2fa (size before relaxing)
 .debug_line_str
                0x00000b94        0x0 C:/Users/armstrongsubero/Desktop/Products/06_Dabao_Book/Baochip_ws/20_SD_Card_C++/system/build/ff_a0f070b4.o
                                0x2de (size before relaxing)
 .debug_line_str
                0x00000b94        0x0 C:/Users/armstrongsubero/Desktop/Products/06_Dabao_Book/Baochip_ws/20_SD_Card_C++/system/build/diskio_51b23938.o
                                0x26c (size before relaxing)

.debug_frame    0x00000000     0x10d0
 .debug_frame   0x00000000       0x84 C:/Users/armstrongsubero/Desktop/Products/06_Dabao_Book/Baochip_ws/20_SD_Card_C++/system/build/app_eded05d5.o
 .debug_frame   0x00000084      0x220 C:/Users/armstrongsubero/Desktop/Products/06_Dabao_Book/Baochip_ws/20_SD_Card_C++/system/build/bao1x_gpio_9054eec4.o
 .debug_frame   0x000002a4      0x18c C:/Users/armstrongsubero/Desktop/Products/06_Dabao_Book/Baochip_ws/20_SD_Card_C++/system/build/bao1x_uart_2b9c0ebf.o
 .debug_frame   0x00000430       0xc8 C:/Users/armstrongsubero/Desktop/Products/06_Dabao_Book/Baochip_ws/20_SD_Card_C++/system/build/bao1x_irq_bff3f790.o
 .debug_frame   0x000004f8       0x80 C:/Users/armstrongsubero/Desktop/Products/06_Dabao_Book/Baochip_ws/20_SD_Card_C++/system/build/bao_delay_09c3a55a.o
 .debug_frame   0x00000578       0x7c C:/Users/armstrongsubero/Desktop/Products/06_Dabao_Book/Baochip_ws/20_SD_Card_C++/system/build/bao_stdio_b6cd46e2.o
 .debug_frame   0x000005f4       0xb0 C:/Users/armstrongsubero/Desktop/Products/06_Dabao_Book/Baochip_ws/20_SD_Card_C++/system/build/bao_stdlib_51aafccb.o
 .debug_frame   0x000006a4       0xb8 C:/Users/armstrongsubero/Desktop/Products/06_Dabao_Book/Baochip_ws/20_SD_Card_C++/system/build/rovari_gpio_6fb6af80.o
 .debug_frame   0x0000075c       0x28 C:/Users/armstrongsubero/Desktop/Products/06_Dabao_Book/Baochip_ws/20_SD_Card_C++/system/build/rovari_main_620c9b9a.o
 .debug_frame   0x00000784       0xa4 C:/Users/armstrongsubero/Desktop/Products/06_Dabao_Book/Baochip_ws/20_SD_Card_C++/system/build/sevs_assert_target_1358f0b7.o
 .debug_frame   0x00000828      0x708 C:/Users/armstrongsubero/Desktop/Products/06_Dabao_Book/Baochip_ws/20_SD_Card_C++/system/build/ff_a0f070b4.o
 .debug_frame   0x00000f30      0x1a0 C:/Users/armstrongsubero/Desktop/Products/06_Dabao_Book/Baochip_ws/20_SD_Card_C++/system/build/diskio_51b23938.o
