Archive member included to satisfy reference by file (symbol)

C:/Users/armstrongsubero/Desktop/Products/02_Rovari_Studio/Rovari_System_Studio/toolchain/bin/../lib/gcc/riscv-none-elf/15.2.0/rv32ec/ilp32e\libgcc.a(save-restore.o)
                              C:/Users/armstrongsubero/Desktop/CH32V003_Examples/36_NFC_C++/system/build/app_ea051d58.o (__riscv_save_2)
C:/Users/armstrongsubero/Desktop/Products/02_Rovari_Studio/Rovari_System_Studio/toolchain/bin/../lib/gcc/riscv-none-elf/15.2.0/rv32ec/ilp32e\libgcc.a(muldi3.o)
                              C:/Users/armstrongsubero/Desktop/CH32V003_Examples/36_NFC_C++/system/build/debug_612e4371.o (__mulsi3)
C:/Users/armstrongsubero/Desktop/Products/02_Rovari_Studio/Rovari_System_Studio/toolchain/bin/../lib/gcc/riscv-none-elf/15.2.0/rv32ec/ilp32e\libgcc.a(div.o)
                              C:/Users/armstrongsubero/Desktop/CH32V003_Examples/36_NFC_C++/system/build/rovari_pn532_4d4d84a2.o (__udivsi3)
C:/Users/armstrongsubero/Desktop/Products/02_Rovari_Studio/Rovari_System_Studio/toolchain/bin/../lib/gcc/riscv-none-elf/15.2.0/../../../../riscv-none-elf/lib/rv32ec/ilp32e\libc_nano.a(libc_a-vsnprintf.o)
                              C:/Users/armstrongsubero/Desktop/CH32V003_Examples/36_NFC_C++/system/build/rovari_uart_f547dc16.o (vsnprintf)
C:/Users/armstrongsubero/Desktop/Products/02_Rovari_Studio/Rovari_System_Studio/toolchain/bin/../lib/gcc/riscv-none-elf/15.2.0/../../../../riscv-none-elf/lib/rv32ec/ilp32e\libc_nano.a(libc_a-strncpy.o)
                              C:/Users/armstrongsubero/Desktop/CH32V003_Examples/36_NFC_C++/system/build/sevs_assert_target_d21dbdfb.o (strncpy)
C:/Users/armstrongsubero/Desktop/Products/02_Rovari_Studio/Rovari_System_Studio/toolchain/bin/../lib/gcc/riscv-none-elf/15.2.0/../../../../riscv-none-elf/lib/rv32ec/ilp32e\libc_nano.a(libc_a-impure.o)
                              C:/Users/armstrongsubero/Desktop/Products/02_Rovari_Studio/Rovari_System_Studio/toolchain/bin/../lib/gcc/riscv-none-elf/15.2.0/../../../../riscv-none-elf/lib/rv32ec/ilp32e\libc_nano.a(libc_a-vsnprintf.o) (_impure_ptr)
C:/Users/armstrongsubero/Desktop/Products/02_Rovari_Studio/Rovari_System_Studio/toolchain/bin/../lib/gcc/riscv-none-elf/15.2.0/../../../../riscv-none-elf/lib/rv32ec/ilp32e\libc_nano.a(libc_a-init.o)
                              C:/Users/armstrongsubero/Desktop/CH32V003_Examples/36_NFC_C++/system/build/rovari_main_9df9f901.o (__libc_init_array)
C:/Users/armstrongsubero/Desktop/Products/02_Rovari_Studio/Rovari_System_Studio/toolchain/bin/../lib/gcc/riscv-none-elf/15.2.0/../../../../riscv-none-elf/lib/rv32ec/ilp32e\libc_nano.a(libc_a-memset.o)
                              C:/Users/armstrongsubero/Desktop/CH32V003_Examples/36_NFC_C++/system/build/app_ea051d58.o (memset)
C:/Users/armstrongsubero/Desktop/Products/02_Rovari_Studio/Rovari_System_Studio/toolchain/bin/../lib/gcc/riscv-none-elf/15.2.0/../../../../riscv-none-elf/lib/rv32ec/ilp32e\libc_nano.a(libc_a-memcpy-asm.o)
                              C:/Users/armstrongsubero/Desktop/CH32V003_Examples/36_NFC_C++/system/build/rovari_pn532_4d4d84a2.o (memcpy)
C:/Users/armstrongsubero/Desktop/Products/02_Rovari_Studio/Rovari_System_Studio/toolchain/bin/../lib/gcc/riscv-none-elf/15.2.0/../../../../riscv-none-elf/lib/rv32ec/ilp32e\libc_nano.a(libc_a-nano-svfprintf.o)
                              C:/Users/armstrongsubero/Desktop/Products/02_Rovari_Studio/Rovari_System_Studio/toolchain/bin/../lib/gcc/riscv-none-elf/15.2.0/../../../../riscv-none-elf/lib/rv32ec/ilp32e\libc_nano.a(libc_a-vsnprintf.o) (_svfprintf_r)
C:/Users/armstrongsubero/Desktop/Products/02_Rovari_Studio/Rovari_System_Studio/toolchain/bin/../lib/gcc/riscv-none-elf/15.2.0/../../../../riscv-none-elf/lib/rv32ec/ilp32e\libc_nano.a(libc_a-nano-vfprintf_i.o)
                              C:/Users/armstrongsubero/Desktop/Products/02_Rovari_Studio/Rovari_System_Studio/toolchain/bin/../lib/gcc/riscv-none-elf/15.2.0/../../../../riscv-none-elf/lib/rv32ec/ilp32e\libc_nano.a(libc_a-nano-svfprintf.o) (_printf_i)
C:/Users/armstrongsubero/Desktop/Products/02_Rovari_Studio/Rovari_System_Studio/toolchain/bin/../lib/gcc/riscv-none-elf/15.2.0/../../../../riscv-none-elf/lib/rv32ec/ilp32e\libc_nano.a(libc_a-memchr.o)
                              C:/Users/armstrongsubero/Desktop/Products/02_Rovari_Studio/Rovari_System_Studio/toolchain/bin/../lib/gcc/riscv-none-elf/15.2.0/../../../../riscv-none-elf/lib/rv32ec/ilp32e\libc_nano.a(libc_a-nano-svfprintf.o) (memchr)
C:/Users/armstrongsubero/Desktop/Products/02_Rovari_Studio/Rovari_System_Studio/toolchain/bin/../lib/gcc/riscv-none-elf/15.2.0/../../../../riscv-none-elf/lib/rv32ec/ilp32e\libc_nano.a(libc_a-memmove.o)
                              C:/Users/armstrongsubero/Desktop/Products/02_Rovari_Studio/Rovari_System_Studio/toolchain/bin/../lib/gcc/riscv-none-elf/15.2.0/../../../../riscv-none-elf/lib/rv32ec/ilp32e\libc_nano.a(libc_a-nano-svfprintf.o) (memmove)
[...]
Memory Configuration

Name             Origin             Length             Attributes
FLASH            0x00000000         0x00004000         xr
RAM              0x20000000         0x00000800         xrw
*default*        0x00000000         0xffffffff

Linker script and memory map

LOAD C:/Users/armstrongsubero/Desktop/CH32V003_Examples/36_NFC_C++/system/build/app_ea051d58.o
LOAD C:/Users/armstrongsubero/Desktop/CH32V003_Examples/36_NFC_C++/system/build/rovari.blocks_78448fc8.o
LOAD C:/Users/armstrongsubero/Desktop/CH32V003_Examples/36_NFC_C++/system/build/ch32v00x_it_b215f731.o
LOAD C:/Users/armstrongsubero/Desktop/CH32V003_Examples/36_NFC_C++/system/build/rovari_pn532_4d4d84a2.o
LOAD C:/Users/armstrongsubero/Desktop/CH32V003_Examples/36_NFC_C++/system/build/startup_12f295f3.o
LOAD C:/Users/armstrongsubero/Desktop/CH32V003_Examples/36_NFC_C++/system/build/system_ch32v00x_d3983265.o
LOAD C:/Users/armstrongsubero/Desktop/CH32V003_Examples/36_NFC_C++/system/build/core_riscv_7218a11c.o
LOAD C:/Users/armstrongsubero/Desktop/CH32V003_Examples/36_NFC_C++/system/build/debug_612e4371.o
LOAD C:/Users/armstrongsubero/Desktop/CH32V003_Examples/36_NFC_C++/system/build/ch32v00x_gpio_51f76e01.o
LOAD C:/Users/armstrongsubero/Desktop/CH32V003_Examples/36_NFC_C++/system/build/ch32v00x_rcc_87dcd468.o
LOAD C:/Users/armstrongsubero/Desktop/CH32V003_Examples/36_NFC_C++/system/build/ch32v00x_misc_9a0fbf45.o
LOAD C:/Users/armstrongsubero/Desktop/CH32V003_Examples/36_NFC_C++/system/build/ch32v00x_tim_08755a84.o
LOAD C:/Users/armstrongsubero/Desktop/CH32V003_Examples/36_NFC_C++/system/build/rovari_gpio_302f9672.o
LOAD C:/Users/armstrongsubero/Desktop/CH32V003_Examples/36_NFC_C++/system/build/rovari_main_9df9f901.o
LOAD C:/Users/armstrongsubero/Desktop/CH32V003_Examples/36_NFC_C++/system/build/rovari_tick_ba34bfbd.o
LOAD C:/Users/armstrongsubero/Desktop/CH32V003_Examples/36_NFC_C++/system/build/rovari_button_f04fa8db.o
LOAD C:/Users/armstrongsubero/Desktop/CH32V003_Examples/36_NFC_C++/system/build/sevs_assert_target_d21dbdfb.o
LOAD C:/Users/armstrongsubero/Desktop/CH32V003_Examples/36_NFC_C++/system/build/ch32v00x_usart_04110ab1.o
LOAD C:/Users/armstrongsubero/Desktop/CH32V003_Examples/36_NFC_C++/system/build/rovari_uart_f547dc16.o
LOAD C:/Users/armstrongsubero/Desktop/CH32V003_Examples/36_NFC_C++/system/build/ch32v00x_i2c_92a4b278.o
LOAD C:/Users/armstrongsubero/Desktop/CH32V003_Examples/36_NFC_C++/system/build/rovari_i2c_c960e5c6.o
LOAD C:/Users/armstrongsubero/Desktop/Products/02_Rovari_Studio/Rovari_System_Studio/toolchain/bin/../lib/gcc/riscv-none-elf/15.2.0/../../../../riscv-none-elf/lib/rv32ec/ilp32e\libstdc++_nano.a
LOAD C:/Users/armstrongsubero/Desktop/Products/02_Rovari_Studio/Rovari_System_Studio/toolchain/bin/../lib/gcc/riscv-none-elf/15.2.0/../../../../riscv-none-elf/lib/rv32ec/ilp32e\libm_nano.a
LOAD C:/Users/armstrongsubero/Desktop/Products/02_Rovari_Studio/Rovari_System_Studio/toolchain/bin/../lib/gcc/riscv-none-elf/15.2.0/rv32ec/ilp32e\libgcc.a
LOAD C:/Users/armstrongsubero/Desktop/Products/02_Rovari_Studio/Rovari_System_Studio/toolchain/bin/../lib/gcc/riscv-none-elf/15.2.0/../../../../riscv-none-elf/lib/rv32ec/ilp32e\libc_nano.a
LOAD C:/Users/armstrongsubero/Desktop/Products/02_Rovari_Studio/Rovari_System_Studio/toolchain/bin/../lib/gcc/riscv-none-elf/15.2.0/rv32ec/ilp32e\libgcc.a
START GROUP
LOAD C:/Users/armstrongsubero/Desktop/Products/02_Rovari_Studio/Rovari_System_Studio/toolchain/bin/../lib/gcc/riscv-none-elf/15.2.0/rv32ec/ilp32e\libgcc.a
LOAD C:/Users/armstrongsubero/Desktop/Products/02_Rovari_Studio/Rovari_System_Studio/toolchain/bin/../lib/gcc/riscv-none-elf/15.2.0/../../../../riscv-none-elf/lib/rv32ec/ilp32e\libc_nano.a
LOAD C:/Users/armstrongsubero/Desktop/Products/02_Rovari_Studio/Rovari_System_Studio/toolchain/bin/../lib/gcc/riscv-none-elf/15.2.0/../../../../riscv-none-elf/lib/rv32ec/ilp32e\libnosys.a
END GROUP
START GROUP
LOAD C:/Users/armstrongsubero/Desktop/Products/02_Rovari_Studio/Rovari_System_Studio/toolchain/bin/../lib/gcc/riscv-none-elf/15.2.0/rv32ec/ilp32e\libgcc.a
LOAD C:/Users/armstrongsubero/Desktop/Products/02_Rovari_Studio/Rovari_System_Studio/toolchain/bin/../lib/gcc/riscv-none-elf/15.2.0/../../../../riscv-none-elf/lib/rv32ec/ilp32e\libc_nano.a
LOAD C:/Users/armstrongsubero/Desktop/Products/02_Rovari_Studio/Rovari_System_Studio/toolchain/bin/../lib/gcc/riscv-none-elf/15.2.0/../../../../riscv-none-elf/lib/rv32ec/ilp32e\libnosys.a
END GROUP
                0x00000100                        __stack_size = 0x100
                [!provide]                        PROVIDE (_stack_size = __stack_size)

.init           0x00000000       0xa0
                0x00000000                        _sinit = .
                0x00000000                        . = ALIGN (0x4)
 *(SORT_NONE(.init))
 .init          0x00000000       0x9e C:/Users/armstrongsubero/Desktop/CH32V003_Examples/36_NFC_C++/system/build/startup_12f295f3.o
                0x00000000                _start
                0x000000a0                        . = ALIGN (0x4)
 *fill*         0x0000009e        0x2 
                0x000000a0                        _einit = .

.highcodelalign
                0x000000a0        0x0
                0x000000a0                        . = ALIGN (0x4)
                0x000000a0                        PROVIDE (_highcode_lma = .)

.highcode       0x20000000        0x0 load address 0x000000a0
                0x20000000                        . = ALIGN (0x4)
                0x20000000                        PROVIDE (_highcode_vma_start = .)
 *(.highcode)
 *(.highcode.*)
                0x20000000                        . = ALIGN (0x4)
                0x20000000                        PROVIDE (_highcode_vma_end = .)

.text           0x000000a0     0x2228
                0x000000a0                        . = ALIGN (0x4)
 *(.text)
 .text          0x000000a0       0x16 C:/Users/armstrongsubero/Desktop/Products/02_Rovari_Studio/Rovari_System_Studio/toolchain/bin/../lib/gcc/riscv-none-elf/15.2.0/rv32ec/ilp32e\libgcc.a(save-restore.o)
                0x000000a0                __riscv_save_1
                0x000000a0                __riscv_save_2
                0x000000a0                __riscv_save_0
                0x000000ac                __riscv_restore_0
                0x000000ac                __riscv_restore_1
                0x000000ac                __riscv_restore_2
 *fill*         0x000000b6        0x2 
 .text          0x000000b8       0x14 C:/Users/armstrongsubero/Desktop/Products/02_Rovari_Studio/Rovari_System_Studio/toolchain/bin/../lib/gcc/riscv-none-elf/15.2.0/rv32ec/ilp32e\libgcc.a(muldi3.o)
                0x000000b8                __mulsi3
 .text          0x000000cc       0x7e C:/Users/armstrongsubero/Desktop/Products/02_Rovari_Studio/Rovari_System_Studio/toolchain/bin/../lib/gcc/riscv-none-elf/15.2.0/rv32ec/ilp32e\libgcc.a(div.o)
                0x000000cc                __divsi3
                0x000000d4                __udivsi3
                0x000000d4                __hidden___udivsi3
                0x00000100                __umodsi3
                0x00000124                __modsi3
 .text          0x0000014a       0x10 C:/Users/armstrongsubero/Desktop/Products/02_Rovari_Studio/Rovari_System_Studio/toolchain/bin/../lib/gcc/riscv-none-elf/15.2.0/../../../../riscv-none-elf/lib/rv32ec/ilp32e\libc_nano.a(libc_a-memset.o)
                0x0000014a                memset
 .text          0x0000015a       0x16 C:/Users/armstrongsubero/Desktop/Products/02_Rovari_Studio/Rovari_System_Studio/toolchain/bin/../lib/gcc/riscv-none-elf/15.2.0/../../../../riscv-none-elf/lib/rv32ec/ilp32e\libc_nano.a(libc_a-memcpy-asm.o)
                0x0000015a                memcpy
 .text          0x00000170       0x26 C:/Users/armstrongsubero/Desktop/Products/02_Rovari_Studio/Rovari_System_Studio/toolchain/bin/../lib/gcc/riscv-none-elf/15.2.0/../../../../riscv-none-elf/lib/rv32ec/ilp32e\libc_nano.a(libc_a-memmove.o)
                0x00000170                memmove
 *(.text.*)
 .text.app_init
                0x00000196       0x60 C:/Users/armstrongsubero/Desktop/CH32V003_Examples/36_NFC_C++/system/build/app_ea051d58.o
                0x00000196                app_init
 .text.app_run  0x000001f6      0x11e C:/Users/armstrongsubero/Desktop/CH32V003_Examples/36_NFC_C++/system/build/app_ea051d58.o
                0x000001f6                app_run
 .text.startup._GLOBAL__sub_I_serial
                0x00000314       0x10 C:/Users/armstrongsubero/Desktop/CH32V003_Examples/36_NFC_C++/system/build/app_ea051d58.o
 .text.NMI_Handler
                0x00000324        0x2 C:/Users/armstrongsubero/Desktop/CH32V003_Examples/36_NFC_C++/system/build/ch32v00x_it_b215f731.o
                0x00000324                NMI_Handler
 .text.HardFault_Handler
                0x00000326       0x10 C:/Users/armstrongsubero/Desktop/CH32V003_Examples/36_NFC_C++/system/build/ch32v00x_it_b215f731.o
                0x00000326                HardFault_Handler
 .text.wait_flag_clear.constprop.0
                0x00000336       0x2e C:/Users/armstrongsubero/Desktop/CH32V003_Examples/36_NFC_C++/system/build/rovari_pn532_4d4d84a2.o
 .text.i2c_stop
                0x00000364       0x18 C:/Users/armstrongsubero/Desktop/CH32V003_Examples/36_NFC_C++/system/build/rovari_pn532_4d4d84a2.o
 .text.wait_flag_set.constprop.0
                0x0000037c       0x2e C:/Users/armstrongsubero/Desktop/CH32V003_Examples/36_NFC_C++/system/build/rovari_pn532_4d4d84a2.o
 .text.wait_event.constprop.0
                0x000003aa       0x2a C:/Users/armstrongsubero/Desktop/CH32V003_Examples/36_NFC_C++/system/build/rovari_pn532_4d4d84a2.o
 .text.addr_rx  0x000003d4       0x20 C:/Users/armstrongsubero/Desktop/CH32V003_Examples/36_NFC_C++/system/build/rovari_pn532_4d4d84a2.o
 .text.i2c_start
                0x000003f4       0x4c C:/Users/armstrongsubero/Desktop/CH32V003_Examples/36_NFC_C++/system/build/rovari_pn532_4d4d84a2.o
 .text.pn532_wait_ready
                0x00000440       0x7a C:/Users/armstrongsubero/Desktop/CH32V003_Examples/36_NFC_C++/system/build/rovari_pn532_4d4d84a2.o
 .text.pn532_read.constprop.0
                0x000004ba       0xb0 C:/Users/armstrongsubero/Desktop/CH32V003_Examples/36_NFC_C++/system/build/rovari_pn532_4d4d84a2.o
 .text.call_function
                0x0000056a      0x222 C:/Users/armstrongsubero/Desktop/CH32V003_Examples/36_NFC_C++/system/build/rovari_pn532_4d4d84a2.o
 .text.pn532_init
                0x0000078c       0x80 C:/Users/armstrongsubero/Desktop/CH32V003_Examples/36_NFC_C++/system/build/rovari_pn532_4d4d84a2.o
                0x0000078c                pn532_init
 .text.pn532_get_firmware
                0x0000080c       0x22 C:/Users/armstrongsubero/Desktop/CH32V003_Examples/36_NFC_C++/system/build/rovari_pn532_4d4d84a2.o
                0x0000080c                pn532_get_firmware
 .text.pn532_sam_config
                0x0000082e       0x2e C:/Users/armstrongsubero/Desktop/CH32V003_Examples/36_NFC_C++/system/build/rovari_pn532_4d4d84a2.o
                0x0000082e                pn532_sam_config
 .text.pn532_read_passive
                0x0000085c       0x60 C:/Users/armstrongsubero/Desktop/CH32V003_Examples/36_NFC_C++/system/build/rovari_pn532_4d4d84a2.o
                0x0000085c                pn532_read_passive
 .text.pn532_ntag_read_block
                0x000008bc       0x40 C:/Users/armstrongsubero/Desktop/CH32V003_Examples/36_NFC_C++/system/build/rovari_pn532_4d4d84a2.o
                0x000008bc                pn532_ntag_read_block
 .text.pn532_read_ntag_dump
                0x000008fc       0x6c C:/Users/armstrongsubero/Desktop/CH32V003_Examples/36_NFC_C++/system/build/rovari_pn532_4d4d84a2.o
                0x000008fc                pn532_read_ntag_dump
 .text.pn532_extract_ndef_text
                0x00000968      0x11c C:/Users/armstrongsubero/Desktop/CH32V003_Examples/36_NFC_C++/system/build/rovari_pn532_4d4d84a2.o
                0x00000968                pn532_extract_ndef_text
 .text.vector_handler
                0x00000a84        0x2 C:/Users/armstrongsubero/Desktop/CH32V003_Examples/36_NFC_C++/system/build/startup_12f295f3.o
                0x00000a84                TIM1_CC_IRQHandler
                0x00000a84                SysTick_Handler
                0x00000a84                PVD_IRQHandler
                0x00000a84                SPI1_IRQHandler
                0x00000a84                AWU_IRQHandler
                0x00000a84                EXTI7_0_IRQHandler
                0x00000a84                DMA1_Channel4_IRQHandler
                0x00000a84                ADC1_IRQHandler
                0x00000a84                DMA1_Channel7_IRQHandler
                0x00000a84                I2C1_EV_IRQHandler
                0x00000a84                DMA1_Channel6_IRQHandler
                0x00000a84                RCC_IRQHandler
                0x00000a84                TIM1_TRG_COM_IRQHandler
                0x00000a84                DMA1_Channel1_IRQHandler
                0x00000a84                DMA1_Channel5_IRQHandler
                0x00000a84                DMA1_Channel3_IRQHandler
                0x00000a84                TIM1_UP_IRQHandler
                0x00000a84                WWDG_IRQHandler
                0x00000a84                SW_Handler
                0x00000a84                TIM1_BRK_IRQHandler
                0x00000a84                DMA1_Channel2_IRQHandler
                0x00000a84                FLASH_IRQHandler
                0x00000a84                USART1_IRQHandler
                0x00000a84                I2C1_ER_IRQHandler
 .text.handle_reset
                0x00000a86       0xb2 C:/Users/armstrongsubero/Desktop/CH32V003_Examples/36_NFC_C++/system/build/startup_12f295f3.o
                0x00000a86                handle_reset
 .text.SystemInit
                0x00000b38       0xda C:/Users/armstrongsubero/Desktop/CH32V003_Examples/36_NFC_C++/system/build/system_ch32v00x_d3983265.o
                0x00000b38                SystemInit
 .text.SystemCoreClockUpdate
                0x00000c12       0x62 C:/Users/armstrongsubero/Desktop/CH32V003_Examples/36_NFC_C++/system/build/system_ch32v00x_d3983265.o
                0x00000c12                SystemCoreClockUpdate
 .text.Delay_Init
                0x00000c74       0x34 C:/Users/armstrongsubero/Desktop/CH32V003_Examples/36_NFC_C++/system/build/debug_612e4371.o
                0x00000c74                Delay_Init
 .text.Delay_Ms
                0x00000ca8       0x36 C:/Users/armstrongsubero/Desktop/CH32V003_Examples/36_NFC_C++/system/build/debug_612e4371.o
                0x00000ca8                Delay_Ms
 .text._sbrk    0x00000cde       0x2a C:/Users/armstrongsubero/Desktop/CH32V003_Examples/36_NFC_C++/system/build/debug_612e4371.o
                0x00000cde                _sbrk
 .text.GPIO_Init
                0x00000d08       0x7c C:/Users/armstrongsubero/Desktop/CH32V003_Examples/36_NFC_C++/system/build/ch32v00x_gpio_51f76e01.o
                0x00000d08                GPIO_Init
 .text.RCC_AdjustHSICalibrationValue
                0x00000d84       0x12 C:/Users/armstrongsubero/Desktop/CH32V003_Examples/36_NFC_C++/system/build/ch32v00x_rcc_87dcd468.o
                0x00000d84                RCC_AdjustHSICalibrationValue
 .text.RCC_GetClocksFreq
                0x00000d96       0x94 C:/Users/armstrongsubero/Desktop/CH32V003_Examples/36_NFC_C++/system/build/ch32v00x_rcc_87dcd468.o
                0x00000d96                RCC_GetClocksFreq
 .text.RCC_APB2PeriphClockCmd
                0x00000e2a       0x18 C:/Users/armstrongsubero/Desktop/CH32V003_Examples/36_NFC_C++/system/build/ch32v00x_rcc_87dcd468.o
                0x00000e2a                RCC_APB2PeriphClockCmd
 .text.RCC_APB1PeriphClockCmd
                0x00000e42       0x18 C:/Users/armstrongsubero/Desktop/CH32V003_Examples/36_NFC_C++/system/build/ch32v00x_rcc_87dcd468.o
                0x00000e42                RCC_APB1PeriphClockCmd
 .text.NVIC_PriorityGroupConfig
                0x00000e5a        0x6 C:/Users/armstrongsubero/Desktop/CH32V003_Examples/36_NFC_C++/system/build/ch32v00x_misc_9a0fbf45.o
                0x00000e5a                NVIC_PriorityGroupConfig
 .text.TIM_TimeBaseInit
                0x00000e60       0x5c C:/Users/armstrongsubero/Desktop/CH32V003_Examples/36_NFC_C++/system/build/ch32v00x_tim_08755a84.o
                0x00000e60                TIM_TimeBaseInit
 .text.TIM_Cmd  0x00000ebc       0x18 C:/Users/armstrongsubero/Desktop/CH32V003_Examples/36_NFC_C++/system/build/ch32v00x_tim_08755a84.o
                0x00000ebc                TIM_Cmd
 .text.TIM_ITConfig
                0x00000ed4       0x16 C:/Users/armstrongsubero/Desktop/CH32V003_Examples/36_NFC_C++/system/build/ch32v00x_tim_08755a84.o
                0x00000ed4                TIM_ITConfig
 .text.TIM_GetITStatus
                0x00000eea       0x18 C:/Users/armstrongsubero/Desktop/CH32V003_Examples/36_NFC_C++/system/build/ch32v00x_tim_08755a84.o
                0x00000eea                TIM_GetITStatus
 .text.TIM_ClearITPendingBit
                0x00000f02        0xa C:/Users/armstrongsubero/Desktop/CH32V003_Examples/36_NFC_C++/system/build/ch32v00x_tim_08755a84.o
                0x00000f02                TIM_ClearITPendingBit
 .text.startup.main
                0x00000f0c       0x3c C:/Users/armstrongsubero/Desktop/CH32V003_Examples/36_NFC_C++/system/build/rovari_main_9df9f901.o
                0x00000f0c                main
 .text.TIM2_IRQHandler
                0x00000f48       0x50 C:/Users/armstrongsubero/Desktop/CH32V003_Examples/36_NFC_C++/system/build/rovari_tick_ba34bfbd.o
                0x00000f48                TIM2_IRQHandler
 .text.rovari_tick_init
                0x00000f98       0x92 C:/Users/armstrongsubero/Desktop/CH32V003_Examples/36_NFC_C++/system/build/rovari_tick_ba34bfbd.o
                0x00000f98                rovari_tick_init
 .text.sevs_assert_fail
                0x0000102a       0x76 C:/Users/armstrongsubero/Desktop/CH32V003_Examples/36_NFC_C++/system/build/sevs_assert_target_d21dbdfb.o
                0x0000102a                sevs_assert_fail
 .text.USART_Init
                0x000010a0       0xde C:/Users/armstrongsubero/Desktop/CH32V003_Examples/36_NFC_C++/system/build/ch32v00x_usart_04110ab1.o
                0x000010a0                USART_Init
 .text.USART_Cmd
                0x0000117e       0x18 C:/Users/armstrongsubero/Desktop/CH32V003_Examples/36_NFC_C++/system/build/ch32v00x_usart_04110ab1.o
                0x0000117e                USART_Cmd
 .text.USART_SendData
                0x00001196        0xa C:/Users/armstrongsubero/Desktop/CH32V003_Examples/36_NFC_C++/system/build/ch32v00x_usart_04110ab1.o
                0x00001196                USART_SendData
 .text.USART_GetFlagStatus
                0x000011a0        0xc C:/Users/armstrongsubero/Desktop/CH32V003_Examples/36_NFC_C++/system/build/ch32v00x_usart_04110ab1.o
                0x000011a0                USART_GetFlagStatus
 .text.uart_init
                0x000011ac       0x82 C:/Users/armstrongsubero/Desktop/CH32V003_Examples/36_NFC_C++/system/build/rovari_uart_f547dc16.o
                0x000011ac                uart_init
 .text.uart_write_byte
                0x0000122e       0x34 C:/Users/armstrongsubero/Desktop/CH32V003_Examples/36_NFC_C++/system/build/rovari_uart_f547dc16.o
                0x0000122e                uart_write_byte
 .text.uart_print
                0x00001262       0x3a C:/Users/armstrongsubero/Desktop/CH32V003_Examples/36_NFC_C++/system/build/rovari_uart_f547dc16.o
                0x00001262                uart_print
 .text.uart_println
                0x0000129c       0x3a C:/Users/armstrongsubero/Desktop/CH32V003_Examples/36_NFC_C++/system/build/rovari_uart_f547dc16.o
                0x0000129c                uart_println
 .text.uart_printf
                0x000012d6       0x4e C:/Users/armstrongsubero/Desktop/CH32V003_Examples/36_NFC_C++/system/build/rovari_uart_f547dc16.o
                0x000012d6                uart_printf
 .text.I2C_Init
                0x00001324       0xe4 C:/Users/armstrongsubero/Desktop/CH32V003_Examples/36_NFC_C++/system/build/ch32v00x_i2c_92a4b278.o
                0x00001324                I2C_Init
 .text.I2C_Cmd  0x00001408       0x18 C:/Users/armstrongsubero/Desktop/CH32V003_Examples/36_NFC_C++/system/build/ch32v00x_i2c_92a4b278.o
                0x00001408                I2C_Cmd
 .text.I2C_GenerateSTART
                0x00001420       0x1a C:/Users/armstrongsubero/Desktop/CH32V003_Examples/36_NFC_C++/system/build/ch32v00x_i2c_92a4b278.o
                0x00001420                I2C_GenerateSTART
 .text.I2C_GenerateSTOP
                0x0000143a       0x1a C:/Users/armstrongsubero/Desktop/CH32V003_Examples/36_NFC_C++/system/build/ch32v00x_i2c_92a4b278.o
                0x0000143a                I2C_GenerateSTOP
 .text.I2C_AcknowledgeConfig
                0x00001454       0x1a C:/Users/armstrongsubero/Desktop/CH32V003_Examples/36_NFC_C++/system/build/ch32v00x_i2c_92a4b278.o
                0x00001454                I2C_AcknowledgeConfig
 .text.I2C_SendData
                0x0000146e        0x6 C:/Users/armstrongsubero/Desktop/CH32V003_Examples/36_NFC_C++/system/build/ch32v00x_i2c_92a4b278.o
                0x0000146e                I2C_SendData
 .text.I2C_ReceiveData
                0x00001474        0xa C:/Users/armstrongsubero/Desktop/CH32V003_Examples/36_NFC_C++/system/build/ch32v00x_i2c_92a4b278.o
                0x00001474                I2C_ReceiveData
 .text.I2C_Send7bitAddress
                0x0000147e       0x10 C:/Users/armstrongsubero/Desktop/CH32V003_Examples/36_NFC_C++/system/build/ch32v00x_i2c_92a4b278.o
                0x0000147e                I2C_Send7bitAddress
 .text.I2C_SoftwareResetCmd
                0x0000148e       0x16 C:/Users/armstrongsubero/Desktop/CH32V003_Examples/36_NFC_C++/system/build/ch32v00x_i2c_92a4b278.o
                0x0000148e                I2C_SoftwareResetCmd
 .text.I2C_CheckEvent
                0x000014a4       0x1a C:/Users/armstrongsubero/Desktop/CH32V003_Examples/36_NFC_C++/system/build/ch32v00x_i2c_92a4b278.o
                0x000014a4                I2C_CheckEvent
 .text.I2C_GetFlagStatus
                0x000014be       0x32 C:/Users/armstrongsubero/Desktop/CH32V003_Examples/36_NFC_C++/system/build/ch32v00x_i2c_92a4b278.o
                0x000014be                I2C_GetFlagStatus
 .text._vsnprintf_r
                0x000014f0       0x5e C:/Users/armstrongsubero/Desktop/Products/02_Rovari_Studio/Rovari_System_Studio/toolchain/bin/../lib/gcc/riscv-none-elf/15.2.0/../../../../riscv-none-elf/lib/rv32ec/ilp32e\libc_nano.a(libc_a-vsnprintf.o)
                0x000014f0                _vsniprintf_r
                0x000014f0                _vsnprintf_r
 .text.vsnprintf
                0x0000154e        0xe C:/Users/armstrongsubero/Desktop/Products/02_Rovari_Studio/Rovari_System_Studio/toolchain/bin/../lib/gcc/riscv-none-elf/15.2.0/../../../../riscv-none-elf/lib/rv32ec/ilp32e\libc_nano.a(libc_a-vsnprintf.o)
                0x0000154e                vsniprintf
                0x0000154e                vsnprintf
 .text.strncpy  0x0000155c       0x24 C:/Users/armstrongsubero/Desktop/Products/02_Rovari_Studio/Rovari_System_Studio/toolchain/bin/../lib/gcc/riscv-none-elf/15.2.0/../../../../riscv-none-elf/lib/rv32ec/ilp32e\libc_nano.a(libc_a-strncpy.o)
                0x0000155c                strncpy
 .text.__libc_init_array
                0x00001580       0x72 C:/Users/armstrongsubero/Desktop/Products/02_Rovari_Studio/Rovari_System_Studio/toolchain/bin/../lib/gcc/riscv-none-elf/15.2.0/../../../../riscv-none-elf/lib/rv32ec/ilp32e\libc_nano.a(libc_a-init.o)
                0x00001580                __libc_init_array
 .text.__ssputs_r
                0x000015f2       0xe0 C:/Users/armstrongsubero/Desktop/Products/02_Rovari_Studio/Rovari_System_Studio/toolchain/bin/../lib/gcc/riscv-none-elf/15.2.0/../../../../riscv-none-elf/lib/rv32ec/ilp32e\libc_nano.a(libc_a-nano-svfprintf.o)
                0x000015f2                __ssputs_r
 .text._svfprintf_r
                0x000016d2      0x282 C:/Users/armstrongsubero/Desktop/Products/02_Rovari_Studio/Rovari_System_Studio/toolchain/bin/../lib/gcc/riscv-none-elf/15.2.0/../../../../riscv-none-elf/lib/rv32ec/ilp32e\libc_nano.a(libc_a-nano-svfprintf.o)
                0x000016d2                _svfiprintf_r
                0x000016d2                _svfprintf_r
 .text._printf_common
                0x00001954       0xfc C:/Users/armstrongsubero/Desktop/Products/02_Rovari_Studio/Rovari_System_Studio/toolchain/bin/../lib/gcc/riscv-none-elf/15.2.0/../../../../riscv-none-elf/lib/rv32ec/ilp32e\libc_nano.a(libc_a-nano-vfprintf_i.o)
                0x00001954                _printf_common
 .text._printf_i
                0x00001a50      0x274 C:/Users/armstrongsubero/Desktop/Products/02_Rovari_Studio/Rovari_System_Studio/toolchain/bin/../lib/gcc/riscv-none-elf/15.2.0/../../../../riscv-none-elf/lib/rv32ec/ilp32e\libc_nano.a(libc_a-nano-vfprintf_i.o)
                0x00001a50                _printf_i
 .text.memchr   0x00001cc4       0x1a C:/Users/armstrongsubero/Desktop/Products/02_Rovari_Studio/Rovari_System_Studio/toolchain/bin/../lib/gcc/riscv-none-elf/15.2.0/../../../../riscv-none-elf/lib/rv32ec/ilp32e\libc_nano.a(libc_a-memchr.o)
                0x00001cc4                memchr
 .text._free_r  0x00001cde       0x9e C:/Users/armstrongsubero/Desktop/Products/02_Rovari_Studio/Rovari_System_Studio/toolchain/bin/../lib/gcc/riscv-none-elf/15.2.0/../../../../riscv-none-elf/lib/rv32ec/ilp32e\libc_nano.a(libc_a-freer.o)
                0x00001cde                _free_r
 .text.sbrk_aligned
                0x00001d7c       0x4c C:/Users/armstrongsubero/Desktop/Products/02_Rovari_Studio/Rovari_System_Studio/toolchain/bin/../lib/gcc/riscv-none-elf/15.2.0/../../../../riscv-none-elf/lib/rv32ec/ilp32e\libc_nano.a(libc_a-mallocr.o)
 .text._malloc_r
                0x00001dc8      0x10e C:/Users/armstrongsubero/Desktop/Products/02_Rovari_Studio/Rovari_System_Studio/toolchain/bin/../lib/gcc/riscv-none-elf/15.2.0/../../../../riscv-none-elf/lib/rv32ec/ilp32e\libc_nano.a(libc_a-mallocr.o)
                0x00001dc8                _malloc_r
 .text.__malloc_lock
                0x00001ed6        0x6 C:/Users/armstrongsubero/Desktop/Products/02_Rovari_Studio/Rovari_System_Studio/toolchain/bin/../lib/gcc/riscv-none-elf/15.2.0/../../../../riscv-none-elf/lib/rv32ec/ilp32e\libc_nano.a(libc_a-mlock.o)
                0x00001ed6                __malloc_lock
 .text.__malloc_unlock
                0x00001edc        0x6 C:/Users/armstrongsubero/Desktop/Products/02_Rovari_Studio/Rovari_System_Studio/toolchain/bin/../lib/gcc/riscv-none-elf/15.2.0/../../../../riscv-none-elf/lib/rv32ec/ilp32e\libc_nano.a(libc_a-mlock.o)
                0x00001edc                __malloc_unlock
 .text._realloc_r
                0x00001ee2       0x64 C:/Users/armstrongsubero/Desktop/Products/02_Rovari_Studio/Rovari_System_Studio/toolchain/bin/../lib/gcc/riscv-none-elf/15.2.0/../../../../riscv-none-elf/lib/rv32ec/ilp32e\libc_nano.a(libc_a-reallocr.o)
                0x00001ee2                _realloc_r
 .text._sbrk_r  0x00001f46       0x28 C:/Users/armstrongsubero/Desktop/Products/02_Rovari_Studio/Rovari_System_Studio/toolchain/bin/../lib/gcc/riscv-none-elf/15.2.0/../../../../riscv-none-elf/lib/rv32ec/ilp32e\libc_nano.a(libc_a-sbrkr.o)
                0x00001f46                _sbrk_r
 .text.__retarget_lock_acquire_recursive
                0x00001f6e        0x2 C:/Users/armstrongsubero/Desktop/Products/02_Rovari_Studio/Rovari_System_Studio/toolchain/bin/../lib/gcc/riscv-none-elf/15.2.0/../../../../riscv-none-elf/lib/rv32ec/ilp32e\libc_nano.a(libc_a-lock.o)
                0x00001f6e                __retarget_lock_acquire_recursive
 .text.__retarget_lock_release_recursive
                0x00001f70        0x2 C:/Users/armstrongsubero/Desktop/Products/02_Rovari_Studio/Rovari_System_Studio/toolchain/bin/../lib/gcc/riscv-none-elf/15.2.0/../../../../riscv-none-elf/lib/rv32ec/ilp32e\libc_nano.a(libc_a-lock.o)
                0x00001f70                __retarget_lock_release_recursive
 .text._malloc_usable_size_r
                0x00001f72       0x14 C:/Users/armstrongsubero/Desktop/Products/02_Rovari_Studio/Rovari_System_Studio/toolchain/bin/../lib/gcc/riscv-none-elf/15.2.0/../../../../riscv-none-elf/lib/rv32ec/ilp32e\libc_nano.a(libc_a-msizer.o)
                0x00001f72                _malloc_usable_size_r
 *(.rodata)
 *(.rodata*)
 *fill*         0x00001f86        0x2 
 .rodata.app_init.str1.4
                0x00001f88      0x275 C:/Users/armstrongsubero/Desktop/CH32V003_Examples/36_NFC_C++/system/build/app_ea051d58.o
                                 0x48 (size before relaxing)
 .rodata.app_run.str1.4
                0x000021fd        0x0 C:/Users/armstrongsubero/Desktop/CH32V003_Examples/36_NFC_C++/system/build/app_ea051d58.o
                                 0x3b (size before relaxing)
 *fill*         0x000021fd        0x3 
 .rodata.AHBPrescTable
                0x00002200       0x10 C:/Users/armstrongsubero/Desktop/CH32V003_Examples/36_NFC_C++/system/build/system_ch32v00x_d3983265.o
                0x00002200                AHBPrescTable
 .rodata.ADCPrescTable
                0x00002210       0x14 C:/Users/armstrongsubero/Desktop/CH32V003_Examples/36_NFC_C++/system/build/ch32v00x_rcc_87dcd468.o
 .rodata.APBAHBPrescTable
                0x00002224       0x10 C:/Users/armstrongsubero/Desktop/CH32V003_Examples/36_NFC_C++/system/build/ch32v00x_rcc_87dcd468.o
 .rodata.main.str1.4
                0x00002234        0x0 C:/Users/armstrongsubero/Desktop/CH32V003_Examples/36_NFC_C++/system/build/rovari_main_9df9f901.o
                                 0x8d (size before relaxing)
 .rodata.rovari_tick_init.str1.4
                0x00002234        0x0 C:/Users/armstrongsubero/Desktop/CH32V003_Examples/36_NFC_C++/system/build/rovari_tick_ba34bfbd.o
                                 0x8e (size before relaxing)
 .rodata.__PRETTY_FUNCTION__.0
                0x00002234       0x11 C:/Users/armstrongsubero/Desktop/CH32V003_Examples/36_NFC_C++/system/build/rovari_tick_ba34bfbd.o
 .rodata.uart_print.str1.4
                0x00002245        0x0 C:/Users/armstrongsubero/Desktop/CH32V003_Examples/36_NFC_C++/system/build/rovari_uart_f547dc16.o
                                 0x86 (size before relaxing)
 .rodata.uart_printf.str1.4
                0x00002245        0x0 C:/Users/armstrongsubero/Desktop/CH32V003_Examples/36_NFC_C++/system/build/rovari_uart_f547dc16.o
                                  0xe (size before relaxing)
 *fill*         0x00002245        0x3 
 .rodata.__PRETTY_FUNCTION__.3
                0x00002248        0xc C:/Users/armstrongsubero/Desktop/CH32V003_Examples/36_NFC_C++/system/build/rovari_uart_f547dc16.o
 .rodata.__PRETTY_FUNCTION__.4
                0x00002254        0xd C:/Users/armstrongsubero/Desktop/CH32V003_Examples/36_NFC_C++/system/build/rovari_uart_f547dc16.o
 *fill*         0x00002261        0x3 
 .rodata.__PRETTY_FUNCTION__.5
                0x00002264        0xb C:/Users/armstrongsubero/Desktop/CH32V003_Examples/36_NFC_C++/system/build/rovari_uart_f547dc16.o
 .rodata._svfprintf_r.str1.4
                0x0000226f        0x0 C:/Users/armstrongsubero/Desktop/Products/02_Rovari_Studio/Rovari_System_Studio/toolchain/bin/../lib/gcc/riscv-none-elf/15.2.0/../../../../riscv-none-elf/lib/rv32ec/ilp32e\libc_nano.a(libc_a-nano-svfprintf.o)
                                 0x13 (size before relaxing)
 .rodata._printf_i.str1.4
                0x0000226f        0x0 C:/Users/armstrongsubero/Desktop/Products/02_Rovari_Studio/Rovari_System_Studio/toolchain/bin/../lib/gcc/riscv-none-elf/15.2.0/../../../../riscv-none-elf/lib/rv32ec/ilp32e\libc_nano.a(libc_a-nano-vfprintf_i.o)
                                 0x25 (size before relaxing)
 *fill*         0x0000226f        0x1 
 .rodata._printf_i
                0x00002270       0x58 C:/Users/armstrongsubero/Desktop/Products/02_Rovari_Studio/Rovari_System_Studio/toolchain/bin/../lib/gcc/riscv-none-elf/15.2.0/../../../../riscv-none-elf/lib/rv32ec/ilp32e\libc_nano.a(libc_a-nano-vfprintf_i.o)
 *(.gnu.linkonce.t.*)
                0x000022c8                        . = ALIGN (0x4)

.rela.dyn       0x000022c8        0x0
 .rela.init     0x000022c8        0x0 C:/Users/armstrongsubero/Desktop/CH32V003_Examples/36_NFC_C++/system/build/app_ea051d58.o
 .rela.text.handle_reset
                0x000022c8        0x0 C:/Users/armstrongsubero/Desktop/CH32V003_Examples/36_NFC_C++/system/build/app_ea051d58.o
 .rela.text._sbrk
                0x000022c8        0x0 C:/Users/armstrongsubero/Desktop/CH32V003_Examples/36_NFC_C++/system/build/app_ea051d58.o
 .rela.sdata.curbrk.0
                0x000022c8        0x0 C:/Users/armstrongsubero/Desktop/CH32V003_Examples/36_NFC_C++/system/build/app_ea051d58.o
 .rela.data._impure_data
                0x000022c8        0x0 C:/Users/armstrongsubero/Desktop/CH32V003_Examples/36_NFC_C++/system/build/app_ea051d58.o
 .rela.text.__libc_init_array
                0x000022c8        0x0 C:/Users/armstrongsubero/Desktop/CH32V003_Examples/36_NFC_C++/system/build/app_ea051d58.o
 .rela.text._svfprintf_r
                0x000022c8        0x0 C:/Users/armstrongsubero/Desktop/CH32V003_Examples/36_NFC_C++/system/build/app_ea051d58.o

.fini           0x000022c8        0x0
 *(SORT_NONE(.fini))
                0x000022c8                        . = ALIGN (0x4)
                [!provide]                        PROVIDE (_etext = .)
                [!provide]                        PROVIDE (_eitcm = .)

.preinit_array  0x000022c8        0x0
                0x000022c8                        PROVIDE (__preinit_array_start = .)
 *(.preinit_array)
                0x000022c8                        PROVIDE (__preinit_array_end = .)

.init_array     0x000022c8        0x4
                0x000022c8                        PROVIDE (__init_array_start = .)
 *(SORT_BY_INIT_PRIORITY(.init_array.*) SORT_BY_INIT_PRIORITY(.ctors.*))
 *(.init_array EXCLUDE_FILE(*crtend?.o *crtend.o *crtbegin?.o *crtbegin.o) .ctors)
 .init_array    0x000022c8        0x4 C:/Users/armstrongsubero/Desktop/CH32V003_Examples/36_NFC_C++/system/build/app_ea051d58.o
                0x000022cc                        PROVIDE (__init_array_end = .)

.fini_array     0x000022cc        0x0
                [!provide]                        PROVIDE (__fini_array_start = .)
 *(SORT_BY_INIT_PRIORITY(.fini_array.*) SORT_BY_INIT_PRIORITY(.dtors.*))
 *(.fini_array EXCLUDE_FILE(*crtend?.o *crtend.o *crtbegin?.o *crtbegin.o) .dtors)
                [!provide]                        PROVIDE (__fini_array_end = .)

.ctors
 *crtbegin.o(.ctors)
 *crtbegin?.o(.ctors)
 *(EXCLUDE_FILE(*crtend?.o *crtend.o) .ctors)
 *(SORT_BY_NAME(.ctors.*))
 *(.ctors)

.dtors
 *crtbegin.o(.dtors)
 *crtbegin?.o(.dtors)
 *(EXCLUDE_FILE(*crtend?.o *crtend.o) .dtors)
 *(SORT_BY_NAME(.dtors.*))
 *(.dtors)

.dalign         0x20000000        0x0 load address 0x000022cc
                0x20000000                        . = ALIGN (0x4)
                0x20000000                        PROVIDE (_data_vma = .)

.dlalign        0x000022cc        0x0
                0x000022cc                        . = ALIGN (0x4)
                0x000022cc                        PROVIDE (_data_lma = .)

.data           0x20000000       0x70 load address 0x000022cc
                0x20000000                        . = ALIGN (0x4)
 *(.gnu.linkonce.r.*)
 *(.data .data.*)
 .data._impure_data
                0x20000000       0x4c C:/Users/armstrongsubero/Desktop/Products/02_Rovari_Studio/Rovari_System_Studio/toolchain/bin/../lib/gcc/riscv-none-elf/15.2.0/../../../../riscv-none-elf/lib/rv32ec/ilp32e\libc_nano.a(libc_a-impure.o)
                0x20000000                _impure_data
 *(.gnu.linkonce.d.*)
                0x20000050                        . = ALIGN (0x8)
 *fill*         0x2000004c        0x4 
                0x20000850                        PROVIDE (__global_pointer$ = (. + 0x800))
 *(.sdata .sdata.*)
 .sdata.SystemCoreClock
                0x20000050        0x4 C:/Users/armstrongsubero/Desktop/CH32V003_Examples/36_NFC_C++/system/build/system_ch32v00x_d3983265.o
                0x20000050                SystemCoreClock
 .sdata.curbrk.0
                0x20000054        0x4 C:/Users/armstrongsubero/Desktop/CH32V003_Examples/36_NFC_C++/system/build/debug_612e4371.o
 .sdata._impure_ptr
                0x20000058        0x4 C:/Users/armstrongsubero/Desktop/Products/02_Rovari_Studio/Rovari_System_Studio/toolchain/bin/../lib/gcc/riscv-none-elf/15.2.0/../../../../riscv-none-elf/lib/rv32ec/ilp32e\libc_nano.a(libc_a-impure.o)
                0x20000058                _impure_ptr
 *(.sdata2*)
 *(.gnu.linkonce.s.*)
                0x20000060                        . = ALIGN (0x8)
 *fill*         0x2000005c        0x4 
 *(.srodata.cst16)
 *(.srodata.cst8)
 *(.srodata.cst4)
 *(.srodata.cst2)
 *(.srodata .srodata.*)
 .srodata.PN532_ACK
                0x20000060        0x6 C:/Users/armstrongsubero/Desktop/CH32V003_Examples/36_NFC_C++/system/build/rovari_pn532_4d4d84a2.o
 *fill*         0x20000066        0x2 
 .srodata.__PRETTY_FUNCTION__.0
                0x20000068        0x5 C:/Users/armstrongsubero/Desktop/CH32V003_Examples/36_NFC_C++/system/build/rovari_main_9df9f901.o
                0x20000070                        . = ALIGN (0x4)
 *fill*         0x2000006d        0x3 
                0x20000070                        PROVIDE (_edata = .)

.bss            0x20000070       0xac load address 0x0000233c
                0x20000070                        . = ALIGN (0x4)
                0x20000070                        PROVIDE (_sbss = .)
 *(.sbss*)
 .sbss.serial   0x20000070        0x4 C:/Users/armstrongsubero/Desktop/CH32V003_Examples/36_NFC_C++/system/build/app_ea051d58.o
                0x20000070                serial
 .sbss.p_ms     0x20000074        0x2 C:/Users/armstrongsubero/Desktop/CH32V003_Examples/36_NFC_C++/system/build/debug_612e4371.o
 .sbss.p_us     0x20000076        0x1 C:/Users/armstrongsubero/Desktop/CH32V003_Examples/36_NFC_C++/system/build/debug_612e4371.o
 *fill*         0x20000077        0x1 
 .sbss.NVIC_Priority_Group
                0x20000078        0x4 C:/Users/armstrongsubero/Desktop/CH32V003_Examples/36_NFC_C++/system/build/ch32v00x_misc_9a0fbf45.o
                0x20000078                NVIC_Priority_Group
 .sbss.s_ms_counter
                0x2000007c        0x4 C:/Users/armstrongsubero/Desktop/CH32V003_Examples/36_NFC_C++/system/build/rovari_tick_ba34bfbd.o
 .sbss.__malloc_sbrk_start
                0x20000080        0x4 C:/Users/armstrongsubero/Desktop/Products/02_Rovari_Studio/Rovari_System_Studio/toolchain/bin/../lib/gcc/riscv-none-elf/15.2.0/../../../../riscv-none-elf/lib/rv32ec/ilp32e\libc_nano.a(libc_a-mallocr.o)
                0x20000080                __malloc_sbrk_start
 .sbss.__malloc_free_list
                0x20000084        0x4 C:/Users/armstrongsubero/Desktop/Products/02_Rovari_Studio/Rovari_System_Studio/toolchain/bin/../lib/gcc/riscv-none-elf/15.2.0/../../../../riscv-none-elf/lib/rv32ec/ilp32e\libc_nano.a(libc_a-mallocr.o)
                0x20000084                __malloc_free_list
 .sbss.__lock___malloc_recursive_mutex
                0x20000088        0x1 C:/Users/armstrongsubero/Desktop/Products/02_Rovari_Studio/Rovari_System_Studio/toolchain/bin/../lib/gcc/riscv-none-elf/15.2.0/../../../../riscv-none-elf/lib/rv32ec/ilp32e\libc_nano.a(libc_a-lock.o)
                0x20000088                __lock___malloc_recursive_mutex
 *fill*         0x20000089        0x3 
 .sbss.errno    0x2000008c        0x4 C:/Users/armstrongsubero/Desktop/Products/02_Rovari_Studio/Rovari_System_Studio/toolchain/bin/../lib/gcc/riscv-none-elf/15.2.0/../../../../riscv-none-elf/lib/rv32ec/ilp32e\libc_nano.a(libc_a-reent.o)
                0x2000008c                errno
 *(.gnu.linkonce.sb.*)
 *(.bss*)
 .bss.pn532_buf
                0x20000090       0x47 C:/Users/armstrongsubero/Desktop/CH32V003_Examples/36_NFC_C++/system/build/rovari_pn532_4d4d84a2.o
 *fill*         0x200000d7        0x1 
 .bss.rx_ring1  0x200000d8       0x44 C:/Users/armstrongsubero/Desktop/CH32V003_Examples/36_NFC_C++/system/build/rovari_uart_f547dc16.o
 *(.gnu.linkonce.b.*)
 *(COMMON*)
                0x2000011c                        . = ALIGN (0x4)
                0x2000011c                        PROVIDE (_ebss = .)
                0x2000011c                        PROVIDE (_end = _ebss)
                [!provide]                        PROVIDE (end = .)

.stack          0x20000700      0x100
                0x20000700                        PROVIDE (_heap_end = .)
                0x20000700                        . = ALIGN (0x4)
                [!provide]                        PROVIDE (_susrstack = .)
                0x20000800                        . = (. + __stack_size)
 *fill*         0x20000700      0x100 
                0x20000800                        PROVIDE (_eusrstack = .)
OUTPUT(system\build\app.elf elf32-littleriscv)

.debug_info     0x00000000     0x9c58
 .debug_info    0x00000000      0xcb3 C:/Users/armstrongsubero/Desktop/CH32V003_Examples/36_NFC_C++/system/build/app_ea051d58.o
 .debug_info    0x00000cb3      0x2fa C:/Users/armstrongsubero/Desktop/CH32V003_Examples/36_NFC_C++/system/build/ch32v00x_it_b215f731.o
 .debug_info    0x00000fad     0x1a31 C:/Users/armstrongsubero/Desktop/CH32V003_Examples/36_NFC_C++/system/build/rovari_pn532_4d4d84a2.o
 .debug_info    0x000029de       0x23 C:/Users/armstrongsubero/Desktop/CH32V003_Examples/36_NFC_C++/system/build/startup_12f295f3.o
 .debug_info    0x00002a01      0x370 C:/Users/armstrongsubero/Desktop/CH32V003_Examples/36_NFC_C++/system/build/system_ch32v00x_d3983265.o
 .debug_info    0x00002d71      0x726 C:/Users/armstrongsubero/Desktop/CH32V003_Examples/36_NFC_C++/system/build/debug_612e4371.o
 .debug_info    0x00003497      0x7a1 C:/Users/armstrongsubero/Desktop/CH32V003_Examples/36_NFC_C++/system/build/ch32v00x_gpio_51f76e01.o
 .debug_info    0x00003c38      0x7f5 C:/Users/armstrongsubero/Desktop/CH32V003_Examples/36_NFC_C++/system/build/ch32v00x_rcc_87dcd468.o
 .debug_info    0x0000442d      0x53c C:/Users/armstrongsubero/Desktop/CH32V003_Examples/36_NFC_C++/system/build/ch32v00x_misc_9a0fbf45.o
 .debug_info    0x00004969     0x20f3 C:/Users/armstrongsubero/Desktop/CH32V003_Examples/36_NFC_C++/system/build/ch32v00x_tim_08755a84.o
 .debug_info    0x00006a5c      0x1f8 C:/Users/armstrongsubero/Desktop/CH32V003_Examples/36_NFC_C++/system/build/rovari_main_9df9f901.o
 .debug_info    0x00006c54      0x94d C:/Users/armstrongsubero/Desktop/CH32V003_Examples/36_NFC_C++/system/build/rovari_tick_ba34bfbd.o
 .debug_info    0x000075a1      0x249 C:/Users/armstrongsubero/Desktop/CH32V003_Examples/36_NFC_C++/system/build/sevs_assert_target_d21dbdfb.o
 .debug_info    0x000077ea      0xab9 C:/Users/armstrongsubero/Desktop/CH32V003_Examples/36_NFC_C++/system/build/ch32v00x_usart_04110ab1.o
 .debug_info    0x000082a3      0xd29 C:/Users/armstrongsubero/Desktop/CH32V003_Examples/36_NFC_C++/system/build/rovari_uart_f547dc16.o
 .debug_info    0x00008fcc      0xb95 C:/Users/armstrongsubero/Desktop/CH32V003_Examples/36_NFC_C++/system/build/ch32v00x_i2c_92a4b278.o
 .debug_info    0x00009b61       0x68 C:/Users/armstrongsubero/Desktop/Products/02_Rovari_Studio/Rovari_System_Studio/toolchain/bin/../lib/gcc/riscv-none-elf/15.2.0/rv32ec/ilp32e\libgcc.a(save-restore.o)
 .debug_info    0x00009bc9       0x31 C:/Users/armstrongsubero/Desktop/Products/02_Rovari_Studio/Rovari_System_Studio/toolchain/bin/../lib/gcc/riscv-none-elf/15.2.0/rv32ec/ilp32e\libgcc.a(muldi3.o)
 .debug_info    0x00009bfa       0x5e C:/Users/armstrongsubero/Desktop/Products/02_Rovari_Studio/Rovari_System_Studio/toolchain/bin/../lib/gcc/riscv-none-elf/15.2.0/rv32ec/ilp32e\libgcc.a(div.o)

.debug_abbrev   0x00000000     0x2281
 .debug_abbrev  0x00000000      0x343 C:/Users/armstrongsubero/Desktop/CH32V003_Examples/36_NFC_C++/system/build/app_ea051d58.o
 .debug_abbrev  0x00000343      0x103 C:/Users/armstrongsubero/Desktop/CH32V003_Examples/36_NFC_C++/system/build/ch32v00x_it_b215f731.o
 .debug_abbrev  0x00000446      0x437 C:/Users/armstrongsubero/Desktop/CH32V003_Examples/36_NFC_C++/system/build/rovari_pn532_4d4d84a2.o
 .debug_abbrev  0x0000087d       0x12 C:/Users/armstrongsubero/Desktop/CH32V003_Examples/36_NFC_C++/system/build/startup_12f295f3.o
 .debug_abbrev  0x0000088f      0x1ba C:/Users/armstrongsubero/Desktop/CH32V003_Examples/36_NFC_C++/system/build/system_ch32v00x_d3983265.o
 .debug_abbrev  0x00000a49      0x217 C:/Users/armstrongsubero/Desktop/CH32V003_Examples/36_NFC_C++/system/build/debug_612e4371.o
 .debug_abbrev  0x00000c60      0x202 C:/Users/armstrongsubero/Desktop/CH32V003_Examples/36_NFC_C++/system/build/ch32v00x_gpio_51f76e01.o
 .debug_abbrev  0x00000e62      0x248 C:/Users/armstrongsubero/Desktop/CH32V003_Examples/36_NFC_C++/system/build/ch32v00x_rcc_87dcd468.o
 .debug_abbrev  0x000010aa      0x1c4 C:/Users/armstrongsubero/Desktop/CH32V003_Examples/36_NFC_C++/system/build/ch32v00x_misc_9a0fbf45.o
 .debug_abbrev  0x0000126e      0x31f C:/Users/armstrongsubero/Desktop/CH32V003_Examples/36_NFC_C++/system/build/ch32v00x_tim_08755a84.o
 .debug_abbrev  0x0000158d      0x101 C:/Users/armstrongsubero/Desktop/CH32V003_Examples/36_NFC_C++/system/build/rovari_main_9df9f901.o
 .debug_abbrev  0x0000168e      0x2cc C:/Users/armstrongsubero/Desktop/CH32V003_Examples/36_NFC_C++/system/build/rovari_tick_ba34bfbd.o
 .debug_abbrev  0x0000195a      0x11d C:/Users/armstrongsubero/Desktop/CH32V003_Examples/36_NFC_C++/system/build/sevs_assert_target_d21dbdfb.o
 .debug_abbrev  0x00001a77      0x20b C:/Users/armstrongsubero/Desktop/CH32V003_Examples/36_NFC_C++/system/build/ch32v00x_usart_04110ab1.o
 .debug_abbrev  0x00001c82      0x31f C:/Users/armstrongsubero/Desktop/CH32V003_Examples/36_NFC_C++/system/build/rovari_uart_f547dc16.o
 .debug_abbrev  0x00001fa1      0x268 C:/Users/armstrongsubero/Desktop/CH32V003_Examples/36_NFC_C++/system/build/ch32v00x_i2c_92a4b278.o
 .debug_abbrev  0x00002209       0x28 C:/Users/armstrongsubero/Desktop/Products/02_Rovari_Studio/Rovari_System_Studio/toolchain/bin/../lib/gcc/riscv-none-elf/15.2.0/rv32ec/ilp32e\libgcc.a(save-restore.o)
 .debug_abbrev  0x00002231       0x28 C:/Users/armstrongsubero/Desktop/Products/02_Rovari_Studio/Rovari_System_Studio/toolchain/bin/../lib/gcc/riscv-none-elf/15.2.0/rv32ec/ilp32e\libgcc.a(muldi3.o)
 .debug_abbrev  0x00002259       0x28 C:/Users/armstrongsubero/Desktop/Products/02_Rovari_Studio/Rovari_System_Studio/toolchain/bin/../lib/gcc/riscv-none-elf/15.2.0/rv32ec/ilp32e\libgcc.a(div.o)

.debug_loclists
                0x00000000     0x3a01
 .debug_loclists
                0x00000000      0x1e9 C:/Users/armstrongsubero/Desktop/CH32V003_Examples/36_NFC_C++/system/build/app_ea051d58.o
 .debug_loclists
                0x000001e9      0xbb3 C:/Users/armstrongsubero/Desktop/CH32V003_Examples/36_NFC_C++/system/build/rovari_pn532_4d4d84a2.o
 .debug_loclists
                0x00000d9c       0x77 C:/Users/armstrongsubero/Desktop/CH32V003_Examples/36_NFC_C++/system/build/system_ch32v00x_d3983265.o
 .debug_loclists
                0x00000e13      0x139 C:/Users/armstrongsubero/Desktop/CH32V003_Examples/36_NFC_C++/system/build/debug_612e4371.o
 .debug_loclists
                0x00000f4c      0x50a C:/Users/armstrongsubero/Desktop/CH32V003_Examples/36_NFC_C++/system/build/ch32v00x_gpio_51f76e01.o
 .debug_loclists
                0x00001456      0x3da C:/Users/armstrongsubero/Desktop/CH32V003_Examples/36_NFC_C++/system/build/ch32v00x_rcc_87dcd468.o
 .debug_loclists
                0x00001830       0x6a C:/Users/armstrongsubero/Desktop/CH32V003_Examples/36_NFC_C++/system/build/ch32v00x_misc_9a0fbf45.o
 .debug_loclists
                0x0000189a     0x10d6 C:/Users/armstrongsubero/Desktop/CH32V003_Examples/36_NFC_C++/system/build/ch32v00x_tim_08755a84.o
 .debug_loclists
                0x00002970       0x84 C:/Users/armstrongsubero/Desktop/CH32V003_Examples/36_NFC_C++/system/build/rovari_tick_ba34bfbd.o
 .debug_loclists
                0x000029f4       0xa8 C:/Users/armstrongsubero/Desktop/CH32V003_Examples/36_NFC_C++/system/build/sevs_assert_target_d21dbdfb.o
 .debug_loclists
                0x00002a9c      0x5d5 C:/Users/armstrongsubero/Desktop/CH32V003_Examples/36_NFC_C++/system/build/ch32v00x_usart_04110ab1.o
 .debug_loclists
                0x00003071      0x407 C:/Users/armstrongsubero/Desktop/CH32V003_Examples/36_NFC_C++/system/build/rovari_uart_f547dc16.o
 .debug_loclists
                0x00003478      0x589 C:/Users/armstrongsubero/Desktop/CH32V003_Examples/36_NFC_C++/system/build/ch32v00x_i2c_92a4b278.o

.debug_aranges  0x00000000      0x988
 .debug_aranges
                0x00000000       0x30 C:/Users/armstrongsubero/Desktop/CH32V003_Examples/36_NFC_C++/system/build/app_ea051d58.o
 .debug_aranges
                0x00000030       0x28 C:/Users/armstrongsubero/Desktop/CH32V003_Examples/36_NFC_C++/system/build/ch32v00x_it_b215f731.o
 .debug_aranges
                0x00000058       0xb8 C:/Users/armstrongsubero/Desktop/CH32V003_Examples/36_NFC_C++/system/build/rovari_pn532_4d4d84a2.o
 .debug_aranges
                0x00000110       0x30 C:/Users/armstrongsubero/Desktop/CH32V003_Examples/36_NFC_C++/system/build/startup_12f295f3.o
 .debug_aranges
                0x00000140       0x28 C:/Users/armstrongsubero/Desktop/CH32V003_Examples/36_NFC_C++/system/build/system_ch32v00x_d3983265.o
 .debug_aranges
                0x00000168       0x50 C:/Users/armstrongsubero/Desktop/CH32V003_Examples/36_NFC_C++/system/build/debug_612e4371.o
 .debug_aranges
                0x000001b8       0x98 C:/Users/armstrongsubero/Desktop/CH32V003_Examples/36_NFC_C++/system/build/ch32v00x_gpio_51f76e01.o
 .debug_aranges
                0x00000250       0xe0 C:/Users/armstrongsubero/Desktop/CH32V003_Examples/36_NFC_C++/system/build/ch32v00x_rcc_87dcd468.o
 .debug_aranges
                0x00000330       0x28 C:/Users/armstrongsubero/Desktop/CH32V003_Examples/36_NFC_C++/system/build/ch32v00x_misc_9a0fbf45.o
 .debug_aranges
                0x00000358      0x2e8 C:/Users/armstrongsubero/Desktop/CH32V003_Examples/36_NFC_C++/system/build/ch32v00x_tim_08755a84.o
 .debug_aranges
                0x00000640       0x20 C:/Users/armstrongsubero/Desktop/CH32V003_Examples/36_NFC_C++/system/build/rovari_main_9df9f901.o
 .debug_aranges
                0x00000660       0x38 C:/Users/armstrongsubero/Desktop/CH32V003_Examples/36_NFC_C++/system/build/rovari_tick_ba34bfbd.o
 .debug_aranges
                0x00000698       0x20 C:/Users/armstrongsubero/Desktop/CH32V003_Examples/36_NFC_C++/system/build/sevs_assert_target_d21dbdfb.o
 .debug_aranges
                0x000006b8      0x100 C:/Users/armstrongsubero/Desktop/CH32V003_Examples/36_NFC_C++/system/build/ch32v00x_usart_04110ab1.o
 .debug_aranges
                0x000007b8       0x58 C:/Users/armstrongsubero/Desktop/CH32V003_Examples/36_NFC_C++/system/build/rovari_uart_f547dc16.o
 .debug_aranges
                0x00000810      0x118 C:/Users/armstrongsubero/Desktop/CH32V003_Examples/36_NFC_C++/system/build/ch32v00x_i2c_92a4b278.o
 .debug_aranges
                0x00000928       0x20 C:/Users/armstrongsubero/Desktop/Products/02_Rovari_Studio/Rovari_System_Studio/toolchain/bin/../lib/gcc/riscv-none-elf/15.2.0/rv32ec/ilp32e\libgcc.a(save-restore.o)
 .debug_aranges
                0x00000948       0x20 C:/Users/armstrongsubero/Desktop/Products/02_Rovari_Studio/Rovari_System_Studio/toolchain/bin/../lib/gcc/riscv-none-elf/15.2.0/rv32ec/ilp32e\libgcc.a(muldi3.o)
 .debug_aranges
                0x00000968       0x20 C:/Users/armstrongsubero/Desktop/Products/02_Rovari_Studio/Rovari_System_Studio/toolchain/bin/../lib/gcc/riscv-none-elf/15.2.0/rv32ec/ilp32e\libgcc.a(div.o)

.debug_rnglists
                0x00000000      0x879
 .debug_rnglists
                0x00000000       0x56 C:/Users/armstrongsubero/Desktop/CH32V003_Examples/36_NFC_C++/system/build/app_ea051d58.o
 .debug_rnglists
                0x00000056       0x19 C:/Users/armstrongsubero/Desktop/CH32V003_Examples/36_NFC_C++/system/build/ch32v00x_it_b215f731.o
 .debug_rnglists
                0x0000006f      0x180 C:/Users/armstrongsubero/Desktop/CH32V003_Examples/36_NFC_C++/system/build/rovari_pn532_4d4d84a2.o
 .debug_rnglists
                0x000001ef       0x21 C:/Users/armstrongsubero/Desktop/CH32V003_Examples/36_NFC_C++/system/build/startup_12f295f3.o
 .debug_rnglists
                0x00000210       0x1a C:/Users/armstrongsubero/Desktop/CH32V003_Examples/36_NFC_C++/system/build/system_ch32v00x_d3983265.o
 .debug_rnglists
                0x0000022a       0x37 C:/Users/armstrongsubero/Desktop/CH32V003_Examples/36_NFC_C++/system/build/debug_612e4371.o
 .debug_rnglists
                0x00000261       0x6f C:/Users/armstrongsubero/Desktop/CH32V003_Examples/36_NFC_C++/system/build/ch32v00x_gpio_51f76e01.o
 .debug_rnglists
                0x000002d0       0xa4 C:/Users/armstrongsubero/Desktop/CH32V003_Examples/36_NFC_C++/system/build/ch32v00x_rcc_87dcd468.o
 .debug_rnglists
                0x00000374       0x3d C:/Users/armstrongsubero/Desktop/CH32V003_Examples/36_NFC_C++/system/build/ch32v00x_misc_9a0fbf45.o
 .debug_rnglists
                0x000003b1      0x24f C:/Users/armstrongsubero/Desktop/CH32V003_Examples/36_NFC_C++/system/build/ch32v00x_tim_08755a84.o
 .debug_rnglists
                0x00000600       0x13 C:/Users/armstrongsubero/Desktop/CH32V003_Examples/36_NFC_C++/system/build/rovari_main_9df9f901.o
 .debug_rnglists
                0x00000613       0x32 C:/Users/armstrongsubero/Desktop/CH32V003_Examples/36_NFC_C++/system/build/rovari_tick_ba34bfbd.o
 .debug_rnglists
                0x00000645       0x14 C:/Users/armstrongsubero/Desktop/CH32V003_Examples/36_NFC_C++/system/build/sevs_assert_target_d21dbdfb.o
 .debug_rnglists
                0x00000659       0xbc C:/Users/armstrongsubero/Desktop/CH32V003_Examples/36_NFC_C++/system/build/ch32v00x_usart_04110ab1.o
 .debug_rnglists
                0x00000715       0x96 C:/Users/armstrongsubero/Desktop/CH32V003_Examples/36_NFC_C++/system/build/rovari_uart_f547dc16.o
 .debug_rnglists
                0x000007ab       0xce C:/Users/armstrongsubero/Desktop/CH32V003_Examples/36_NFC_C++/system/build/ch32v00x_i2c_92a4b278.o

.debug_line     0x00000000     0x8a1b
 .debug_line    0x00000000      0x4b0 C:/Users/armstrongsubero/Desktop/CH32V003_Examples/36_NFC_C++/system/build/app_ea051d58.o
 .debug_line    0x000004b0       0xc5 C:/Users/armstrongsubero/Desktop/CH32V003_Examples/36_NFC_C++/system/build/ch32v00x_it_b215f731.o
 .debug_line    0x00000575     0x1631 C:/Users/armstrongsubero/Desktop/CH32V003_Examples/36_NFC_C++/system/build/rovari_pn532_4d4d84a2.o
 .debug_line    0x00001ba6      0x144 C:/Users/armstrongsubero/Desktop/CH32V003_Examples/36_NFC_C++/system/build/startup_12f295f3.o
 .debug_line    0x00001cea      0x376 C:/Users/armstrongsubero/Desktop/CH32V003_Examples/36_NFC_C++/system/build/system_ch32v00x_d3983265.o
 .debug_line    0x00002060      0x4b7 C:/Users/armstrongsubero/Desktop/CH32V003_Examples/36_NFC_C++/system/build/debug_612e4371.o
 .debug_line    0x00002517      0x872 C:/Users/armstrongsubero/Desktop/CH32V003_Examples/36_NFC_C++/system/build/ch32v00x_gpio_51f76e01.o
 .debug_line    0x00002d89      0xaaf C:/Users/armstrongsubero/Desktop/CH32V003_Examples/36_NFC_C++/system/build/ch32v00x_rcc_87dcd468.o
 .debug_line    0x00003838      0x1f0 C:/Users/armstrongsubero/Desktop/CH32V003_Examples/36_NFC_C++/system/build/ch32v00x_misc_9a0fbf45.o
 .debug_line    0x00003a28     0x277a C:/Users/armstrongsubero/Desktop/CH32V003_Examples/36_NFC_C++/system/build/ch32v00x_tim_08755a84.o
 .debug_line    0x000061a2       0xcc C:/Users/armstrongsubero/Desktop/CH32V003_Examples/36_NFC_C++/system/build/rovari_main_9df9f901.o
 .debug_line    0x0000626e      0x2bb C:/Users/armstrongsubero/Desktop/CH32V003_Examples/36_NFC_C++/system/build/rovari_tick_ba34bfbd.o
 .debug_line    0x00006529      0x158 C:/Users/armstrongsubero/Desktop/CH32V003_Examples/36_NFC_C++/system/build/sevs_assert_target_d21dbdfb.o
 .debug_line    0x00006681      0xbbe C:/Users/armstrongsubero/Desktop/CH32V003_Examples/36_NFC_C++/system/build/ch32v00x_usart_04110ab1.o
 .debug_line    0x0000723f      0x8dc C:/Users/armstrongsubero/Desktop/CH32V003_Examples/36_NFC_C++/system/build/rovari_uart_f547dc16.o
 .debug_line    0x00007b1b      0xcb2 C:/Users/armstrongsubero/Desktop/CH32V003_Examples/36_NFC_C++/system/build/ch32v00x_i2c_92a4b278.o
 .debug_line    0x000087cd       0x81 C:/Users/armstrongsubero/Desktop/Products/02_Rovari_Studio/Rovari_System_Studio/toolchain/bin/../lib/gcc/riscv-none-elf/15.2.0/rv32ec/ilp32e\libgcc.a(save-restore.o)
 .debug_line    0x0000884e       0x7a C:/Users/armstrongsubero/Desktop/Products/02_Rovari_Studio/Rovari_System_Studio/toolchain/bin/../lib/gcc/riscv-none-elf/15.2.0/rv32ec/ilp32e\libgcc.a(muldi3.o)
 .debug_line    0x000088c8      0x153 C:/Users/armstrongsubero/Desktop/Products/02_Rovari_Studio/Rovari_System_Studio/toolchain/bin/../lib/gcc/riscv-none-elf/15.2.0/rv32ec/ilp32e\libgcc.a(div.o)

.debug_str      0x00000000     0x2c93
 .debug_str     0x00000000     0x2c93 C:/Users/armstrongsubero/Desktop/CH32V003_Examples/36_NFC_C++/system/build/app_ea051d58.o
                                0x672 (size before relaxing)
 .debug_str     0x00002c93        0x0 C:/Users/armstrongsubero/Desktop/CH32V003_Examples/36_NFC_C++/system/build/ch32v00x_it_b215f731.o
                                0x262 (size before relaxing)
 .debug_str     0x00002c93        0x0 C:/Users/armstrongsubero/Desktop/CH32V003_Examples/36_NFC_C++/system/build/rovari_pn532_4d4d84a2.o
                                0x7f9 (size before relaxing)
 .debug_str     0x00002c93        0x0 C:/Users/armstrongsubero/Desktop/CH32V003_Examples/36_NFC_C++/system/build/startup_12f295f3.o
                                 0x99 (size before relaxing)
 .debug_str     0x00002c93        0x0 C:/Users/armstrongsubero/Desktop/CH32V003_Examples/36_NFC_C++/system/build/system_ch32v00x_d3983265.o
                                0x2ee (size before relaxing)
 .debug_str     0x00002c93        0x0 C:/Users/armstrongsubero/Desktop/CH32V003_Examples/36_NFC_C++/system/build/debug_612e4371.o
                                0x528 (size before relaxing)
 .debug_str     0x00002c93        0x0 C:/Users/armstrongsubero/Desktop/CH32V003_Examples/36_NFC_C++/system/build/ch32v00x_gpio_51f76e01.o
                                0x514 (size before relaxing)
 .debug_str     0x00002c93        0x0 C:/Users/armstrongsubero/Desktop/CH32V003_Examples/36_NFC_C++/system/build/ch32v00x_rcc_87dcd468.o
                                0x58d (size before relaxing)
 .debug_str     0x00002c93        0x0 C:/Users/armstrongsubero/Desktop/CH32V003_Examples/36_NFC_C++/system/build/ch32v00x_misc_9a0fbf45.o
                                0x4dc (size before relaxing)
 .debug_str     0x00002c93        0x0 C:/Users/armstrongsubero/Desktop/CH32V003_Examples/36_NFC_C++/system/build/ch32v00x_tim_08755a84.o
                                0xe3d (size before relaxing)
 .debug_str     0x00002c93        0x0 C:/Users/armstrongsubero/Desktop/CH32V003_Examples/36_NFC_C++/system/build/rovari_main_9df9f901.o
                                0x275 (size before relaxing)
 .debug_str     0x00002c93        0x0 C:/Users/armstrongsubero/Desktop/CH32V003_Examples/36_NFC_C++/system/build/rovari_tick_ba34bfbd.o
                                0x69f (size before relaxing)
 .debug_str     0x00002c93        0x0 C:/Users/armstrongsubero/Desktop/CH32V003_Examples/36_NFC_C++/system/build/sevs_assert_target_d21dbdfb.o
                                0x219 (size before relaxing)
 .debug_str     0x00002c93        0x0 C:/Users/armstrongsubero/Desktop/CH32V003_Examples/36_NFC_C++/system/build/ch32v00x_usart_04110ab1.o
                                0x6e4 (size before relaxing)
 .debug_str     0x00002c93        0x0 C:/Users/armstrongsubero/Desktop/CH32V003_Examples/36_NFC_C++/system/build/rovari_uart_f547dc16.o
                                0x5ea (size before relaxing)
 .debug_str     0x00002c93        0x0 C:/Users/armstrongsubero/Desktop/CH32V003_Examples/36_NFC_C++/system/build/ch32v00x_i2c_92a4b278.o
                                0x68e (size before relaxing)
 .debug_str     0x00002c93        0x0 C:/Users/armstrongsubero/Desktop/Products/02_Rovari_Studio/Rovari_System_Studio/toolchain/bin/../lib/gcc/riscv-none-elf/15.2.0/rv32ec/ilp32e\libgcc.a(save-restore.o)
                                0x205 (size before relaxing)
 .debug_str     0x00002c93        0x0 C:/Users/armstrongsubero/Desktop/Products/02_Rovari_Studio/Rovari_System_Studio/toolchain/bin/../lib/gcc/riscv-none-elf/15.2.0/rv32ec/ilp32e\libgcc.a(muldi3.o)
                                0x1a5 (size before relaxing)
 .debug_str     0x00002c93        0x0 C:/Users/armstrongsubero/Desktop/Products/02_Rovari_Studio/Rovari_System_Studio/toolchain/bin/../lib/gcc/riscv-none-elf/15.2.0/rv32ec/ilp32e\libgcc.a(div.o)
                                0x1d2 (size before relaxing)

.debug_line_str
                0x00000000      0xd37
 .debug_line_str
                0x00000000      0xd37 C:/Users/armstrongsubero/Desktop/CH32V003_Examples/36_NFC_C++/system/build/app_ea051d58.o
                                0x334 (size before relaxing)
 .debug_line_str
                0x00000d37        0x0 C:/Users/armstrongsubero/Desktop/CH32V003_Examples/36_NFC_C++/system/build/ch32v00x_it_b215f731.o
                                0x25c (size before relaxing)
 .debug_line_str
                0x00000d37        0x0 C:/Users/armstrongsubero/Desktop/CH32V003_Examples/36_NFC_C++/system/build/rovari_pn532_4d4d84a2.o
                                0x324 (size before relaxing)
 .debug_line_str
                0x00000d37        0x0 C:/Users/armstrongsubero/Desktop/CH32V003_Examples/36_NFC_C++/system/build/startup_12f295f3.o
                                 0x8d (size before relaxing)
 .debug_line_str
                0x00000d37        0x0 C:/Users/armstrongsubero/Desktop/CH32V003_Examples/36_NFC_C++/system/build/system_ch32v00x_d3983265.o
                                0x267 (size before relaxing)
 .debug_line_str
                0x00000d37        0x0 C:/Users/armstrongsubero/Desktop/CH32V003_Examples/36_NFC_C++/system/build/debug_612e4371.o
                                0x30a (size before relaxing)
 .debug_line_str
                0x00000d37        0x0 C:/Users/armstrongsubero/Desktop/CH32V003_Examples/36_NFC_C++/system/build/ch32v00x_gpio_51f76e01.o
                                0x26e (size before relaxing)
 .debug_line_str
                0x00000d37        0x0 C:/Users/armstrongsubero/Desktop/CH32V003_Examples/36_NFC_C++/system/build/ch32v00x_rcc_87dcd468.o
                                0x25c (size before relaxing)
 .debug_line_str
                0x00000d37        0x0 C:/Users/armstrongsubero/Desktop/CH32V003_Examples/36_NFC_C++/system/build/ch32v00x_misc_9a0fbf45.o
                                0x25f (size before relaxing)
 .debug_line_str
                0x00000d37        0x0 C:/Users/armstrongsubero/Desktop/CH32V003_Examples/36_NFC_C++/system/build/ch32v00x_tim_08755a84.o
                                0x26b (size before relaxing)
 .debug_line_str
                0x00000d37        0x0 C:/Users/armstrongsubero/Desktop/CH32V003_Examples/36_NFC_C++/system/build/rovari_main_9df9f901.o
                                0x2d4 (size before relaxing)
 .debug_line_str
                0x00000d37        0x0 C:/Users/armstrongsubero/Desktop/CH32V003_Examples/36_NFC_C++/system/build/rovari_tick_ba34bfbd.o
                                0x2f2 (size before relaxing)
 .debug_line_str
                0x00000d37        0x0 C:/Users/armstrongsubero/Desktop/CH32V003_Examples/36_NFC_C++/system/build/sevs_assert_target_d21dbdfb.o
                                0x2ca (size before relaxing)
 .debug_line_str
                0x00000d37        0x0 C:/Users/armstrongsubero/Desktop/CH32V003_Examples/36_NFC_C++/system/build/ch32v00x_usart_04110ab1.o
                                0x271 (size before relaxing)
 .debug_line_str
                0x00000d37        0x0 C:/Users/armstrongsubero/Desktop/CH32V003_Examples/36_NFC_C++/system/build/rovari_uart_f547dc16.o
                                0x402 (size before relaxing)
 .debug_line_str
                0x00000d37        0x0 C:/Users/armstrongsubero/Desktop/CH32V003_Examples/36_NFC_C++/system/build/ch32v00x_i2c_92a4b278.o
                                0x26b (size before relaxing)
 .debug_line_str
                0x00000d37        0x0 C:/Users/armstrongsubero/Desktop/Products/02_Rovari_Studio/Rovari_System_Studio/toolchain/bin/../lib/gcc/riscv-none-elf/15.2.0/rv32ec/ilp32e\libgcc.a(save-restore.o)
                                0x196 (size before relaxing)
 .debug_line_str
                0x00000d37        0x0 C:/Users/armstrongsubero/Desktop/Products/02_Rovari_Studio/Rovari_System_Studio/toolchain/bin/../lib/gcc/riscv-none-elf/15.2.0/rv32ec/ilp32e\libgcc.a(muldi3.o)
                                0x190 (size before relaxing)
 .debug_line_str
                0x00000d37        0x0 C:/Users/armstrongsubero/Desktop/Products/02_Rovari_Studio/Rovari_System_Studio/toolchain/bin/../lib/gcc/riscv-none-elf/15.2.0/rv32ec/ilp32e\libgcc.a(div.o)
                                0x18d (size before relaxing)

.comment        0x00000000       0x33
 .comment       0x00000000       0x33 C:/Users/armstrongsubero/Desktop/CH32V003_Examples/36_NFC_C++/system/build/app_ea051d58.o
                                 0x34 (size before relaxing)
 .comment       0x00000033        0x0 C:/Users/armstrongsubero/Desktop/CH32V003_Examples/36_NFC_C++/system/build/ch32v00x_it_b215f731.o
                                 0x34 (size before relaxing)
 .comment       0x00000033        0x0 C:/Users/armstrongsubero/Desktop/CH32V003_Examples/36_NFC_C++/system/build/rovari_pn532_4d4d84a2.o
                                 0x34 (size before relaxing)
 .comment       0x00000033        0x0 C:/Users/armstrongsubero/Desktop/CH32V003_Examples/36_NFC_C++/system/build/system_ch32v00x_d3983265.o
                                 0x34 (size before relaxing)
 .comment       0x00000033        0x0 C:/Users/armstrongsubero/Desktop/CH32V003_Examples/36_NFC_C++/system/build/debug_612e4371.o
                                 0x34 (size before relaxing)
 .comment       0x00000033        0x0 C:/Users/armstrongsubero/Desktop/CH32V003_Examples/36_NFC_C++/system/build/ch32v00x_gpio_51f76e01.o
                                 0x34 (size before relaxing)
 .comment       0x00000033        0x0 C:/Users/armstrongsubero/Desktop/CH32V003_Examples/36_NFC_C++/system/build/ch32v00x_rcc_87dcd468.o
                                 0x34 (size before relaxing)
 .comment       0x00000033        0x0 C:/Users/armstrongsubero/Desktop/CH32V003_Examples/36_NFC_C++/system/build/ch32v00x_misc_9a0fbf45.o
                                 0x34 (size before relaxing)
 .comment       0x00000033        0x0 C:/Users/armstrongsubero/Desktop/CH32V003_Examples/36_NFC_C++/system/build/ch32v00x_tim_08755a84.o
                                 0x34 (size before relaxing)
 .comment       0x00000033        0x0 C:/Users/armstrongsubero/Desktop/CH32V003_Examples/36_NFC_C++/system/build/rovari_main_9df9f901.o
                                 0x34 (size before relaxing)
 .comment       0x00000033        0x0 C:/Users/armstrongsubero/Desktop/CH32V003_Examples/36_NFC_C++/system/build/rovari_tick_ba34bfbd.o
                                 0x34 (size before relaxing)
 .comment       0x00000033        0x0 C:/Users/armstrongsubero/Desktop/CH32V003_Examples/36_NFC_C++/system/build/sevs_assert_target_d21dbdfb.o
                                 0x34 (size before relaxing)
 .comment       0x00000033        0x0 C:/Users/armstrongsubero/Desktop/CH32V003_Examples/36_NFC_C++/system/build/ch32v00x_usart_04110ab1.o
                                 0x34 (size before relaxing)
 .comment       0x00000033        0x0 C:/Users/armstrongsubero/Desktop/CH32V003_Examples/36_NFC_C++/system/build/rovari_uart_f547dc16.o
                                 0x34 (size before relaxing)
 .comment       0x00000033        0x0 C:/Users/armstrongsubero/Desktop/CH32V003_Examples/36_NFC_C++/system/build/ch32v00x_i2c_92a4b278.o
                                 0x34 (size before relaxing)
 .comment       0x00000033        0x0 C:/Users/armstrongsubero/Desktop/Products/02_Rovari_Studio/Rovari_System_Studio/toolchain/bin/../lib/gcc/riscv-none-elf/15.2.0/../../../../riscv-none-elf/lib/rv32ec/ilp32e\libc_nano.a(libc_a-vsnprintf.o)
                                 0x34 (size before relaxing)
 .comment       0x00000033        0x0 C:/Users/armstrongsubero/Desktop/Products/02_Rovari_Studio/Rovari_System_Studio/toolchain/bin/../lib/gcc/riscv-none-elf/15.2.0/../../../../riscv-none-elf/lib/rv32ec/ilp32e\libc_nano.a(libc_a-strncpy.o)
                                 0x34 (size before relaxing)
 .comment       0x00000033        0x0 C:/Users/armstrongsubero/Desktop/Products/02_Rovari_Studio/Rovari_System_Studio/toolchain/bin/../lib/gcc/riscv-none-elf/15.2.0/../../../../riscv-none-elf/lib/rv32ec/ilp32e\libc_nano.a(libc_a-impure.o)
                                 0x34 (size before relaxing)
 .comment       0x00000033        0x0 C:/Users/armstrongsubero/Desktop/Products/02_Rovari_Studio/Rovari_System_Studio/toolchain/bin/../lib/gcc/riscv-none-elf/15.2.0/../../../../riscv-none-elf/lib/rv32ec/ilp32e\libc_nano.a(libc_a-init.o)
                                 0x34 (size before relaxing)
 .comment       0x00000033        0x0 C:/Users/armstrongsubero/Desktop/Products/02_Rovari_Studio/Rovari_System_Studio/toolchain/bin/../lib/gcc/riscv-none-elf/15.2.0/../../../../riscv-none-elf/lib/rv32ec/ilp32e\libc_nano.a(libc_a-nano-svfprintf.o)
                                 0x34 (size before relaxing)
 .comment       0x00000033        0x0 C:/Users/armstrongsubero/Desktop/Products/02_Rovari_Studio/Rovari_System_Studio/toolchain/bin/../lib/gcc/riscv-none-elf/15.2.0/../../../../riscv-none-elf/lib/rv32ec/ilp32e\libc_nano.a(libc_a-nano-vfprintf_i.o)
                                 0x34 (size before relaxing)
 .comment       0x00000033        0x0 C:/Users/armstrongsubero/Desktop/Products/02_Rovari_Studio/Rovari_System_Studio/toolchain/bin/../lib/gcc/riscv-none-elf/15.2.0/../../../../riscv-none-elf/lib/rv32ec/ilp32e\libc_nano.a(libc_a-memchr.o)
                                 0x34 (size before relaxing)
 .comment       0x00000033        0x0 C:/Users/armstrongsubero/Desktop/Products/02_Rovari_Studio/Rovari_System_Studio/toolchain/bin/../lib/gcc/riscv-none-elf/15.2.0/../../../../riscv-none-elf/lib/rv32ec/ilp32e\libc_nano.a(libc_a-freer.o)
                                 0x34 (size before relaxing)
 .comment       0x00000033        0x0 C:/Users/armstrongsubero/Desktop/Products/02_Rovari_Studio/Rovari_System_Studio/toolchain/bin/../lib/gcc/riscv-none-elf/15.2.0/../../../../riscv-none-elf/lib/rv32ec/ilp32e\libc_nano.a(libc_a-mallocr.o)
                                 0x34 (size before relaxing)
 .comment       0x00000033        0x0 C:/Users/armstrongsubero/Desktop/Products/02_Rovari_Studio/Rovari_System_Studio/toolchain/bin/../lib/gcc/riscv-none-elf/15.2.0/../../../../riscv-none-elf/lib/rv32ec/ilp32e\libc_nano.a(libc_a-mlock.o)
                                 0x34 (size before relaxing)
 .comment       0x00000033        0x0 C:/Users/armstrongsubero/Desktop/Products/02_Rovari_Studio/Rovari_System_Studio/toolchain/bin/../lib/gcc/riscv-none-elf/15.2.0/../../../../riscv-none-elf/lib/rv32ec/ilp32e\libc_nano.a(libc_a-reallocr.o)
                                 0x34 (size before relaxing)
 .comment       0x00000033        0x0 C:/Users/armstrongsubero/Desktop/Products/02_Rovari_Studio/Rovari_System_Studio/toolchain/bin/../lib/gcc/riscv-none-elf/15.2.0/../../../../riscv-none-elf/lib/rv32ec/ilp32e\libc_nano.a(libc_a-sbrkr.o)
                                 0x34 (size before relaxing)
 .comment       0x00000033        0x0 C:/Users/armstrongsubero/Desktop/Products/02_Rovari_Studio/Rovari_System_Studio/toolchain/bin/../lib/gcc/riscv-none-elf/15.2.0/../../../../riscv-none-elf/lib/rv32ec/ilp32e\libc_nano.a(libc_a-lock.o)
                                 0x34 (size before relaxing)
 .comment       0x00000033        0x0 C:/Users/armstrongsubero/Desktop/Products/02_Rovari_Studio/Rovari_System_Studio/toolchain/bin/../lib/gcc/riscv-none-elf/15.2.0/../../../../riscv-none-elf/lib/rv32ec/ilp32e\libc_nano.a(libc_a-msizer.o)
                                 0x34 (size before relaxing)
 .comment       0x00000033        0x0 C:/Users/armstrongsubero/Desktop/Products/02_Rovari_Studio/Rovari_System_Studio/toolchain/bin/../lib/gcc/riscv-none-elf/15.2.0/../../../../riscv-none-elf/lib/rv32ec/ilp32e\libc_nano.a(libc_a-reent.o)
                                 0x34 (size before relaxing)

.note.GNU-stack
                0x00000000        0x0
 .note.GNU-stack
                0x00000000        0x0 C:/Users/armstrongsubero/Desktop/CH32V003_Examples/36_NFC_C++/system/build/app_ea051d58.o
 .note.GNU-stack
                0x00000000        0x0 C:/Users/armstrongsubero/Desktop/CH32V003_Examples/36_NFC_C++/system/build/ch32v00x_it_b215f731.o
 .note.GNU-stack
                0x00000000        0x0 C:/Users/armstrongsubero/Desktop/CH32V003_Examples/36_NFC_C++/system/build/rovari_pn532_4d4d84a2.o
 .note.GNU-stack
                0x00000000        0x0 C:/Users/armstrongsubero/Desktop/CH32V003_Examples/36_NFC_C++/system/build/system_ch32v00x_d3983265.o
 .note.GNU-stack
                0x00000000        0x0 C:/Users/armstrongsubero/Desktop/CH32V003_Examples/36_NFC_C++/system/build/debug_612e4371.o
 .note.GNU-stack
                0x00000000        0x0 C:/Users/armstrongsubero/Desktop/CH32V003_Examples/36_NFC_C++/system/build/ch32v00x_gpio_51f76e01.o
 .note.GNU-stack
                0x00000000        0x0 C:/Users/armstrongsubero/Desktop/CH32V003_Examples/36_NFC_C++/system/build/ch32v00x_rcc_87dcd468.o
 .note.GNU-stack
                0x00000000        0x0 C:/Users/armstrongsubero/Desktop/CH32V003_Examples/36_NFC_C++/system/build/ch32v00x_misc_9a0fbf45.o
 .note.GNU-stack
                0x00000000        0x0 C:/Users/armstrongsubero/Desktop/CH32V003_Examples/36_NFC_C++/system/build/ch32v00x_tim_08755a84.o
 .note.GNU-stack
                0x00000000        0x0 C:/Users/armstrongsubero/Desktop/CH32V003_Examples/36_NFC_C++/system/build/rovari_main_9df9f901.o
 .note.GNU-stack
                0x00000000        0x0 C:/Users/armstrongsubero/Desktop/CH32V003_Examples/36_NFC_C++/system/build/rovari_tick_ba34bfbd.o
 .note.GNU-stack
                0x00000000        0x0 C:/Users/armstrongsubero/Desktop/CH32V003_Examples/36_NFC_C++/system/build/sevs_assert_target_d21dbdfb.o
 .note.GNU-stack
                0x00000000        0x0 C:/Users/armstrongsubero/Desktop/CH32V003_Examples/36_NFC_C++/system/build/ch32v00x_usart_04110ab1.o
 .note.GNU-stack
                0x00000000        0x0 C:/Users/armstrongsubero/Desktop/CH32V003_Examples/36_NFC_C++/system/build/rovari_uart_f547dc16.o
 .note.GNU-stack
                0x00000000        0x0 C:/Users/armstrongsubero/Desktop/CH32V003_Examples/36_NFC_C++/system/build/ch32v00x_i2c_92a4b278.o
 .note.GNU-stack
                0x00000000        0x0 C:/Users/armstrongsubero/Desktop/Products/02_Rovari_Studio/Rovari_System_Studio/toolchain/bin/../lib/gcc/riscv-none-elf/15.2.0/../../../../riscv-none-elf/lib/rv32ec/ilp32e\libc_nano.a(libc_a-vsnprintf.o)
 .note.GNU-stack
                0x00000000        0x0 C:/Users/armstrongsubero/Desktop/Products/02_Rovari_Studio/Rovari_System_Studio/toolchain/bin/../lib/gcc/riscv-none-elf/15.2.0/../../../../riscv-none-elf/lib/rv32ec/ilp32e\libc_nano.a(libc_a-strncpy.o)
 .note.GNU-stack
                0x00000000        0x0 C:/Users/armstrongsubero/Desktop/Products/02_Rovari_Studio/Rovari_System_Studio/toolchain/bin/../lib/gcc/riscv-none-elf/15.2.0/../../../../riscv-none-elf/lib/rv32ec/ilp32e\libc_nano.a(libc_a-impure.o)
 .note.GNU-stack
                0x00000000        0x0 C:/Users/armstrongsubero/Desktop/Products/02_Rovari_Studio/Rovari_System_Studio/toolchain/bin/../lib/gcc/riscv-none-elf/15.2.0/../../../../riscv-none-elf/lib/rv32ec/ilp32e\libc_nano.a(libc_a-init.o)
 .note.GNU-stack
                0x00000000        0x0 C:/Users/armstrongsubero/Desktop/Products/02_Rovari_Studio/Rovari_System_Studio/toolchain/bin/../lib/gcc/riscv-none-elf/15.2.0/../../../../riscv-none-elf/lib/rv32ec/ilp32e\libc_nano.a(libc_a-nano-svfprintf.o)
 .note.GNU-stack
                0x00000000        0x0 C:/Users/armstrongsubero/Desktop/Products/02_Rovari_Studio/Rovari_System_Studio/toolchain/bin/../lib/gcc/riscv-none-elf/15.2.0/../../../../riscv-none-elf/lib/rv32ec/ilp32e\libc_nano.a(libc_a-nano-vfprintf_i.o)
 .note.GNU-stack
                0x00000000        0x0 C:/Users/armstrongsubero/Desktop/Products/02_Rovari_Studio/Rovari_System_Studio/toolchain/bin/../lib/gcc/riscv-none-elf/15.2.0/../../../../riscv-none-elf/lib/rv32ec/ilp32e\libc_nano.a(libc_a-memchr.o)
 .note.GNU-stack
                0x00000000        0x0 C:/Users/armstrongsubero/Desktop/Products/02_Rovari_Studio/Rovari_System_Studio/toolchain/bin/../lib/gcc/riscv-none-elf/15.2.0/../../../../riscv-none-elf/lib/rv32ec/ilp32e\libc_nano.a(libc_a-freer.o)
 .note.GNU-stack
                0x00000000        0x0 C:/Users/armstrongsubero/Desktop/Products/02_Rovari_Studio/Rovari_System_Studio/toolchain/bin/../lib/gcc/riscv-none-elf/15.2.0/../../../../riscv-none-elf/lib/rv32ec/ilp32e\libc_nano.a(libc_a-mallocr.o)
 .note.GNU-stack
                0x00000000        0x0 C:/Users/armstrongsubero/Desktop/Products/02_Rovari_Studio/Rovari_System_Studio/toolchain/bin/../lib/gcc/riscv-none-elf/15.2.0/../../../../riscv-none-elf/lib/rv32ec/ilp32e\libc_nano.a(libc_a-mlock.o)
 .note.GNU-stack
                0x00000000        0x0 C:/Users/armstrongsubero/Desktop/Products/02_Rovari_Studio/Rovari_System_Studio/toolchain/bin/../lib/gcc/riscv-none-elf/15.2.0/../../../../riscv-none-elf/lib/rv32ec/ilp32e\libc_nano.a(libc_a-reallocr.o)
 .note.GNU-stack
                0x00000000        0x0 C:/Users/armstrongsubero/Desktop/Products/02_Rovari_Studio/Rovari_System_Studio/toolchain/bin/../lib/gcc/riscv-none-elf/15.2.0/../../../../riscv-none-elf/lib/rv32ec/ilp32e\libc_nano.a(libc_a-sbrkr.o)
 .note.GNU-stack
                0x00000000        0x0 C:/Users/armstrongsubero/Desktop/Products/02_Rovari_Studio/Rovari_System_Studio/toolchain/bin/../lib/gcc/riscv-none-elf/15.2.0/../../../../riscv-none-elf/lib/rv32ec/ilp32e\libc_nano.a(libc_a-lock.o)
 .note.GNU-stack
                0x00000000        0x0 C:/Users/armstrongsubero/Desktop/Products/02_Rovari_Studio/Rovari_System_Studio/toolchain/bin/../lib/gcc/riscv-none-elf/15.2.0/../../../../riscv-none-elf/lib/rv32ec/ilp32e\libc_nano.a(libc_a-msizer.o)
 .note.GNU-stack
                0x00000000        0x0 C:/Users/armstrongsubero/Desktop/Products/02_Rovari_Studio/Rovari_System_Studio/toolchain/bin/../lib/gcc/riscv-none-elf/15.2.0/../../../../riscv-none-elf/lib/rv32ec/ilp32e\libc_nano.a(libc_a-reent.o)

.riscv.attributes
                0x00000000       0x41
 .riscv.attributes
                0x00000000       0x3d C:/Users/armstrongsubero/Desktop/CH32V003_Examples/36_NFC_C++/system/build/app_ea051d58.o
 .riscv.attributes
                0x0000003d       0x3d C:/Users/armstrongsubero/Desktop/CH32V003_Examples/36_NFC_C++/system/build/ch32v00x_it_b215f731.o
 .riscv.attributes
                0x0000007a       0x3d C:/Users/armstrongsubero/Desktop/CH32V003_Examples/36_NFC_C++/system/build/rovari_pn532_4d4d84a2.o
 .riscv.attributes
                0x000000b7       0x3f C:/Users/armstrongsubero/Desktop/CH32V003_Examples/36_NFC_C++/system/build/startup_12f295f3.o
 .riscv.attributes
                0x000000f6       0x3d C:/Users/armstrongsubero/Desktop/CH32V003_Examples/36_NFC_C++/system/build/system_ch32v00x_d3983265.o
 .riscv.attributes
                0x00000133       0x3d C:/Users/armstrongsubero/Desktop/CH32V003_Examples/36_NFC_C++/system/build/debug_612e4371.o
 .riscv.attributes
                0x00000170       0x3d C:/Users/armstrongsubero/Desktop/CH32V003_Examples/36_NFC_C++/system/build/ch32v00x_gpio_51f76e01.o
 .riscv.attributes
                0x000001ad       0x3d C:/Users/armstrongsubero/Desktop/CH32V003_Examples/36_NFC_C++/system/build/ch32v00x_rcc_87dcd468.o
 .riscv.attributes
                0x000001ea       0x3d C:/Users/armstrongsubero/Desktop/CH32V003_Examples/36_NFC_C++/system/build/ch32v00x_misc_9a0fbf45.o
 .riscv.attributes
                0x00000227       0x3d C:/Users/armstrongsubero/Desktop/CH32V003_Examples/36_NFC_C++/system/build/ch32v00x_tim_08755a84.o
 .riscv.attributes
                0x00000264       0x3d C:/Users/armstrongsubero/Desktop/CH32V003_Examples/36_NFC_C++/system/build/rovari_main_9df9f901.o
 .riscv.attributes
                0x000002a1       0x41 C:/Users/armstrongsubero/Desktop/CH32V003_Examples/36_NFC_C++/system/build/rovari_tick_ba34bfbd.o
 .riscv.attributes
                0x000002e2       0x41 C:/Users/armstrongsubero/Desktop/CH32V003_Examples/36_NFC_C++/system/build/sevs_assert_target_d21dbdfb.o
 .riscv.attributes
                0x00000323       0x3d C:/Users/armstrongsubero/Desktop/CH32V003_Examples/36_NFC_C++/system/build/ch32v00x_usart_04110ab1.o
 .riscv.attributes
                0x00000360       0x3d C:/Users/armstrongsubero/Desktop/CH32V003_Examples/36_NFC_C++/system/build/rovari_uart_f547dc16.o
 .riscv.attributes
                0x0000039d       0x3d C:/Users/armstrongsubero/Desktop/CH32V003_Examples/36_NFC_C++/system/build/ch32v00x_i2c_92a4b278.o
 .riscv.attributes
                0x000003da       0x26 C:/Users/armstrongsubero/Desktop/Products/02_Rovari_Studio/Rovari_System_Studio/toolchain/bin/../lib/gcc/riscv-none-elf/15.2.0/rv32ec/ilp32e\libgcc.a(save-restore.o)
 .riscv.attributes
                0x00000400       0x26 C:/Users/armstrongsubero/Desktop/Products/02_Rovari_Studio/Rovari_System_Studio/toolchain/bin/../lib/gcc/riscv-none-elf/15.2.0/rv32ec/ilp32e\libgcc.a(muldi3.o)
 .riscv.attributes
                0x00000426       0x26 C:/Users/armstrongsubero/Desktop/Products/02_Rovari_Studio/Rovari_System_Studio/toolchain/bin/../lib/gcc/riscv-none-elf/15.2.0/rv32ec/ilp32e\libgcc.a(div.o)
 .riscv.attributes
                0x0000044c       0x28 C:/Users/armstrongsubero/Desktop/Products/02_Rovari_Studio/Rovari_System_Studio/toolchain/bin/../lib/gcc/riscv-none-elf/15.2.0/../../../../riscv-none-elf/lib/rv32ec/ilp32e\libc_nano.a(libc_a-vsnprintf.o)
 .riscv.attributes
                0x00000474       0x28 C:/Users/armstrongsubero/Desktop/Products/02_Rovari_Studio/Rovari_System_Studio/toolchain/bin/../lib/gcc/riscv-none-elf/15.2.0/../../../../riscv-none-elf/lib/rv32ec/ilp32e\libc_nano.a(libc_a-strncpy.o)
 .riscv.attributes
                0x0000049c       0x28 C:/Users/armstrongsubero/Desktop/Products/02_Rovari_Studio/Rovari_System_Studio/toolchain/bin/../lib/gcc/riscv-none-elf/15.2.0/../../../../riscv-none-elf/lib/rv32ec/ilp32e\libc_nano.a(libc_a-impure.o)
 .riscv.attributes
                0x000004c4       0x28 C:/Users/armstrongsubero/Desktop/Products/02_Rovari_Studio/Rovari_System_Studio/toolchain/bin/../lib/gcc/riscv-none-elf/15.2.0/../../../../riscv-none-elf/lib/rv32ec/ilp32e\libc_nano.a(libc_a-init.o)
 .riscv.attributes
                0x000004ec       0x26 C:/Users/armstrongsubero/Desktop/Products/02_Rovari_Studio/Rovari_System_Studio/toolchain/bin/../lib/gcc/riscv-none-elf/15.2.0/../../../../riscv-none-elf/lib/rv32ec/ilp32e\libc_nano.a(libc_a-memset.o)
 .riscv.attributes
                0x00000512       0x26 C:/Users/armstrongsubero/Desktop/Products/02_Rovari_Studio/Rovari_System_Studio/toolchain/bin/../lib/gcc/riscv-none-elf/15.2.0/../../../../riscv-none-elf/lib/rv32ec/ilp32e\libc_nano.a(libc_a-memcpy-asm.o)
 .riscv.attributes
                0x00000538       0x28 C:/Users/armstrongsubero/Desktop/Products/02_Rovari_Studio/Rovari_System_Studio/toolchain/bin/../lib/gcc/riscv-none-elf/15.2.0/../../../../riscv-none-elf/lib/rv32ec/ilp32e\libc_nano.a(libc_a-nano-svfprintf.o)
 .riscv.attributes
                0x00000560       0x28 C:/Users/armstrongsubero/Desktop/Products/02_Rovari_Studio/Rovari_System_Studio/toolchain/bin/../lib/gcc/riscv-none-elf/15.2.0/../../../../riscv-none-elf/lib/rv32ec/ilp32e\libc_nano.a(libc_a-nano-vfprintf_i.o)
 .riscv.attributes
                0x00000588       0x28 C:/Users/armstrongsubero/Desktop/Products/02_Rovari_Studio/Rovari_System_Studio/toolchain/bin/../lib/gcc/riscv-none-elf/15.2.0/../../../../riscv-none-elf/lib/rv32ec/ilp32e\libc_nano.a(libc_a-memchr.o)
 .riscv.attributes
                0x000005b0       0x26 C:/Users/armstrongsubero/Desktop/Products/02_Rovari_Studio/Rovari_System_Studio/toolchain/bin/../lib/gcc/riscv-none-elf/15.2.0/../../../../riscv-none-elf/lib/rv32ec/ilp32e\libc_nano.a(libc_a-memmove.o)
 .riscv.attributes
                0x000005d6       0x28 C:/Users/armstrongsubero/Desktop/Products/02_Rovari_Studio/Rovari_System_Studio/toolchain/bin/../lib/gcc/riscv-none-elf/15.2.0/../../../../riscv-none-elf/lib/rv32ec/ilp32e\libc_nano.a(libc_a-freer.o)
 .riscv.attributes
                0x000005fe       0x28 C:/Users/armstrongsubero/Desktop/Products/02_Rovari_Studio/Rovari_System_Studio/toolchain/bin/../lib/gcc/riscv-none-elf/15.2.0/../../../../riscv-none-elf/lib/rv32ec/ilp32e\libc_nano.a(libc_a-mallocr.o)
 .riscv.attributes
                0x00000626       0x28 C:/Users/armstrongsubero/Desktop/Products/02_Rovari_Studio/Rovari_System_Studio/toolchain/bin/../lib/gcc/riscv-none-elf/15.2.0/../../../../riscv-none-elf/lib/rv32ec/ilp32e\libc_nano.a(libc_a-mlock.o)
 .riscv.attributes
                0x0000064e       0x28 C:/Users/armstrongsubero/Desktop/Products/02_Rovari_Studio/Rovari_System_Studio/toolchain/bin/../lib/gcc/riscv-none-elf/15.2.0/../../../../riscv-none-elf/lib/rv32ec/ilp32e\libc_nano.a(libc_a-reallocr.o)
 .riscv.attributes
                0x00000676       0x28 C:/Users/armstrongsubero/Desktop/Products/02_Rovari_Studio/Rovari_System_Studio/toolchain/bin/../lib/gcc/riscv-none-elf/15.2.0/../../../../riscv-none-elf/lib/rv32ec/ilp32e\libc_nano.a(libc_a-sbrkr.o)
 .riscv.attributes
                0x0000069e       0x28 C:/Users/armstrongsubero/Desktop/Products/02_Rovari_Studio/Rovari_System_Studio/toolchain/bin/../lib/gcc/riscv-none-elf/15.2.0/../../../../riscv-none-elf/lib/rv32ec/ilp32e\libc_nano.a(libc_a-lock.o)
 .riscv.attributes
                0x000006c6       0x28 C:/Users/armstrongsubero/Desktop/Products/02_Rovari_Studio/Rovari_System_Studio/toolchain/bin/../lib/gcc/riscv-none-elf/15.2.0/../../../../riscv-none-elf/lib/rv32ec/ilp32e\libc_nano.a(libc_a-msizer.o)
 .riscv.attributes
                0x000006ee       0x28 C:/Users/armstrongsubero/Desktop/Products/02_Rovari_Studio/Rovari_System_Studio/toolchain/bin/../lib/gcc/riscv-none-elf/15.2.0/../../../../riscv-none-elf/lib/rv32ec/ilp32e\libc_nano.a(libc_a-reent.o)

.debug_frame    0x00000000     0x1460
 .debug_frame   0x00000000       0x74 C:/Users/armstrongsubero/Desktop/CH32V003_Examples/36_NFC_C++/system/build/app_ea051d58.o
 .debug_frame   0x00000074       0x30 C:/Users/armstrongsubero/Desktop/CH32V003_Examples/36_NFC_C++/system/build/ch32v00x_it_b215f731.o
 .debug_frame   0x000000a4      0x2c0 C:/Users/armstrongsubero/Desktop/CH32V003_Examples/36_NFC_C++/system/build/rovari_pn532_4d4d84a2.o
 .debug_frame   0x00000364       0x4c C:/Users/armstrongsubero/Desktop/CH32V003_Examples/36_NFC_C++/system/build/system_ch32v00x_d3983265.o
 .debug_frame   0x000003b0       0xdc C:/Users/armstrongsubero/Desktop/CH32V003_Examples/36_NFC_C++/system/build/debug_612e4371.o
 .debug_frame   0x0000048c      0x154 C:/Users/armstrongsubero/Desktop/CH32V003_Examples/36_NFC_C++/system/build/ch32v00x_gpio_51f76e01.o
 .debug_frame   0x000005e0      0x1d0 C:/Users/armstrongsubero/Desktop/CH32V003_Examples/36_NFC_C++/system/build/ch32v00x_rcc_87dcd468.o
 .debug_frame   0x000007b0       0x30 C:/Users/armstrongsubero/Desktop/CH32V003_Examples/36_NFC_C++/system/build/ch32v00x_misc_9a0fbf45.o
 .debug_frame   0x000007e0      0x618 C:/Users/armstrongsubero/Desktop/CH32V003_Examples/36_NFC_C++/system/build/ch32v00x_tim_08755a84.o
 .debug_frame   0x00000df8       0x28 C:/Users/armstrongsubero/Desktop/CH32V003_Examples/36_NFC_C++/system/build/rovari_main_9df9f901.o
 .debug_frame   0x00000e20       0xa4 C:/Users/armstrongsubero/Desktop/CH32V003_Examples/36_NFC_C++/system/build/rovari_tick_ba34bfbd.o
 .debug_frame   0x00000ec4       0x2c C:/Users/armstrongsubero/Desktop/CH32V003_Examples/36_NFC_C++/system/build/sevs_assert_target_d21dbdfb.o
 .debug_frame   0x00000ef0      0x204 C:/Users/armstrongsubero/Desktop/CH32V003_Examples/36_NFC_C++/system/build/ch32v00x_usart_04110ab1.o
 .debug_frame   0x000010f4      0x124 C:/Users/armstrongsubero/Desktop/CH32V003_Examples/36_NFC_C++/system/build/rovari_uart_f547dc16.o
 .debug_frame   0x00001218      0x248 C:/Users/armstrongsubero/Desktop/CH32V003_Examples/36_NFC_C++/system/build/ch32v00x_i2c_92a4b278.o
