Archive member included to satisfy reference by file (symbol)

C:/Users/armstrongsubero/Desktop/Products/02_Rovari_Studio/Rovari_System_Studio/toolchain/bin/../lib/gcc/riscv-none-elf/15.2.0/rv32ec/ilp32e\libgcc.a(_divdi3.o)
                              C:/Users/armstrongsubero/Desktop/CH32V003_Examples/32_MPU/system/build/rovari_mpu6050_6c9cff8d.o (__divdi3)
C:/Users/armstrongsubero/Desktop/Products/02_Rovari_Studio/Rovari_System_Studio/toolchain/bin/../lib/gcc/riscv-none-elf/15.2.0/rv32ec/ilp32e\libgcc.a(save-restore.o)
                              C:/Users/armstrongsubero/Desktop/CH32V003_Examples/32_MPU/system/build/rovari_mpu6050_6c9cff8d.o (__riscv_save_2)
C:/Users/armstrongsubero/Desktop/Products/02_Rovari_Studio/Rovari_System_Studio/toolchain/bin/../lib/gcc/riscv-none-elf/15.2.0/rv32ec/ilp32e\libgcc.a(muldi3.o)
                              C:/Users/armstrongsubero/Desktop/CH32V003_Examples/32_MPU/system/build/debug_612e4371.o (__mulsi3)
C:/Users/armstrongsubero/Desktop/Products/02_Rovari_Studio/Rovari_System_Studio/toolchain/bin/../lib/gcc/riscv-none-elf/15.2.0/rv32ec/ilp32e\libgcc.a(div.o)
                              C:/Users/armstrongsubero/Desktop/CH32V003_Examples/32_MPU/system/build/app_b4168e8a.o (__divsi3)
C:/Users/armstrongsubero/Desktop/Products/02_Rovari_Studio/Rovari_System_Studio/toolchain/bin/../lib/gcc/riscv-none-elf/15.2.0/rv32ec/ilp32e\libgcc.a(_clz.o)
                              C:/Users/armstrongsubero/Desktop/Products/02_Rovari_Studio/Rovari_System_Studio/toolchain/bin/../lib/gcc/riscv-none-elf/15.2.0/rv32ec/ilp32e\libgcc.a(_divdi3.o) (__clz_tab)
C:/Users/armstrongsubero/Desktop/Products/02_Rovari_Studio/Rovari_System_Studio/toolchain/bin/../lib/gcc/riscv-none-elf/15.2.0/../../../../riscv-none-elf/lib/rv32ec/ilp32e\libc_nano.a(libc_a-vsnprintf.o)
                              C:/Users/armstrongsubero/Desktop/CH32V003_Examples/32_MPU/system/build/rovari_uart_f547dc16.o (vsnprintf)
C:/Users/armstrongsubero/Desktop/Products/02_Rovari_Studio/Rovari_System_Studio/toolchain/bin/../lib/gcc/riscv-none-elf/15.2.0/../../../../riscv-none-elf/lib/rv32ec/ilp32e\libc_nano.a(libc_a-strncpy.o)
                              C:/Users/armstrongsubero/Desktop/CH32V003_Examples/32_MPU/system/build/sevs_assert_target_d21dbdfb.o (strncpy)
C:/Users/armstrongsubero/Desktop/Products/02_Rovari_Studio/Rovari_System_Studio/toolchain/bin/../lib/gcc/riscv-none-elf/15.2.0/../../../../riscv-none-elf/lib/rv32ec/ilp32e\libc_nano.a(libc_a-impure.o)
                              C:/Users/armstrongsubero/Desktop/Products/02_Rovari_Studio/Rovari_System_Studio/toolchain/bin/../lib/gcc/riscv-none-elf/15.2.0/../../../../riscv-none-elf/lib/rv32ec/ilp32e\libc_nano.a(libc_a-vsnprintf.o) (_impure_ptr)
C:/Users/armstrongsubero/Desktop/Products/02_Rovari_Studio/Rovari_System_Studio/toolchain/bin/../lib/gcc/riscv-none-elf/15.2.0/../../../../riscv-none-elf/lib/rv32ec/ilp32e\libc_nano.a(libc_a-init.o)
                              C:/Users/armstrongsubero/Desktop/CH32V003_Examples/32_MPU/system/build/rovari_main_9df9f901.o (__libc_init_array)
C:/Users/armstrongsubero/Desktop/Products/02_Rovari_Studio/Rovari_System_Studio/toolchain/bin/../lib/gcc/riscv-none-elf/15.2.0/../../../../riscv-none-elf/lib/rv32ec/ilp32e\libc_nano.a(libc_a-nano-svfprintf.o)
                              C:/Users/armstrongsubero/Desktop/Products/02_Rovari_Studio/Rovari_System_Studio/toolchain/bin/../lib/gcc/riscv-none-elf/15.2.0/../../../../riscv-none-elf/lib/rv32ec/ilp32e\libc_nano.a(libc_a-vsnprintf.o) (_svfprintf_r)
C:/Users/armstrongsubero/Desktop/Products/02_Rovari_Studio/Rovari_System_Studio/toolchain/bin/../lib/gcc/riscv-none-elf/15.2.0/../../../../riscv-none-elf/lib/rv32ec/ilp32e\libc_nano.a(libc_a-nano-vfprintf_i.o)
                              C:/Users/armstrongsubero/Desktop/Products/02_Rovari_Studio/Rovari_System_Studio/toolchain/bin/../lib/gcc/riscv-none-elf/15.2.0/../../../../riscv-none-elf/lib/rv32ec/ilp32e\libc_nano.a(libc_a-nano-svfprintf.o) (_printf_i)
C:/Users/armstrongsubero/Desktop/Products/02_Rovari_Studio/Rovari_System_Studio/toolchain/bin/../lib/gcc/riscv-none-elf/15.2.0/../../../../riscv-none-elf/lib/rv32ec/ilp32e\libc_nano.a(libc_a-memchr.o)
                              C:/Users/armstrongsubero/Desktop/Products/02_Rovari_Studio/Rovari_System_Studio/toolchain/bin/../lib/gcc/riscv-none-elf/15.2.0/../../../../riscv-none-elf/lib/rv32ec/ilp32e\libc_nano.a(libc_a-nano-svfprintf.o) (memchr)
C:/Users/armstrongsubero/Desktop/Products/02_Rovari_Studio/Rovari_System_Studio/toolchain/bin/../lib/gcc/riscv-none-elf/15.2.0/../../../../riscv-none-elf/lib/rv32ec/ilp32e\libc_nano.a(libc_a-memmove.o)
                              C:/Users/armstrongsubero/Desktop/Products/02_Rovari_Studio/Rovari_System_Studio/toolchain/bin/../lib/gcc/riscv-none-elf/15.2.0/../../../../riscv-none-elf/lib/rv32ec/ilp32e\libc_nano.a(libc_a-nano-svfprintf.o) (memmove)
[...]
Memory Configuration

Name             Origin             Length             Attributes
FLASH            0x00000000         0x00004000         xr
RAM              0x20000000         0x00000800         xrw
*default*        0x00000000         0xffffffff

Linker script and memory map

LOAD C:/Users/armstrongsubero/Desktop/CH32V003_Examples/32_MPU/system/build/app_b4168e8a.o
LOAD C:/Users/armstrongsubero/Desktop/CH32V003_Examples/32_MPU/system/build/rovari.blocks_9385acc2.o
LOAD C:/Users/armstrongsubero/Desktop/CH32V003_Examples/32_MPU/system/build/ch32v00x_it_04364fbc.o
LOAD C:/Users/armstrongsubero/Desktop/CH32V003_Examples/32_MPU/system/build/rovari_mpu6050_6c9cff8d.o
LOAD C:/Users/armstrongsubero/Desktop/CH32V003_Examples/32_MPU/system/build/startup_6675d02a.o
LOAD C:/Users/armstrongsubero/Desktop/CH32V003_Examples/32_MPU/system/build/system_ch32v00x_d3983265.o
LOAD C:/Users/armstrongsubero/Desktop/CH32V003_Examples/32_MPU/system/build/core_riscv_7218a11c.o
LOAD C:/Users/armstrongsubero/Desktop/CH32V003_Examples/32_MPU/system/build/debug_612e4371.o
LOAD C:/Users/armstrongsubero/Desktop/CH32V003_Examples/32_MPU/system/build/ch32v00x_gpio_51f76e01.o
LOAD C:/Users/armstrongsubero/Desktop/CH32V003_Examples/32_MPU/system/build/ch32v00x_rcc_87dcd468.o
LOAD C:/Users/armstrongsubero/Desktop/CH32V003_Examples/32_MPU/system/build/ch32v00x_misc_9a0fbf45.o
LOAD C:/Users/armstrongsubero/Desktop/CH32V003_Examples/32_MPU/system/build/ch32v00x_tim_08755a84.o
LOAD C:/Users/armstrongsubero/Desktop/CH32V003_Examples/32_MPU/system/build/rovari_gpio_302f9672.o
LOAD C:/Users/armstrongsubero/Desktop/CH32V003_Examples/32_MPU/system/build/rovari_main_9df9f901.o
LOAD C:/Users/armstrongsubero/Desktop/CH32V003_Examples/32_MPU/system/build/rovari_tick_ba34bfbd.o
LOAD C:/Users/armstrongsubero/Desktop/CH32V003_Examples/32_MPU/system/build/rovari_button_f04fa8db.o
LOAD C:/Users/armstrongsubero/Desktop/CH32V003_Examples/32_MPU/system/build/sevs_assert_target_d21dbdfb.o
LOAD C:/Users/armstrongsubero/Desktop/CH32V003_Examples/32_MPU/system/build/ch32v00x_usart_04110ab1.o
LOAD C:/Users/armstrongsubero/Desktop/CH32V003_Examples/32_MPU/system/build/rovari_uart_f547dc16.o
LOAD C:/Users/armstrongsubero/Desktop/CH32V003_Examples/32_MPU/system/build/ch32v00x_i2c_92a4b278.o
LOAD C:/Users/armstrongsubero/Desktop/CH32V003_Examples/32_MPU/system/build/rovari_i2c_c960e5c6.o
LOAD C:/Users/armstrongsubero/Desktop/Products/02_Rovari_Studio/Rovari_System_Studio/toolchain/bin/../lib/gcc/riscv-none-elf/15.2.0/../../../../riscv-none-elf/lib/rv32ec/ilp32e\libstdc++_nano.a
LOAD C:/Users/armstrongsubero/Desktop/Products/02_Rovari_Studio/Rovari_System_Studio/toolchain/bin/../lib/gcc/riscv-none-elf/15.2.0/../../../../riscv-none-elf/lib/rv32ec/ilp32e\libm_nano.a
LOAD C:/Users/armstrongsubero/Desktop/Products/02_Rovari_Studio/Rovari_System_Studio/toolchain/bin/../lib/gcc/riscv-none-elf/15.2.0/rv32ec/ilp32e\libgcc.a
LOAD C:/Users/armstrongsubero/Desktop/Products/02_Rovari_Studio/Rovari_System_Studio/toolchain/bin/../lib/gcc/riscv-none-elf/15.2.0/../../../../riscv-none-elf/lib/rv32ec/ilp32e\libc_nano.a
LOAD C:/Users/armstrongsubero/Desktop/Products/02_Rovari_Studio/Rovari_System_Studio/toolchain/bin/../lib/gcc/riscv-none-elf/15.2.0/rv32ec/ilp32e\libgcc.a
START GROUP
LOAD C:/Users/armstrongsubero/Desktop/Products/02_Rovari_Studio/Rovari_System_Studio/toolchain/bin/../lib/gcc/riscv-none-elf/15.2.0/rv32ec/ilp32e\libgcc.a
LOAD C:/Users/armstrongsubero/Desktop/Products/02_Rovari_Studio/Rovari_System_Studio/toolchain/bin/../lib/gcc/riscv-none-elf/15.2.0/../../../../riscv-none-elf/lib/rv32ec/ilp32e\libc_nano.a
LOAD C:/Users/armstrongsubero/Desktop/Products/02_Rovari_Studio/Rovari_System_Studio/toolchain/bin/../lib/gcc/riscv-none-elf/15.2.0/../../../../riscv-none-elf/lib/rv32ec/ilp32e\libnosys.a
END GROUP
START GROUP
LOAD C:/Users/armstrongsubero/Desktop/Products/02_Rovari_Studio/Rovari_System_Studio/toolchain/bin/../lib/gcc/riscv-none-elf/15.2.0/rv32ec/ilp32e\libgcc.a
LOAD C:/Users/armstrongsubero/Desktop/Products/02_Rovari_Studio/Rovari_System_Studio/toolchain/bin/../lib/gcc/riscv-none-elf/15.2.0/../../../../riscv-none-elf/lib/rv32ec/ilp32e\libc_nano.a
LOAD C:/Users/armstrongsubero/Desktop/Products/02_Rovari_Studio/Rovari_System_Studio/toolchain/bin/../lib/gcc/riscv-none-elf/15.2.0/../../../../riscv-none-elf/lib/rv32ec/ilp32e\libnosys.a
END GROUP
                0x00000100                        __stack_size = 0x100
                [!provide]                        PROVIDE (_stack_size = __stack_size)

.init           0x00000000       0xa0
                0x00000000                        _sinit = .
                0x00000000                        . = ALIGN (0x4)
 *(SORT_NONE(.init))
 .init          0x00000000       0x9e C:/Users/armstrongsubero/Desktop/CH32V003_Examples/32_MPU/system/build/startup_6675d02a.o
                0x00000000                _start
                0x000000a0                        . = ALIGN (0x4)
 *fill*         0x0000009e        0x2 
                0x000000a0                        _einit = .

.highcodelalign
                0x000000a0        0x0
                0x000000a0                        . = ALIGN (0x4)
                0x000000a0                        PROVIDE (_highcode_lma = .)

.highcode       0x20000000        0x0 load address 0x000000a0
                0x20000000                        . = ALIGN (0x4)
                0x20000000                        PROVIDE (_highcode_vma_start = .)
 *(.highcode)
 *(.highcode.*)
                0x20000000                        . = ALIGN (0x4)
                0x20000000                        PROVIDE (_highcode_vma_end = .)

.text           0x000000a0     0x29a4
                0x000000a0                        . = ALIGN (0x4)
 *(.text)
 .text          0x000000a0       0x16 C:/Users/armstrongsubero/Desktop/Products/02_Rovari_Studio/Rovari_System_Studio/toolchain/bin/../lib/gcc/riscv-none-elf/15.2.0/rv32ec/ilp32e\libgcc.a(save-restore.o)
                0x000000a0                __riscv_save_1
                0x000000a0                __riscv_save_2
                0x000000a0                __riscv_save_0
                0x000000ac                __riscv_restore_0
                0x000000ac                __riscv_restore_1
                0x000000ac                __riscv_restore_2
 *fill*         0x000000b6        0x2 
 .text          0x000000b8       0x14 C:/Users/armstrongsubero/Desktop/Products/02_Rovari_Studio/Rovari_System_Studio/toolchain/bin/../lib/gcc/riscv-none-elf/15.2.0/rv32ec/ilp32e\libgcc.a(muldi3.o)
                0x000000b8                __mulsi3
 .text          0x000000cc       0x7e C:/Users/armstrongsubero/Desktop/Products/02_Rovari_Studio/Rovari_System_Studio/toolchain/bin/../lib/gcc/riscv-none-elf/15.2.0/rv32ec/ilp32e\libgcc.a(div.o)
                0x000000cc                __divsi3
                0x000000d4                __udivsi3
                0x000000d4                __hidden___udivsi3
                0x00000100                __umodsi3
                0x00000124                __modsi3
 .text          0x0000014a       0x26 C:/Users/armstrongsubero/Desktop/Products/02_Rovari_Studio/Rovari_System_Studio/toolchain/bin/../lib/gcc/riscv-none-elf/15.2.0/../../../../riscv-none-elf/lib/rv32ec/ilp32e\libc_nano.a(libc_a-memmove.o)
                0x0000014a                memmove
 .text          0x00000170       0x16 C:/Users/armstrongsubero/Desktop/Products/02_Rovari_Studio/Rovari_System_Studio/toolchain/bin/../lib/gcc/riscv-none-elf/15.2.0/../../../../riscv-none-elf/lib/rv32ec/ilp32e\libc_nano.a(libc_a-memcpy-asm.o)
                0x00000170                memcpy
 *(.text.*)
 .text.app_init
                0x00000186       0x60 C:/Users/armstrongsubero/Desktop/CH32V003_Examples/32_MPU/system/build/app_b4168e8a.o
                0x00000186                app_init
 .text.app_run  0x000001e6       0x5e C:/Users/armstrongsubero/Desktop/CH32V003_Examples/32_MPU/system/build/app_b4168e8a.o
                0x000001e6                app_run
 .text.NMI_Handler
                0x00000244        0x2 C:/Users/armstrongsubero/Desktop/CH32V003_Examples/32_MPU/system/build/ch32v00x_it_04364fbc.o
                0x00000244                NMI_Handler
 .text.HardFault_Handler
                0x00000246       0x10 C:/Users/armstrongsubero/Desktop/CH32V003_Examples/32_MPU/system/build/ch32v00x_it_04364fbc.o
                0x00000246                HardFault_Handler
 .text.raw_to_mg
                0x00000256       0x24 C:/Users/armstrongsubero/Desktop/CH32V003_Examples/32_MPU/system/build/rovari_mpu6050_6c9cff8d.o
 .text.raw_to_mdps
                0x0000027a       0x1e C:/Users/armstrongsubero/Desktop/CH32V003_Examples/32_MPU/system/build/rovari_mpu6050_6c9cff8d.o
 .text.parse_raw
                0x00000298       0x9c C:/Users/armstrongsubero/Desktop/CH32V003_Examples/32_MPU/system/build/rovari_mpu6050_6c9cff8d.o
 .text.filter_step
                0x00000334      0x2fc C:/Users/armstrongsubero/Desktop/CH32V003_Examples/32_MPU/system/build/rovari_mpu6050_6c9cff8d.o
 .text.wr8      0x00000630        0xe C:/Users/armstrongsubero/Desktop/CH32V003_Examples/32_MPU/system/build/rovari_mpu6050_6c9cff8d.o
 .text.read_14_robust
                0x0000063e       0x7a C:/Users/armstrongsubero/Desktop/CH32V003_Examples/32_MPU/system/build/rovari_mpu6050_6c9cff8d.o
 .text.wait_drdy.constprop.0
                0x000006b8       0x36 C:/Users/armstrongsubero/Desktop/CH32V003_Examples/32_MPU/system/build/rovari_mpu6050_6c9cff8d.o
 .text.mpu6050_init
                0x000006ee       0x6a C:/Users/armstrongsubero/Desktop/CH32V003_Examples/32_MPU/system/build/rovari_mpu6050_6c9cff8d.o
                0x000006ee                mpu6050_init
 .text.mpu6050_calibrate
                0x00000758      0x1be C:/Users/armstrongsubero/Desktop/CH32V003_Examples/32_MPU/system/build/rovari_mpu6050_6c9cff8d.o
                0x00000758                mpu6050_calibrate
 .text.mpu6050_read
                0x00000916       0x52 C:/Users/armstrongsubero/Desktop/CH32V003_Examples/32_MPU/system/build/rovari_mpu6050_6c9cff8d.o
                0x00000916                mpu6050_read
 .text.vector_handler
                0x00000968        0x2 C:/Users/armstrongsubero/Desktop/CH32V003_Examples/32_MPU/system/build/startup_6675d02a.o
                0x00000968                TIM1_CC_IRQHandler
                0x00000968                SysTick_Handler
                0x00000968                PVD_IRQHandler
                0x00000968                SPI1_IRQHandler
                0x00000968                AWU_IRQHandler
                0x00000968                EXTI7_0_IRQHandler
                0x00000968                DMA1_Channel4_IRQHandler
                0x00000968                ADC1_IRQHandler
                0x00000968                DMA1_Channel7_IRQHandler
                0x00000968                I2C1_EV_IRQHandler
                0x00000968                DMA1_Channel6_IRQHandler
                0x00000968                RCC_IRQHandler
                0x00000968                TIM1_TRG_COM_IRQHandler
                0x00000968                DMA1_Channel1_IRQHandler
                0x00000968                DMA1_Channel5_IRQHandler
                0x00000968                DMA1_Channel3_IRQHandler
                0x00000968                TIM1_UP_IRQHandler
                0x00000968                WWDG_IRQHandler
                0x00000968                SW_Handler
                0x00000968                TIM1_BRK_IRQHandler
                0x00000968                DMA1_Channel2_IRQHandler
                0x00000968                FLASH_IRQHandler
                0x00000968                USART1_IRQHandler
                0x00000968                I2C1_ER_IRQHandler
 .text.handle_reset
                0x0000096a       0xb2 C:/Users/armstrongsubero/Desktop/CH32V003_Examples/32_MPU/system/build/startup_6675d02a.o
                0x0000096a                handle_reset
 .text.SystemInit
                0x00000a1c       0xda C:/Users/armstrongsubero/Desktop/CH32V003_Examples/32_MPU/system/build/system_ch32v00x_d3983265.o
                0x00000a1c                SystemInit
 .text.SystemCoreClockUpdate
                0x00000af6       0x62 C:/Users/armstrongsubero/Desktop/CH32V003_Examples/32_MPU/system/build/system_ch32v00x_d3983265.o
                0x00000af6                SystemCoreClockUpdate
 .text.Delay_Init
                0x00000b58       0x34 C:/Users/armstrongsubero/Desktop/CH32V003_Examples/32_MPU/system/build/debug_612e4371.o
                0x00000b58                Delay_Init
 .text.Delay_Ms
                0x00000b8c       0x36 C:/Users/armstrongsubero/Desktop/CH32V003_Examples/32_MPU/system/build/debug_612e4371.o
                0x00000b8c                Delay_Ms
 .text._sbrk    0x00000bc2       0x2a C:/Users/armstrongsubero/Desktop/CH32V003_Examples/32_MPU/system/build/debug_612e4371.o
                0x00000bc2                _sbrk
 .text.GPIO_Init
                0x00000bec       0x7c C:/Users/armstrongsubero/Desktop/CH32V003_Examples/32_MPU/system/build/ch32v00x_gpio_51f76e01.o
                0x00000bec                GPIO_Init
 .text.RCC_AdjustHSICalibrationValue
                0x00000c68       0x12 C:/Users/armstrongsubero/Desktop/CH32V003_Examples/32_MPU/system/build/ch32v00x_rcc_87dcd468.o
                0x00000c68                RCC_AdjustHSICalibrationValue
 .text.RCC_GetClocksFreq
                0x00000c7a       0x94 C:/Users/armstrongsubero/Desktop/CH32V003_Examples/32_MPU/system/build/ch32v00x_rcc_87dcd468.o
                0x00000c7a                RCC_GetClocksFreq
 .text.RCC_APB2PeriphClockCmd
                0x00000d0e       0x18 C:/Users/armstrongsubero/Desktop/CH32V003_Examples/32_MPU/system/build/ch32v00x_rcc_87dcd468.o
                0x00000d0e                RCC_APB2PeriphClockCmd
 .text.RCC_APB1PeriphClockCmd
                0x00000d26       0x18 C:/Users/armstrongsubero/Desktop/CH32V003_Examples/32_MPU/system/build/ch32v00x_rcc_87dcd468.o
                0x00000d26                RCC_APB1PeriphClockCmd
 .text.NVIC_PriorityGroupConfig
                0x00000d3e        0x6 C:/Users/armstrongsubero/Desktop/CH32V003_Examples/32_MPU/system/build/ch32v00x_misc_9a0fbf45.o
                0x00000d3e                NVIC_PriorityGroupConfig
 .text.TIM_TimeBaseInit
                0x00000d44       0x5c C:/Users/armstrongsubero/Desktop/CH32V003_Examples/32_MPU/system/build/ch32v00x_tim_08755a84.o
                0x00000d44                TIM_TimeBaseInit
 .text.TIM_Cmd  0x00000da0       0x18 C:/Users/armstrongsubero/Desktop/CH32V003_Examples/32_MPU/system/build/ch32v00x_tim_08755a84.o
                0x00000da0                TIM_Cmd
 .text.TIM_ITConfig
                0x00000db8       0x16 C:/Users/armstrongsubero/Desktop/CH32V003_Examples/32_MPU/system/build/ch32v00x_tim_08755a84.o
                0x00000db8                TIM_ITConfig
 .text.TIM_GetITStatus
                0x00000dce       0x18 C:/Users/armstrongsubero/Desktop/CH32V003_Examples/32_MPU/system/build/ch32v00x_tim_08755a84.o
                0x00000dce                TIM_GetITStatus
 .text.TIM_ClearITPendingBit
                0x00000de6        0xa C:/Users/armstrongsubero/Desktop/CH32V003_Examples/32_MPU/system/build/ch32v00x_tim_08755a84.o
                0x00000de6                TIM_ClearITPendingBit
 .text.startup.main
                0x00000df0       0x3e C:/Users/armstrongsubero/Desktop/CH32V003_Examples/32_MPU/system/build/rovari_main_9df9f901.o
                0x00000df0                main
 .text.TIM2_IRQHandler
                0x00000e2e       0x50 C:/Users/armstrongsubero/Desktop/CH32V003_Examples/32_MPU/system/build/rovari_tick_ba34bfbd.o
                0x00000e2e                TIM2_IRQHandler
 .text.rovari_tick_init
                0x00000e7e       0x92 C:/Users/armstrongsubero/Desktop/CH32V003_Examples/32_MPU/system/build/rovari_tick_ba34bfbd.o
                0x00000e7e                rovari_tick_init
 .text.millis   0x00000f10        0x6 C:/Users/armstrongsubero/Desktop/CH32V003_Examples/32_MPU/system/build/rovari_tick_ba34bfbd.o
                0x00000f10                millis
 .text.sevs_assert_fail
                0x00000f16       0x7c C:/Users/armstrongsubero/Desktop/CH32V003_Examples/32_MPU/system/build/sevs_assert_target_d21dbdfb.o
                0x00000f16                sevs_assert_fail
 .text.USART_Init
                0x00000f92       0xde C:/Users/armstrongsubero/Desktop/CH32V003_Examples/32_MPU/system/build/ch32v00x_usart_04110ab1.o
                0x00000f92                USART_Init
 .text.USART_Cmd
                0x00001070       0x18 C:/Users/armstrongsubero/Desktop/CH32V003_Examples/32_MPU/system/build/ch32v00x_usart_04110ab1.o
                0x00001070                USART_Cmd
 .text.USART_SendData
                0x00001088        0xa C:/Users/armstrongsubero/Desktop/CH32V003_Examples/32_MPU/system/build/ch32v00x_usart_04110ab1.o
                0x00001088                USART_SendData
 .text.USART_GetFlagStatus
                0x00001092        0xc C:/Users/armstrongsubero/Desktop/CH32V003_Examples/32_MPU/system/build/ch32v00x_usart_04110ab1.o
                0x00001092                USART_GetFlagStatus
 .text.uart_init
                0x0000109e       0x82 C:/Users/armstrongsubero/Desktop/CH32V003_Examples/32_MPU/system/build/rovari_uart_f547dc16.o
                0x0000109e                uart_init
 .text.uart_write_byte
                0x00001120       0x34 C:/Users/armstrongsubero/Desktop/CH32V003_Examples/32_MPU/system/build/rovari_uart_f547dc16.o
                0x00001120                uart_write_byte
 .text.uart_print
                0x00001154       0x3a C:/Users/armstrongsubero/Desktop/CH32V003_Examples/32_MPU/system/build/rovari_uart_f547dc16.o
                0x00001154                uart_print
 .text.uart_println
                0x0000118e       0x3a C:/Users/armstrongsubero/Desktop/CH32V003_Examples/32_MPU/system/build/rovari_uart_f547dc16.o
                0x0000118e                uart_println
 .text.uart_printf
                0x000011c8       0x50 C:/Users/armstrongsubero/Desktop/CH32V003_Examples/32_MPU/system/build/rovari_uart_f547dc16.o
                0x000011c8                uart_printf
 .text.I2C_Init
                0x00001218       0xe4 C:/Users/armstrongsubero/Desktop/CH32V003_Examples/32_MPU/system/build/ch32v00x_i2c_92a4b278.o
                0x00001218                I2C_Init
 .text.I2C_Cmd  0x000012fc       0x18 C:/Users/armstrongsubero/Desktop/CH32V003_Examples/32_MPU/system/build/ch32v00x_i2c_92a4b278.o
                0x000012fc                I2C_Cmd
 .text.I2C_GenerateSTART
                0x00001314       0x1a C:/Users/armstrongsubero/Desktop/CH32V003_Examples/32_MPU/system/build/ch32v00x_i2c_92a4b278.o
                0x00001314                I2C_GenerateSTART
 .text.I2C_GenerateSTOP
                0x0000132e       0x1a C:/Users/armstrongsubero/Desktop/CH32V003_Examples/32_MPU/system/build/ch32v00x_i2c_92a4b278.o
                0x0000132e                I2C_GenerateSTOP
 .text.I2C_AcknowledgeConfig
                0x00001348       0x1a C:/Users/armstrongsubero/Desktop/CH32V003_Examples/32_MPU/system/build/ch32v00x_i2c_92a4b278.o
                0x00001348                I2C_AcknowledgeConfig
 .text.I2C_SendData
                0x00001362        0x6 C:/Users/armstrongsubero/Desktop/CH32V003_Examples/32_MPU/system/build/ch32v00x_i2c_92a4b278.o
                0x00001362                I2C_SendData
 .text.I2C_ReceiveData
                0x00001368        0xa C:/Users/armstrongsubero/Desktop/CH32V003_Examples/32_MPU/system/build/ch32v00x_i2c_92a4b278.o
                0x00001368                I2C_ReceiveData
 .text.I2C_Send7bitAddress
                0x00001372       0x10 C:/Users/armstrongsubero/Desktop/CH32V003_Examples/32_MPU/system/build/ch32v00x_i2c_92a4b278.o
                0x00001372                I2C_Send7bitAddress
 .text.I2C_CheckEvent
                0x00001382       0x1a C:/Users/armstrongsubero/Desktop/CH32V003_Examples/32_MPU/system/build/ch32v00x_i2c_92a4b278.o
                0x00001382                I2C_CheckEvent
 .text.wait_event
                0x0000139c       0x26 C:/Users/armstrongsubero/Desktop/CH32V003_Examples/32_MPU/system/build/rovari_i2c_c960e5c6.o
 .text.i2c_init
                0x000013c2       0x60 C:/Users/armstrongsubero/Desktop/CH32V003_Examples/32_MPU/system/build/rovari_i2c_c960e5c6.o
                0x000013c2                i2c_init
 .text.i2c_write_reg
                0x00001422       0x8c C:/Users/armstrongsubero/Desktop/CH32V003_Examples/32_MPU/system/build/rovari_i2c_c960e5c6.o
                0x00001422                i2c_write_reg
 .text.i2c_read_reg
                0x000014ae       0xcc C:/Users/armstrongsubero/Desktop/CH32V003_Examples/32_MPU/system/build/rovari_i2c_c960e5c6.o
                0x000014ae                i2c_read_reg
 .text.i2c_read_buf
                0x0000157a      0x106 C:/Users/armstrongsubero/Desktop/CH32V003_Examples/32_MPU/system/build/rovari_i2c_c960e5c6.o
                0x0000157a                i2c_read_buf
 .text.__divdi3
                0x00001680      0x510 C:/Users/armstrongsubero/Desktop/Products/02_Rovari_Studio/Rovari_System_Studio/toolchain/bin/../lib/gcc/riscv-none-elf/15.2.0/rv32ec/ilp32e\libgcc.a(_divdi3.o)
                0x00001680                __divdi3
 .text._vsnprintf_r
                0x00001b90       0x5e C:/Users/armstrongsubero/Desktop/Products/02_Rovari_Studio/Rovari_System_Studio/toolchain/bin/../lib/gcc/riscv-none-elf/15.2.0/../../../../riscv-none-elf/lib/rv32ec/ilp32e\libc_nano.a(libc_a-vsnprintf.o)
                0x00001b90                _vsniprintf_r
                0x00001b90                _vsnprintf_r
 .text.vsnprintf
                0x00001bee        0xe C:/Users/armstrongsubero/Desktop/Products/02_Rovari_Studio/Rovari_System_Studio/toolchain/bin/../lib/gcc/riscv-none-elf/15.2.0/../../../../riscv-none-elf/lib/rv32ec/ilp32e\libc_nano.a(libc_a-vsnprintf.o)
                0x00001bee                vsniprintf
                0x00001bee                vsnprintf
 .text.strncpy  0x00001bfc       0x24 C:/Users/armstrongsubero/Desktop/Products/02_Rovari_Studio/Rovari_System_Studio/toolchain/bin/../lib/gcc/riscv-none-elf/15.2.0/../../../../riscv-none-elf/lib/rv32ec/ilp32e\libc_nano.a(libc_a-strncpy.o)
                0x00001bfc                strncpy
 .text.__libc_init_array
                0x00001c20       0x72 C:/Users/armstrongsubero/Desktop/Products/02_Rovari_Studio/Rovari_System_Studio/toolchain/bin/../lib/gcc/riscv-none-elf/15.2.0/../../../../riscv-none-elf/lib/rv32ec/ilp32e\libc_nano.a(libc_a-init.o)
                0x00001c20                __libc_init_array
 .text.__ssputs_r
                0x00001c92       0xe0 C:/Users/armstrongsubero/Desktop/Products/02_Rovari_Studio/Rovari_System_Studio/toolchain/bin/../lib/gcc/riscv-none-elf/15.2.0/../../../../riscv-none-elf/lib/rv32ec/ilp32e\libc_nano.a(libc_a-nano-svfprintf.o)
                0x00001c92                __ssputs_r
 .text._svfprintf_r
                0x00001d72      0x282 C:/Users/armstrongsubero/Desktop/Products/02_Rovari_Studio/Rovari_System_Studio/toolchain/bin/../lib/gcc/riscv-none-elf/15.2.0/../../../../riscv-none-elf/lib/rv32ec/ilp32e\libc_nano.a(libc_a-nano-svfprintf.o)
                0x00001d72                _svfiprintf_r
                0x00001d72                _svfprintf_r
 .text._printf_common
                0x00001ff4       0xfc C:/Users/armstrongsubero/Desktop/Products/02_Rovari_Studio/Rovari_System_Studio/toolchain/bin/../lib/gcc/riscv-none-elf/15.2.0/../../../../riscv-none-elf/lib/rv32ec/ilp32e\libc_nano.a(libc_a-nano-vfprintf_i.o)
                0x00001ff4                _printf_common
 .text._printf_i
                0x000020f0      0x276 C:/Users/armstrongsubero/Desktop/Products/02_Rovari_Studio/Rovari_System_Studio/toolchain/bin/../lib/gcc/riscv-none-elf/15.2.0/../../../../riscv-none-elf/lib/rv32ec/ilp32e\libc_nano.a(libc_a-nano-vfprintf_i.o)
                0x000020f0                _printf_i
 .text.memchr   0x00002366       0x1a C:/Users/armstrongsubero/Desktop/Products/02_Rovari_Studio/Rovari_System_Studio/toolchain/bin/../lib/gcc/riscv-none-elf/15.2.0/../../../../riscv-none-elf/lib/rv32ec/ilp32e\libc_nano.a(libc_a-memchr.o)
                0x00002366                memchr
 .text._free_r  0x00002380       0x9e C:/Users/armstrongsubero/Desktop/Products/02_Rovari_Studio/Rovari_System_Studio/toolchain/bin/../lib/gcc/riscv-none-elf/15.2.0/../../../../riscv-none-elf/lib/rv32ec/ilp32e\libc_nano.a(libc_a-freer.o)
                0x00002380                _free_r
 .text.sbrk_aligned
                0x0000241e       0x4c C:/Users/armstrongsubero/Desktop/Products/02_Rovari_Studio/Rovari_System_Studio/toolchain/bin/../lib/gcc/riscv-none-elf/15.2.0/../../../../riscv-none-elf/lib/rv32ec/ilp32e\libc_nano.a(libc_a-mallocr.o)
 .text._malloc_r
                0x0000246a      0x10e C:/Users/armstrongsubero/Desktop/Products/02_Rovari_Studio/Rovari_System_Studio/toolchain/bin/../lib/gcc/riscv-none-elf/15.2.0/../../../../riscv-none-elf/lib/rv32ec/ilp32e\libc_nano.a(libc_a-mallocr.o)
                0x0000246a                _malloc_r
 .text.__malloc_lock
                0x00002578        0x6 C:/Users/armstrongsubero/Desktop/Products/02_Rovari_Studio/Rovari_System_Studio/toolchain/bin/../lib/gcc/riscv-none-elf/15.2.0/../../../../riscv-none-elf/lib/rv32ec/ilp32e\libc_nano.a(libc_a-mlock.o)
                0x00002578                __malloc_lock
 .text.__malloc_unlock
                0x0000257e        0x6 C:/Users/armstrongsubero/Desktop/Products/02_Rovari_Studio/Rovari_System_Studio/toolchain/bin/../lib/gcc/riscv-none-elf/15.2.0/../../../../riscv-none-elf/lib/rv32ec/ilp32e\libc_nano.a(libc_a-mlock.o)
                0x0000257e                __malloc_unlock
 .text._realloc_r
                0x00002584       0x68 C:/Users/armstrongsubero/Desktop/Products/02_Rovari_Studio/Rovari_System_Studio/toolchain/bin/../lib/gcc/riscv-none-elf/15.2.0/../../../../riscv-none-elf/lib/rv32ec/ilp32e\libc_nano.a(libc_a-reallocr.o)
                0x00002584                _realloc_r
 .text._sbrk_r  0x000025ec       0x28 C:/Users/armstrongsubero/Desktop/Products/02_Rovari_Studio/Rovari_System_Studio/toolchain/bin/../lib/gcc/riscv-none-elf/15.2.0/../../../../riscv-none-elf/lib/rv32ec/ilp32e\libc_nano.a(libc_a-sbrkr.o)
                0x000025ec                _sbrk_r
 .text.__retarget_lock_acquire_recursive
                0x00002614        0x2 C:/Users/armstrongsubero/Desktop/Products/02_Rovari_Studio/Rovari_System_Studio/toolchain/bin/../lib/gcc/riscv-none-elf/15.2.0/../../../../riscv-none-elf/lib/rv32ec/ilp32e\libc_nano.a(libc_a-lock.o)
                0x00002614                __retarget_lock_acquire_recursive
 .text.__retarget_lock_release_recursive
                0x00002616        0x2 C:/Users/armstrongsubero/Desktop/Products/02_Rovari_Studio/Rovari_System_Studio/toolchain/bin/../lib/gcc/riscv-none-elf/15.2.0/../../../../riscv-none-elf/lib/rv32ec/ilp32e\libc_nano.a(libc_a-lock.o)
                0x00002616                __retarget_lock_release_recursive
 .text._malloc_usable_size_r
                0x00002618       0x14 C:/Users/armstrongsubero/Desktop/Products/02_Rovari_Studio/Rovari_System_Studio/toolchain/bin/../lib/gcc/riscv-none-elf/15.2.0/../../../../riscv-none-elf/lib/rv32ec/ilp32e\libc_nano.a(libc_a-msizer.o)
                0x00002618                _malloc_usable_size_r
 *(.rodata)
 *(.rodata*)
 *fill*         0x0000262c        0x0 
 .rodata.app_init.str1.4
                0x0000262c      0x24d C:/Users/armstrongsubero/Desktop/CH32V003_Examples/32_MPU/system/build/app_b4168e8a.o
                                 0x2e (size before relaxing)
 .rodata.app_run.str1.4
                0x00002879        0x0 C:/Users/armstrongsubero/Desktop/CH32V003_Examples/32_MPU/system/build/app_b4168e8a.o
                                 0x2a (size before relaxing)
 *fill*         0x00002879        0x3 
 .rodata.AHBPrescTable
                0x0000287c       0x10 C:/Users/armstrongsubero/Desktop/CH32V003_Examples/32_MPU/system/build/system_ch32v00x_d3983265.o
                0x0000287c                AHBPrescTable
 .rodata.ADCPrescTable
                0x0000288c       0x14 C:/Users/armstrongsubero/Desktop/CH32V003_Examples/32_MPU/system/build/ch32v00x_rcc_87dcd468.o
 .rodata.APBAHBPrescTable
                0x000028a0       0x10 C:/Users/armstrongsubero/Desktop/CH32V003_Examples/32_MPU/system/build/ch32v00x_rcc_87dcd468.o
 .rodata.main.str1.4
                0x000028b0        0x0 C:/Users/armstrongsubero/Desktop/CH32V003_Examples/32_MPU/system/build/rovari_main_9df9f901.o
                                 0x8d (size before relaxing)
 .rodata.rovari_tick_init.str1.4
                0x000028b0        0x0 C:/Users/armstrongsubero/Desktop/CH32V003_Examples/32_MPU/system/build/rovari_tick_ba34bfbd.o
                                 0x8e (size before relaxing)
 .rodata.__PRETTY_FUNCTION__.0
                0x000028b0       0x11 C:/Users/armstrongsubero/Desktop/CH32V003_Examples/32_MPU/system/build/rovari_tick_ba34bfbd.o
 .rodata.uart_print.str1.4
                0x000028c1        0x0 C:/Users/armstrongsubero/Desktop/CH32V003_Examples/32_MPU/system/build/rovari_uart_f547dc16.o
                                 0x86 (size before relaxing)
 .rodata.uart_printf.str1.4
                0x000028c1        0x0 C:/Users/armstrongsubero/Desktop/CH32V003_Examples/32_MPU/system/build/rovari_uart_f547dc16.o
                                  0xe (size before relaxing)
 *fill*         0x000028c1        0x3 
 .rodata.__PRETTY_FUNCTION__.3
                0x000028c4        0xc C:/Users/armstrongsubero/Desktop/CH32V003_Examples/32_MPU/system/build/rovari_uart_f547dc16.o
 .rodata.__PRETTY_FUNCTION__.4
                0x000028d0        0xd C:/Users/armstrongsubero/Desktop/CH32V003_Examples/32_MPU/system/build/rovari_uart_f547dc16.o
 *fill*         0x000028dd        0x3 
 .rodata.__PRETTY_FUNCTION__.5
                0x000028e0        0xb C:/Users/armstrongsubero/Desktop/CH32V003_Examples/32_MPU/system/build/rovari_uart_f547dc16.o
 *fill*         0x000028eb        0x1 
 .rodata.__clz_tab
                0x000028ec      0x100 C:/Users/armstrongsubero/Desktop/Products/02_Rovari_Studio/Rovari_System_Studio/toolchain/bin/../lib/gcc/riscv-none-elf/15.2.0/rv32ec/ilp32e\libgcc.a(_clz.o)
                0x000028ec                __clz_tab
 .rodata._svfprintf_r.str1.4
                0x000029ec        0x0 C:/Users/armstrongsubero/Desktop/Products/02_Rovari_Studio/Rovari_System_Studio/toolchain/bin/../lib/gcc/riscv-none-elf/15.2.0/../../../../riscv-none-elf/lib/rv32ec/ilp32e\libc_nano.a(libc_a-nano-svfprintf.o)
                                 0x13 (size before relaxing)
 .rodata._printf_i.str1.4
                0x000029ec        0x0 C:/Users/armstrongsubero/Desktop/Products/02_Rovari_Studio/Rovari_System_Studio/toolchain/bin/../lib/gcc/riscv-none-elf/15.2.0/../../../../riscv-none-elf/lib/rv32ec/ilp32e\libc_nano.a(libc_a-nano-vfprintf_i.o)
                                 0x25 (size before relaxing)
 .rodata._printf_i
                0x000029ec       0x58 C:/Users/armstrongsubero/Desktop/Products/02_Rovari_Studio/Rovari_System_Studio/toolchain/bin/../lib/gcc/riscv-none-elf/15.2.0/../../../../riscv-none-elf/lib/rv32ec/ilp32e\libc_nano.a(libc_a-nano-vfprintf_i.o)
 *(.gnu.linkonce.t.*)
                0x00002a44                        . = ALIGN (0x4)

.rela.dyn       0x00002a44        0x0
 .rela.init     0x00002a44        0x0 C:/Users/armstrongsubero/Desktop/CH32V003_Examples/32_MPU/system/build/app_b4168e8a.o
 .rela.text.handle_reset
                0x00002a44        0x0 C:/Users/armstrongsubero/Desktop/CH32V003_Examples/32_MPU/system/build/app_b4168e8a.o
 .rela.text._sbrk
                0x00002a44        0x0 C:/Users/armstrongsubero/Desktop/CH32V003_Examples/32_MPU/system/build/app_b4168e8a.o
 .rela.sdata.curbrk.0
                0x00002a44        0x0 C:/Users/armstrongsubero/Desktop/CH32V003_Examples/32_MPU/system/build/app_b4168e8a.o
 .rela.data._impure_data
                0x00002a44        0x0 C:/Users/armstrongsubero/Desktop/CH32V003_Examples/32_MPU/system/build/app_b4168e8a.o
 .rela.text.__libc_init_array
                0x00002a44        0x0 C:/Users/armstrongsubero/Desktop/CH32V003_Examples/32_MPU/system/build/app_b4168e8a.o
 .rela.text._svfprintf_r
                0x00002a44        0x0 C:/Users/armstrongsubero/Desktop/CH32V003_Examples/32_MPU/system/build/app_b4168e8a.o

.fini           0x00002a44        0x0
 *(SORT_NONE(.fini))
                0x00002a44                        . = ALIGN (0x4)
                [!provide]                        PROVIDE (_etext = .)
                [!provide]                        PROVIDE (_eitcm = .)

.preinit_array  0x00002a44        0x0
                0x00002a44                        PROVIDE (__preinit_array_start = .)
 *(.preinit_array)
                0x00002a44                        PROVIDE (__preinit_array_end = .)

.init_array     0x00002a44        0x0
                0x00002a44                        PROVIDE (__init_array_start = .)
 *(SORT_BY_INIT_PRIORITY(.init_array.*) SORT_BY_INIT_PRIORITY(.ctors.*))
 *(.init_array EXCLUDE_FILE(*crtend?.o *crtend.o *crtbegin?.o *crtbegin.o) .ctors)
                0x00002a44                        PROVIDE (__init_array_end = .)

.fini_array     0x00002a44        0x0
                [!provide]                        PROVIDE (__fini_array_start = .)
 *(SORT_BY_INIT_PRIORITY(.fini_array.*) SORT_BY_INIT_PRIORITY(.dtors.*))
 *(.fini_array EXCLUDE_FILE(*crtend?.o *crtend.o *crtbegin?.o *crtbegin.o) .dtors)
                [!provide]                        PROVIDE (__fini_array_end = .)

.ctors
 *crtbegin.o(.ctors)
 *crtbegin?.o(.ctors)
 *(EXCLUDE_FILE(*crtend?.o *crtend.o) .ctors)
 *(SORT_BY_NAME(.ctors.*))
 *(.ctors)

.dtors
 *crtbegin.o(.dtors)
 *crtbegin?.o(.dtors)
 *(EXCLUDE_FILE(*crtend?.o *crtend.o) .dtors)
 *(SORT_BY_NAME(.dtors.*))
 *(.dtors)

.dalign         0x20000000        0x0 load address 0x00002a44
                0x20000000                        . = ALIGN (0x4)
                0x20000000                        PROVIDE (_data_vma = .)

.dlalign        0x00002a44        0x0
                0x00002a44                        . = ALIGN (0x4)
                0x00002a44                        PROVIDE (_data_lma = .)

.data           0x20000000       0x68 load address 0x00002a44
                0x20000000                        . = ALIGN (0x4)
 *(.gnu.linkonce.r.*)
 *(.data .data.*)
 .data._impure_data
                0x20000000       0x4c C:/Users/armstrongsubero/Desktop/Products/02_Rovari_Studio/Rovari_System_Studio/toolchain/bin/../lib/gcc/riscv-none-elf/15.2.0/../../../../riscv-none-elf/lib/rv32ec/ilp32e\libc_nano.a(libc_a-impure.o)
                0x20000000                _impure_data
 *(.gnu.linkonce.d.*)
                0x20000050                        . = ALIGN (0x8)
 *fill*         0x2000004c        0x4 
                0x20000850                        PROVIDE (__global_pointer$ = (. + 0x800))
 *(.sdata .sdata.*)
 .sdata.SystemCoreClock
                0x20000050        0x4 C:/Users/armstrongsubero/Desktop/CH32V003_Examples/32_MPU/system/build/system_ch32v00x_d3983265.o
                0x20000050                SystemCoreClock
 .sdata.curbrk.0
                0x20000054        0x4 C:/Users/armstrongsubero/Desktop/CH32V003_Examples/32_MPU/system/build/debug_612e4371.o
 .sdata._impure_ptr
                0x20000058        0x4 C:/Users/armstrongsubero/Desktop/Products/02_Rovari_Studio/Rovari_System_Studio/toolchain/bin/../lib/gcc/riscv-none-elf/15.2.0/../../../../riscv-none-elf/lib/rv32ec/ilp32e\libc_nano.a(libc_a-impure.o)
                0x20000058                _impure_ptr
 *(.sdata2*)
 *(.gnu.linkonce.s.*)
                0x20000060                        . = ALIGN (0x8)
 *fill*         0x2000005c        0x4 
 *(.srodata.cst16)
 *(.srodata.cst8)
 *(.srodata.cst4)
 *(.srodata.cst2)
 *(.srodata .srodata.*)
 .srodata.__PRETTY_FUNCTION__.0
                0x20000060        0x5 C:/Users/armstrongsubero/Desktop/CH32V003_Examples/32_MPU/system/build/rovari_main_9df9f901.o
                0x20000068                        . = ALIGN (0x4)
 *fill*         0x20000065        0x3 
                0x20000068                        PROVIDE (_edata = .)

.bss            0x20000068       0xc8 load address 0x00002aac
                0x20000068                        . = ALIGN (0x4)
                0x20000068                        PROVIDE (_sbss = .)
 *(.sbss*)
 .sbss.s_gz_hist
                0x20000068        0x8 C:/Users/armstrongsubero/Desktop/CH32V003_Examples/32_MPU/system/build/rovari_mpu6050_6c9cff8d.o
 .sbss.s_gy_hist
                0x20000070        0x8 C:/Users/armstrongsubero/Desktop/CH32V003_Examples/32_MPU/system/build/rovari_mpu6050_6c9cff8d.o
 .sbss.s_gx_hist
                0x20000078        0x8 C:/Users/armstrongsubero/Desktop/CH32V003_Examples/32_MPU/system/build/rovari_mpu6050_6c9cff8d.o
 .sbss.s_az_hist
                0x20000080        0x8 C:/Users/armstrongsubero/Desktop/CH32V003_Examples/32_MPU/system/build/rovari_mpu6050_6c9cff8d.o
 .sbss.s_ay_hist
                0x20000088        0x8 C:/Users/armstrongsubero/Desktop/CH32V003_Examples/32_MPU/system/build/rovari_mpu6050_6c9cff8d.o
 .sbss.s_ax_hist
                0x20000090        0x8 C:/Users/armstrongsubero/Desktop/CH32V003_Examples/32_MPU/system/build/rovari_mpu6050_6c9cff8d.o
 .sbss.s_filter_init
                0x20000098        0x1 C:/Users/armstrongsubero/Desktop/CH32V003_Examples/32_MPU/system/build/rovari_mpu6050_6c9cff8d.o
 *fill*         0x20000099        0x3 
 .sbss.s_temp   0x2000009c        0x4 C:/Users/armstrongsubero/Desktop/CH32V003_Examples/32_MPU/system/build/rovari_mpu6050_6c9cff8d.o
 .sbss.s_gz     0x200000a0        0x4 C:/Users/armstrongsubero/Desktop/CH32V003_Examples/32_MPU/system/build/rovari_mpu6050_6c9cff8d.o
 .sbss.s_gy     0x200000a4        0x4 C:/Users/armstrongsubero/Desktop/CH32V003_Examples/32_MPU/system/build/rovari_mpu6050_6c9cff8d.o
 .sbss.s_gx     0x200000a8        0x4 C:/Users/armstrongsubero/Desktop/CH32V003_Examples/32_MPU/system/build/rovari_mpu6050_6c9cff8d.o
 .sbss.s_az     0x200000ac        0x4 C:/Users/armstrongsubero/Desktop/CH32V003_Examples/32_MPU/system/build/rovari_mpu6050_6c9cff8d.o
 .sbss.s_ay     0x200000b0        0x4 C:/Users/armstrongsubero/Desktop/CH32V003_Examples/32_MPU/system/build/rovari_mpu6050_6c9cff8d.o
 .sbss.s_ax     0x200000b4        0x4 C:/Users/armstrongsubero/Desktop/CH32V003_Examples/32_MPU/system/build/rovari_mpu6050_6c9cff8d.o
 .sbss.s_gz_off
                0x200000b8        0x4 C:/Users/armstrongsubero/Desktop/CH32V003_Examples/32_MPU/system/build/rovari_mpu6050_6c9cff8d.o
 .sbss.s_gy_off
                0x200000bc        0x4 C:/Users/armstrongsubero/Desktop/CH32V003_Examples/32_MPU/system/build/rovari_mpu6050_6c9cff8d.o
 .sbss.s_gx_off
                0x200000c0        0x4 C:/Users/armstrongsubero/Desktop/CH32V003_Examples/32_MPU/system/build/rovari_mpu6050_6c9cff8d.o
 .sbss.s_az_off
                0x200000c4        0x4 C:/Users/armstrongsubero/Desktop/CH32V003_Examples/32_MPU/system/build/rovari_mpu6050_6c9cff8d.o
 .sbss.s_ay_off
                0x200000c8        0x4 C:/Users/armstrongsubero/Desktop/CH32V003_Examples/32_MPU/system/build/rovari_mpu6050_6c9cff8d.o
 .sbss.s_ax_off
                0x200000cc        0x4 C:/Users/armstrongsubero/Desktop/CH32V003_Examples/32_MPU/system/build/rovari_mpu6050_6c9cff8d.o
 .sbss.p_ms     0x200000d0        0x2 C:/Users/armstrongsubero/Desktop/CH32V003_Examples/32_MPU/system/build/debug_612e4371.o
 .sbss.p_us     0x200000d2        0x1 C:/Users/armstrongsubero/Desktop/CH32V003_Examples/32_MPU/system/build/debug_612e4371.o
 *fill*         0x200000d3        0x1 
 .sbss.NVIC_Priority_Group
                0x200000d4        0x4 C:/Users/armstrongsubero/Desktop/CH32V003_Examples/32_MPU/system/build/ch32v00x_misc_9a0fbf45.o
                0x200000d4                NVIC_Priority_Group
 .sbss.s_ms_counter
                0x200000d8        0x4 C:/Users/armstrongsubero/Desktop/CH32V003_Examples/32_MPU/system/build/rovari_tick_ba34bfbd.o
 .sbss.__malloc_sbrk_start
                0x200000dc        0x4 C:/Users/armstrongsubero/Desktop/Products/02_Rovari_Studio/Rovari_System_Studio/toolchain/bin/../lib/gcc/riscv-none-elf/15.2.0/../../../../riscv-none-elf/lib/rv32ec/ilp32e\libc_nano.a(libc_a-mallocr.o)
                0x200000dc                __malloc_sbrk_start
 .sbss.__malloc_free_list
                0x200000e0        0x4 C:/Users/armstrongsubero/Desktop/Products/02_Rovari_Studio/Rovari_System_Studio/toolchain/bin/../lib/gcc/riscv-none-elf/15.2.0/../../../../riscv-none-elf/lib/rv32ec/ilp32e\libc_nano.a(libc_a-mallocr.o)
                0x200000e0                __malloc_free_list
 .sbss.__lock___malloc_recursive_mutex
                0x200000e4        0x1 C:/Users/armstrongsubero/Desktop/Products/02_Rovari_Studio/Rovari_System_Studio/toolchain/bin/../lib/gcc/riscv-none-elf/15.2.0/../../../../riscv-none-elf/lib/rv32ec/ilp32e\libc_nano.a(libc_a-lock.o)
                0x200000e4                __lock___malloc_recursive_mutex
 *fill*         0x200000e5        0x3 
 .sbss.errno    0x200000e8        0x4 C:/Users/armstrongsubero/Desktop/Products/02_Rovari_Studio/Rovari_System_Studio/toolchain/bin/../lib/gcc/riscv-none-elf/15.2.0/../../../../riscv-none-elf/lib/rv32ec/ilp32e\libc_nano.a(libc_a-reent.o)
                0x200000e8                errno
 *(.gnu.linkonce.sb.*)
 *(.bss*)
 .bss.rx_ring1  0x200000ec       0x44 C:/Users/armstrongsubero/Desktop/CH32V003_Examples/32_MPU/system/build/rovari_uart_f547dc16.o
 *(.gnu.linkonce.b.*)
 *(COMMON*)
                0x20000130                        . = ALIGN (0x4)
                0x20000130                        PROVIDE (_ebss = .)
                0x20000130                        PROVIDE (_end = _ebss)
                [!provide]                        PROVIDE (end = .)

.stack          0x20000700      0x100
                0x20000700                        PROVIDE (_heap_end = .)
                0x20000700                        . = ALIGN (0x4)
                [!provide]                        PROVIDE (_susrstack = .)
                0x20000800                        . = (. + __stack_size)
 *fill*         0x20000700      0x100 
                0x20000800                        PROVIDE (_eusrstack = .)
OUTPUT(system\build\app.elf elf32-littleriscv)

.debug_info     0x00000000     0xa610
 .debug_info    0x00000000      0x3e0 C:/Users/armstrongsubero/Desktop/CH32V003_Examples/32_MPU/system/build/app_b4168e8a.o
 .debug_info    0x000003e0      0x2fa C:/Users/armstrongsubero/Desktop/CH32V003_Examples/32_MPU/system/build/ch32v00x_it_04364fbc.o
 .debug_info    0x000006da     0x11d9 C:/Users/armstrongsubero/Desktop/CH32V003_Examples/32_MPU/system/build/rovari_mpu6050_6c9cff8d.o
 .debug_info    0x000018b3       0x23 C:/Users/armstrongsubero/Desktop/CH32V003_Examples/32_MPU/system/build/startup_6675d02a.o
 .debug_info    0x000018d6      0x370 C:/Users/armstrongsubero/Desktop/CH32V003_Examples/32_MPU/system/build/system_ch32v00x_d3983265.o
 .debug_info    0x00001c46      0x726 C:/Users/armstrongsubero/Desktop/CH32V003_Examples/32_MPU/system/build/debug_612e4371.o
 .debug_info    0x0000236c      0x7a1 C:/Users/armstrongsubero/Desktop/CH32V003_Examples/32_MPU/system/build/ch32v00x_gpio_51f76e01.o
 .debug_info    0x00002b0d      0x7f5 C:/Users/armstrongsubero/Desktop/CH32V003_Examples/32_MPU/system/build/ch32v00x_rcc_87dcd468.o
 .debug_info    0x00003302      0x53c C:/Users/armstrongsubero/Desktop/CH32V003_Examples/32_MPU/system/build/ch32v00x_misc_9a0fbf45.o
 .debug_info    0x0000383e     0x20f3 C:/Users/armstrongsubero/Desktop/CH32V003_Examples/32_MPU/system/build/ch32v00x_tim_08755a84.o
 .debug_info    0x00005931      0x1f8 C:/Users/armstrongsubero/Desktop/CH32V003_Examples/32_MPU/system/build/rovari_main_9df9f901.o
 .debug_info    0x00005b29      0x94d C:/Users/armstrongsubero/Desktop/CH32V003_Examples/32_MPU/system/build/rovari_tick_ba34bfbd.o
 .debug_info    0x00006476      0x249 C:/Users/armstrongsubero/Desktop/CH32V003_Examples/32_MPU/system/build/sevs_assert_target_d21dbdfb.o
 .debug_info    0x000066bf      0xab9 C:/Users/armstrongsubero/Desktop/CH32V003_Examples/32_MPU/system/build/ch32v00x_usart_04110ab1.o
 .debug_info    0x00007178      0xd29 C:/Users/armstrongsubero/Desktop/CH32V003_Examples/32_MPU/system/build/rovari_uart_f547dc16.o
 .debug_info    0x00007ea1      0xb95 C:/Users/armstrongsubero/Desktop/CH32V003_Examples/32_MPU/system/build/ch32v00x_i2c_92a4b278.o
 .debug_info    0x00008a36      0xf86 C:/Users/armstrongsubero/Desktop/CH32V003_Examples/32_MPU/system/build/rovari_i2c_c960e5c6.o
 .debug_info    0x000099bc      0xa6b C:/Users/armstrongsubero/Desktop/Products/02_Rovari_Studio/Rovari_System_Studio/toolchain/bin/../lib/gcc/riscv-none-elf/15.2.0/rv32ec/ilp32e\libgcc.a(_divdi3.o)
 .debug_info    0x0000a427       0x68 C:/Users/armstrongsubero/Desktop/Products/02_Rovari_Studio/Rovari_System_Studio/toolchain/bin/../lib/gcc/riscv-none-elf/15.2.0/rv32ec/ilp32e\libgcc.a(save-restore.o)
 .debug_info    0x0000a48f       0x31 C:/Users/armstrongsubero/Desktop/Products/02_Rovari_Studio/Rovari_System_Studio/toolchain/bin/../lib/gcc/riscv-none-elf/15.2.0/rv32ec/ilp32e\libgcc.a(muldi3.o)
 .debug_info    0x0000a4c0       0x5e C:/Users/armstrongsubero/Desktop/Products/02_Rovari_Studio/Rovari_System_Studio/toolchain/bin/../lib/gcc/riscv-none-elf/15.2.0/rv32ec/ilp32e\libgcc.a(div.o)
 .debug_info    0x0000a51e       0xf2 C:/Users/armstrongsubero/Desktop/Products/02_Rovari_Studio/Rovari_System_Studio/toolchain/bin/../lib/gcc/riscv-none-elf/15.2.0/rv32ec/ilp32e\libgcc.a(_clz.o)

.debug_abbrev   0x00000000     0x24e6
 .debug_abbrev  0x00000000      0x1a4 C:/Users/armstrongsubero/Desktop/CH32V003_Examples/32_MPU/system/build/app_b4168e8a.o
 .debug_abbrev  0x000001a4      0x103 C:/Users/armstrongsubero/Desktop/CH32V003_Examples/32_MPU/system/build/ch32v00x_it_04364fbc.o
 .debug_abbrev  0x000002a7      0x3d0 C:/Users/armstrongsubero/Desktop/CH32V003_Examples/32_MPU/system/build/rovari_mpu6050_6c9cff8d.o
 .debug_abbrev  0x00000677       0x12 C:/Users/armstrongsubero/Desktop/CH32V003_Examples/32_MPU/system/build/startup_6675d02a.o
 .debug_abbrev  0x00000689      0x1ba C:/Users/armstrongsubero/Desktop/CH32V003_Examples/32_MPU/system/build/system_ch32v00x_d3983265.o
 .debug_abbrev  0x00000843      0x217 C:/Users/armstrongsubero/Desktop/CH32V003_Examples/32_MPU/system/build/debug_612e4371.o
 .debug_abbrev  0x00000a5a      0x202 C:/Users/armstrongsubero/Desktop/CH32V003_Examples/32_MPU/system/build/ch32v00x_gpio_51f76e01.o
 .debug_abbrev  0x00000c5c      0x248 C:/Users/armstrongsubero/Desktop/CH32V003_Examples/32_MPU/system/build/ch32v00x_rcc_87dcd468.o
 .debug_abbrev  0x00000ea4      0x1c4 C:/Users/armstrongsubero/Desktop/CH32V003_Examples/32_MPU/system/build/ch32v00x_misc_9a0fbf45.o
 .debug_abbrev  0x00001068      0x31f C:/Users/armstrongsubero/Desktop/CH32V003_Examples/32_MPU/system/build/ch32v00x_tim_08755a84.o
 .debug_abbrev  0x00001387      0x101 C:/Users/armstrongsubero/Desktop/CH32V003_Examples/32_MPU/system/build/rovari_main_9df9f901.o
 .debug_abbrev  0x00001488      0x2cc C:/Users/armstrongsubero/Desktop/CH32V003_Examples/32_MPU/system/build/rovari_tick_ba34bfbd.o
 .debug_abbrev  0x00001754      0x11d C:/Users/armstrongsubero/Desktop/CH32V003_Examples/32_MPU/system/build/sevs_assert_target_d21dbdfb.o
 .debug_abbrev  0x00001871      0x20b C:/Users/armstrongsubero/Desktop/CH32V003_Examples/32_MPU/system/build/ch32v00x_usart_04110ab1.o
 .debug_abbrev  0x00001a7c      0x31f C:/Users/armstrongsubero/Desktop/CH32V003_Examples/32_MPU/system/build/rovari_uart_f547dc16.o
 .debug_abbrev  0x00001d9b      0x268 C:/Users/armstrongsubero/Desktop/CH32V003_Examples/32_MPU/system/build/ch32v00x_i2c_92a4b278.o
 .debug_abbrev  0x00002003      0x1fe C:/Users/armstrongsubero/Desktop/CH32V003_Examples/32_MPU/system/build/rovari_i2c_c960e5c6.o
 .debug_abbrev  0x00002201      0x1f7 C:/Users/armstrongsubero/Desktop/Products/02_Rovari_Studio/Rovari_System_Studio/toolchain/bin/../lib/gcc/riscv-none-elf/15.2.0/rv32ec/ilp32e\libgcc.a(_divdi3.o)
 .debug_abbrev  0x000023f8       0x28 C:/Users/armstrongsubero/Desktop/Products/02_Rovari_Studio/Rovari_System_Studio/toolchain/bin/../lib/gcc/riscv-none-elf/15.2.0/rv32ec/ilp32e\libgcc.a(save-restore.o)
 .debug_abbrev  0x00002420       0x28 C:/Users/armstrongsubero/Desktop/Products/02_Rovari_Studio/Rovari_System_Studio/toolchain/bin/../lib/gcc/riscv-none-elf/15.2.0/rv32ec/ilp32e\libgcc.a(muldi3.o)
 .debug_abbrev  0x00002448       0x28 C:/Users/armstrongsubero/Desktop/Products/02_Rovari_Studio/Rovari_System_Studio/toolchain/bin/../lib/gcc/riscv-none-elf/15.2.0/rv32ec/ilp32e\libgcc.a(div.o)
 .debug_abbrev  0x00002470       0x76 C:/Users/armstrongsubero/Desktop/Products/02_Rovari_Studio/Rovari_System_Studio/toolchain/bin/../lib/gcc/riscv-none-elf/15.2.0/rv32ec/ilp32e\libgcc.a(_clz.o)

.debug_loclists
                0x00000000     0x4de5
 .debug_loclists
                0x00000000       0x26 C:/Users/armstrongsubero/Desktop/CH32V003_Examples/32_MPU/system/build/app_b4168e8a.o
 .debug_loclists
                0x00000026      0xac6 C:/Users/armstrongsubero/Desktop/CH32V003_Examples/32_MPU/system/build/rovari_mpu6050_6c9cff8d.o
 .debug_loclists
                0x00000aec       0x77 C:/Users/armstrongsubero/Desktop/CH32V003_Examples/32_MPU/system/build/system_ch32v00x_d3983265.o
 .debug_loclists
                0x00000b63      0x139 C:/Users/armstrongsubero/Desktop/CH32V003_Examples/32_MPU/system/build/debug_612e4371.o
 .debug_loclists
                0x00000c9c      0x50a C:/Users/armstrongsubero/Desktop/CH32V003_Examples/32_MPU/system/build/ch32v00x_gpio_51f76e01.o
 .debug_loclists
                0x000011a6      0x3da C:/Users/armstrongsubero/Desktop/CH32V003_Examples/32_MPU/system/build/ch32v00x_rcc_87dcd468.o
 .debug_loclists
                0x00001580       0x6a C:/Users/armstrongsubero/Desktop/CH32V003_Examples/32_MPU/system/build/ch32v00x_misc_9a0fbf45.o
 .debug_loclists
                0x000015ea     0x10d6 C:/Users/armstrongsubero/Desktop/CH32V003_Examples/32_MPU/system/build/ch32v00x_tim_08755a84.o
 .debug_loclists
                0x000026c0       0x84 C:/Users/armstrongsubero/Desktop/CH32V003_Examples/32_MPU/system/build/rovari_tick_ba34bfbd.o
 .debug_loclists
                0x00002744       0xa8 C:/Users/armstrongsubero/Desktop/CH32V003_Examples/32_MPU/system/build/sevs_assert_target_d21dbdfb.o
 .debug_loclists
                0x000027ec      0x5d5 C:/Users/armstrongsubero/Desktop/CH32V003_Examples/32_MPU/system/build/ch32v00x_usart_04110ab1.o
 .debug_loclists
                0x00002dc1      0x407 C:/Users/armstrongsubero/Desktop/CH32V003_Examples/32_MPU/system/build/rovari_uart_f547dc16.o
 .debug_loclists
                0x000031c8      0x589 C:/Users/armstrongsubero/Desktop/CH32V003_Examples/32_MPU/system/build/ch32v00x_i2c_92a4b278.o
 .debug_loclists
                0x00003751      0x482 C:/Users/armstrongsubero/Desktop/CH32V003_Examples/32_MPU/system/build/rovari_i2c_c960e5c6.o
 .debug_loclists
                0x00003bd3     0x1212 C:/Users/armstrongsubero/Desktop/Products/02_Rovari_Studio/Rovari_System_Studio/toolchain/bin/../lib/gcc/riscv-none-elf/15.2.0/rv32ec/ilp32e\libgcc.a(_divdi3.o)

.debug_aranges  0x00000000      0x9c8
 .debug_aranges
                0x00000000       0x28 C:/Users/armstrongsubero/Desktop/CH32V003_Examples/32_MPU/system/build/app_b4168e8a.o
 .debug_aranges
                0x00000028       0x28 C:/Users/armstrongsubero/Desktop/CH32V003_Examples/32_MPU/system/build/ch32v00x_it_04364fbc.o
 .debug_aranges
                0x00000050       0x70 C:/Users/armstrongsubero/Desktop/CH32V003_Examples/32_MPU/system/build/rovari_mpu6050_6c9cff8d.o
 .debug_aranges
                0x000000c0       0x30 C:/Users/armstrongsubero/Desktop/CH32V003_Examples/32_MPU/system/build/startup_6675d02a.o
 .debug_aranges
                0x000000f0       0x28 C:/Users/armstrongsubero/Desktop/CH32V003_Examples/32_MPU/system/build/system_ch32v00x_d3983265.o
 .debug_aranges
                0x00000118       0x50 C:/Users/armstrongsubero/Desktop/CH32V003_Examples/32_MPU/system/build/debug_612e4371.o
 .debug_aranges
                0x00000168       0x98 C:/Users/armstrongsubero/Desktop/CH32V003_Examples/32_MPU/system/build/ch32v00x_gpio_51f76e01.o
 .debug_aranges
                0x00000200       0xe0 C:/Users/armstrongsubero/Desktop/CH32V003_Examples/32_MPU/system/build/ch32v00x_rcc_87dcd468.o
 .debug_aranges
                0x000002e0       0x28 C:/Users/armstrongsubero/Desktop/CH32V003_Examples/32_MPU/system/build/ch32v00x_misc_9a0fbf45.o
 .debug_aranges
                0x00000308      0x2e8 C:/Users/armstrongsubero/Desktop/CH32V003_Examples/32_MPU/system/build/ch32v00x_tim_08755a84.o
 .debug_aranges
                0x000005f0       0x20 C:/Users/armstrongsubero/Desktop/CH32V003_Examples/32_MPU/system/build/rovari_main_9df9f901.o
 .debug_aranges
                0x00000610       0x38 C:/Users/armstrongsubero/Desktop/CH32V003_Examples/32_MPU/system/build/rovari_tick_ba34bfbd.o
 .debug_aranges
                0x00000648       0x20 C:/Users/armstrongsubero/Desktop/CH32V003_Examples/32_MPU/system/build/sevs_assert_target_d21dbdfb.o
 .debug_aranges
                0x00000668      0x100 C:/Users/armstrongsubero/Desktop/CH32V003_Examples/32_MPU/system/build/ch32v00x_usart_04110ab1.o
 .debug_aranges
                0x00000768       0x58 C:/Users/armstrongsubero/Desktop/CH32V003_Examples/32_MPU/system/build/rovari_uart_f547dc16.o
 .debug_aranges
                0x000007c0      0x118 C:/Users/armstrongsubero/Desktop/CH32V003_Examples/32_MPU/system/build/ch32v00x_i2c_92a4b278.o
 .debug_aranges
                0x000008d8       0x58 C:/Users/armstrongsubero/Desktop/CH32V003_Examples/32_MPU/system/build/rovari_i2c_c960e5c6.o
 .debug_aranges
                0x00000930       0x20 C:/Users/armstrongsubero/Desktop/Products/02_Rovari_Studio/Rovari_System_Studio/toolchain/bin/../lib/gcc/riscv-none-elf/15.2.0/rv32ec/ilp32e\libgcc.a(_divdi3.o)
 .debug_aranges
                0x00000950       0x20 C:/Users/armstrongsubero/Desktop/Products/02_Rovari_Studio/Rovari_System_Studio/toolchain/bin/../lib/gcc/riscv-none-elf/15.2.0/rv32ec/ilp32e\libgcc.a(save-restore.o)
 .debug_aranges
                0x00000970       0x20 C:/Users/armstrongsubero/Desktop/Products/02_Rovari_Studio/Rovari_System_Studio/toolchain/bin/../lib/gcc/riscv-none-elf/15.2.0/rv32ec/ilp32e\libgcc.a(muldi3.o)
 .debug_aranges
                0x00000990       0x20 C:/Users/armstrongsubero/Desktop/Products/02_Rovari_Studio/Rovari_System_Studio/toolchain/bin/../lib/gcc/riscv-none-elf/15.2.0/rv32ec/ilp32e\libgcc.a(div.o)
 .debug_aranges
                0x000009b0       0x18 C:/Users/armstrongsubero/Desktop/Products/02_Rovari_Studio/Rovari_System_Studio/toolchain/bin/../lib/gcc/riscv-none-elf/15.2.0/rv32ec/ilp32e\libgcc.a(_clz.o)

.debug_rnglists
                0x00000000      0x9a5
 .debug_rnglists
                0x00000000       0x1b C:/Users/armstrongsubero/Desktop/CH32V003_Examples/32_MPU/system/build/app_b4168e8a.o
 .debug_rnglists
                0x0000001b       0x19 C:/Users/armstrongsubero/Desktop/CH32V003_Examples/32_MPU/system/build/ch32v00x_it_04364fbc.o
 .debug_rnglists
                0x00000034      0x136 C:/Users/armstrongsubero/Desktop/CH32V003_Examples/32_MPU/system/build/rovari_mpu6050_6c9cff8d.o
 .debug_rnglists
                0x0000016a       0x21 C:/Users/armstrongsubero/Desktop/CH32V003_Examples/32_MPU/system/build/startup_6675d02a.o
 .debug_rnglists
                0x0000018b       0x1a C:/Users/armstrongsubero/Desktop/CH32V003_Examples/32_MPU/system/build/system_ch32v00x_d3983265.o
 .debug_rnglists
                0x000001a5       0x37 C:/Users/armstrongsubero/Desktop/CH32V003_Examples/32_MPU/system/build/debug_612e4371.o
 .debug_rnglists
                0x000001dc       0x6f C:/Users/armstrongsubero/Desktop/CH32V003_Examples/32_MPU/system/build/ch32v00x_gpio_51f76e01.o
 .debug_rnglists
                0x0000024b       0xa4 C:/Users/armstrongsubero/Desktop/CH32V003_Examples/32_MPU/system/build/ch32v00x_rcc_87dcd468.o
 .debug_rnglists
                0x000002ef       0x3d C:/Users/armstrongsubero/Desktop/CH32V003_Examples/32_MPU/system/build/ch32v00x_misc_9a0fbf45.o
 .debug_rnglists
                0x0000032c      0x24f C:/Users/armstrongsubero/Desktop/CH32V003_Examples/32_MPU/system/build/ch32v00x_tim_08755a84.o
 .debug_rnglists
                0x0000057b       0x13 C:/Users/armstrongsubero/Desktop/CH32V003_Examples/32_MPU/system/build/rovari_main_9df9f901.o
 .debug_rnglists
                0x0000058e       0x32 C:/Users/armstrongsubero/Desktop/CH32V003_Examples/32_MPU/system/build/rovari_tick_ba34bfbd.o
 .debug_rnglists
                0x000005c0       0x14 C:/Users/armstrongsubero/Desktop/CH32V003_Examples/32_MPU/system/build/sevs_assert_target_d21dbdfb.o
 .debug_rnglists
                0x000005d4       0xbc C:/Users/armstrongsubero/Desktop/CH32V003_Examples/32_MPU/system/build/ch32v00x_usart_04110ab1.o
 .debug_rnglists
                0x00000690       0x96 C:/Users/armstrongsubero/Desktop/CH32V003_Examples/32_MPU/system/build/rovari_uart_f547dc16.o
 .debug_rnglists
                0x00000726       0xce C:/Users/armstrongsubero/Desktop/CH32V003_Examples/32_MPU/system/build/ch32v00x_i2c_92a4b278.o
 .debug_rnglists
                0x000007f4       0x78 C:/Users/armstrongsubero/Desktop/CH32V003_Examples/32_MPU/system/build/rovari_i2c_c960e5c6.o
 .debug_rnglists
                0x0000086c      0x139 C:/Users/armstrongsubero/Desktop/Products/02_Rovari_Studio/Rovari_System_Studio/toolchain/bin/../lib/gcc/riscv-none-elf/15.2.0/rv32ec/ilp32e\libgcc.a(_divdi3.o)

.debug_line     0x00000000     0x998c
 .debug_line    0x00000000      0x1c8 C:/Users/armstrongsubero/Desktop/CH32V003_Examples/32_MPU/system/build/app_b4168e8a.o
 .debug_line    0x000001c8       0xc5 C:/Users/armstrongsubero/Desktop/CH32V003_Examples/32_MPU/system/build/ch32v00x_it_04364fbc.o
 .debug_line    0x0000028d     0x1104 C:/Users/armstrongsubero/Desktop/CH32V003_Examples/32_MPU/system/build/rovari_mpu6050_6c9cff8d.o
 .debug_line    0x00001391      0x144 C:/Users/armstrongsubero/Desktop/CH32V003_Examples/32_MPU/system/build/startup_6675d02a.o
 .debug_line    0x000014d5      0x376 C:/Users/armstrongsubero/Desktop/CH32V003_Examples/32_MPU/system/build/system_ch32v00x_d3983265.o
 .debug_line    0x0000184b      0x4b7 C:/Users/armstrongsubero/Desktop/CH32V003_Examples/32_MPU/system/build/debug_612e4371.o
 .debug_line    0x00001d02      0x872 C:/Users/armstrongsubero/Desktop/CH32V003_Examples/32_MPU/system/build/ch32v00x_gpio_51f76e01.o
 .debug_line    0x00002574      0xaaf C:/Users/armstrongsubero/Desktop/CH32V003_Examples/32_MPU/system/build/ch32v00x_rcc_87dcd468.o
 .debug_line    0x00003023      0x1f0 C:/Users/armstrongsubero/Desktop/CH32V003_Examples/32_MPU/system/build/ch32v00x_misc_9a0fbf45.o
 .debug_line    0x00003213     0x277a C:/Users/armstrongsubero/Desktop/CH32V003_Examples/32_MPU/system/build/ch32v00x_tim_08755a84.o
 .debug_line    0x0000598d       0xcc C:/Users/armstrongsubero/Desktop/CH32V003_Examples/32_MPU/system/build/rovari_main_9df9f901.o
 .debug_line    0x00005a59      0x2bb C:/Users/armstrongsubero/Desktop/CH32V003_Examples/32_MPU/system/build/rovari_tick_ba34bfbd.o
 .debug_line    0x00005d14      0x158 C:/Users/armstrongsubero/Desktop/CH32V003_Examples/32_MPU/system/build/sevs_assert_target_d21dbdfb.o
 .debug_line    0x00005e6c      0xbbe C:/Users/armstrongsubero/Desktop/CH32V003_Examples/32_MPU/system/build/ch32v00x_usart_04110ab1.o
 .debug_line    0x00006a2a      0x8dc C:/Users/armstrongsubero/Desktop/CH32V003_Examples/32_MPU/system/build/rovari_uart_f547dc16.o
 .debug_line    0x00007306      0xcb2 C:/Users/armstrongsubero/Desktop/CH32V003_Examples/32_MPU/system/build/ch32v00x_i2c_92a4b278.o
 .debug_line    0x00007fb8      0x896 C:/Users/armstrongsubero/Desktop/CH32V003_Examples/32_MPU/system/build/rovari_i2c_c960e5c6.o
 .debug_line    0x0000884e      0xea7 C:/Users/armstrongsubero/Desktop/Products/02_Rovari_Studio/Rovari_System_Studio/toolchain/bin/../lib/gcc/riscv-none-elf/15.2.0/rv32ec/ilp32e\libgcc.a(_divdi3.o)
 .debug_line    0x000096f5       0x81 C:/Users/armstrongsubero/Desktop/Products/02_Rovari_Studio/Rovari_System_Studio/toolchain/bin/../lib/gcc/riscv-none-elf/15.2.0/rv32ec/ilp32e\libgcc.a(save-restore.o)
 .debug_line    0x00009776       0x7a C:/Users/armstrongsubero/Desktop/Products/02_Rovari_Studio/Rovari_System_Studio/toolchain/bin/../lib/gcc/riscv-none-elf/15.2.0/rv32ec/ilp32e\libgcc.a(muldi3.o)
 .debug_line    0x000097f0      0x153 C:/Users/armstrongsubero/Desktop/Products/02_Rovari_Studio/Rovari_System_Studio/toolchain/bin/../lib/gcc/riscv-none-elf/15.2.0/rv32ec/ilp32e\libgcc.a(div.o)
 .debug_line    0x00009943       0x49 C:/Users/armstrongsubero/Desktop/Products/02_Rovari_Studio/Rovari_System_Studio/toolchain/bin/../lib/gcc/riscv-none-elf/15.2.0/rv32ec/ilp32e\libgcc.a(_clz.o)

.debug_str      0x00000000     0x2bdb
 .debug_str     0x00000000     0x2bdb C:/Users/armstrongsubero/Desktop/CH32V003_Examples/32_MPU/system/build/app_b4168e8a.o
                                0x2d3 (size before relaxing)
 .debug_str     0x00002bdb        0x0 C:/Users/armstrongsubero/Desktop/CH32V003_Examples/32_MPU/system/build/ch32v00x_it_04364fbc.o
                                0x262 (size before relaxing)
 .debug_str     0x00002bdb        0x0 C:/Users/armstrongsubero/Desktop/CH32V003_Examples/32_MPU/system/build/rovari_mpu6050_6c9cff8d.o
                                0x3db (size before relaxing)
 .debug_str     0x00002bdb        0x0 C:/Users/armstrongsubero/Desktop/CH32V003_Examples/32_MPU/system/build/startup_6675d02a.o
                                 0x91 (size before relaxing)
 .debug_str     0x00002bdb        0x0 C:/Users/armstrongsubero/Desktop/CH32V003_Examples/32_MPU/system/build/system_ch32v00x_d3983265.o
                                0x2ee (size before relaxing)
 .debug_str     0x00002bdb        0x0 C:/Users/armstrongsubero/Desktop/CH32V003_Examples/32_MPU/system/build/debug_612e4371.o
                                0x528 (size before relaxing)
 .debug_str     0x00002bdb        0x0 C:/Users/armstrongsubero/Desktop/CH32V003_Examples/32_MPU/system/build/ch32v00x_gpio_51f76e01.o
                                0x514 (size before relaxing)
 .debug_str     0x00002bdb        0x0 C:/Users/armstrongsubero/Desktop/CH32V003_Examples/32_MPU/system/build/ch32v00x_rcc_87dcd468.o
                                0x58d (size before relaxing)
 .debug_str     0x00002bdb        0x0 C:/Users/armstrongsubero/Desktop/CH32V003_Examples/32_MPU/system/build/ch32v00x_misc_9a0fbf45.o
                                0x4dc (size before relaxing)
 .debug_str     0x00002bdb        0x0 C:/Users/armstrongsubero/Desktop/CH32V003_Examples/32_MPU/system/build/ch32v00x_tim_08755a84.o
                                0xe3d (size before relaxing)
 .debug_str     0x00002bdb        0x0 C:/Users/armstrongsubero/Desktop/CH32V003_Examples/32_MPU/system/build/rovari_main_9df9f901.o
                                0x275 (size before relaxing)
 .debug_str     0x00002bdb        0x0 C:/Users/armstrongsubero/Desktop/CH32V003_Examples/32_MPU/system/build/rovari_tick_ba34bfbd.o
                                0x69f (size before relaxing)
 .debug_str     0x00002bdb        0x0 C:/Users/armstrongsubero/Desktop/CH32V003_Examples/32_MPU/system/build/sevs_assert_target_d21dbdfb.o
                                0x219 (size before relaxing)
 .debug_str     0x00002bdb        0x0 C:/Users/armstrongsubero/Desktop/CH32V003_Examples/32_MPU/system/build/ch32v00x_usart_04110ab1.o
                                0x6e4 (size before relaxing)
 .debug_str     0x00002bdb        0x0 C:/Users/armstrongsubero/Desktop/CH32V003_Examples/32_MPU/system/build/rovari_uart_f547dc16.o
                                0x5ea (size before relaxing)
 .debug_str     0x00002bdb        0x0 C:/Users/armstrongsubero/Desktop/CH32V003_Examples/32_MPU/system/build/ch32v00x_i2c_92a4b278.o
                                0x68e (size before relaxing)
 .debug_str     0x00002bdb        0x0 C:/Users/armstrongsubero/Desktop/CH32V003_Examples/32_MPU/system/build/rovari_i2c_c960e5c6.o
                                0x57f (size before relaxing)
 .debug_str     0x00002bdb        0x0 C:/Users/armstrongsubero/Desktop/Products/02_Rovari_Studio/Rovari_System_Studio/toolchain/bin/../lib/gcc/riscv-none-elf/15.2.0/rv32ec/ilp32e\libgcc.a(_divdi3.o)
                                0x2b0 (size before relaxing)
 .debug_str     0x00002bdb        0x0 C:/Users/armstrongsubero/Desktop/Products/02_Rovari_Studio/Rovari_System_Studio/toolchain/bin/../lib/gcc/riscv-none-elf/15.2.0/rv32ec/ilp32e\libgcc.a(save-restore.o)
                                0x205 (size before relaxing)
 .debug_str     0x00002bdb        0x0 C:/Users/armstrongsubero/Desktop/Products/02_Rovari_Studio/Rovari_System_Studio/toolchain/bin/../lib/gcc/riscv-none-elf/15.2.0/rv32ec/ilp32e\libgcc.a(muldi3.o)
                                0x1a5 (size before relaxing)
 .debug_str     0x00002bdb        0x0 C:/Users/armstrongsubero/Desktop/Products/02_Rovari_Studio/Rovari_System_Studio/toolchain/bin/../lib/gcc/riscv-none-elf/15.2.0/rv32ec/ilp32e\libgcc.a(div.o)
                                0x1d2 (size before relaxing)
 .debug_str     0x00002bdb        0x0 C:/Users/armstrongsubero/Desktop/Products/02_Rovari_Studio/Rovari_System_Studio/toolchain/bin/../lib/gcc/riscv-none-elf/15.2.0/rv32ec/ilp32e\libgcc.a(_clz.o)
                                0x1d5 (size before relaxing)

.debug_line_str
                0x00000000      0xedc
 .debug_line_str
                0x00000000      0xedc C:/Users/armstrongsubero/Desktop/CH32V003_Examples/32_MPU/system/build/app_b4168e8a.o
                                0x326 (size before relaxing)
 .debug_line_str
                0x00000edc        0x0 C:/Users/armstrongsubero/Desktop/CH32V003_Examples/32_MPU/system/build/ch32v00x_it_04364fbc.o
                                0x250 (size before relaxing)
 .debug_line_str
                0x00000edc        0x0 C:/Users/armstrongsubero/Desktop/CH32V003_Examples/32_MPU/system/build/rovari_mpu6050_6c9cff8d.o
                                0x2b7 (size before relaxing)
 .debug_line_str
                0x00000edc        0x0 C:/Users/armstrongsubero/Desktop/CH32V003_Examples/32_MPU/system/build/startup_6675d02a.o
                                 0x85 (size before relaxing)
 .debug_line_str
                0x00000edc        0x0 C:/Users/armstrongsubero/Desktop/CH32V003_Examples/32_MPU/system/build/system_ch32v00x_d3983265.o
                                0x263 (size before relaxing)
 .debug_line_str
                0x00000edc        0x0 C:/Users/armstrongsubero/Desktop/CH32V003_Examples/32_MPU/system/build/debug_612e4371.o
                                0x306 (size before relaxing)
 .debug_line_str
                0x00000edc        0x0 C:/Users/armstrongsubero/Desktop/CH32V003_Examples/32_MPU/system/build/ch32v00x_gpio_51f76e01.o
                                0x26a (size before relaxing)
 .debug_line_str
                0x00000edc        0x0 C:/Users/armstrongsubero/Desktop/CH32V003_Examples/32_MPU/system/build/ch32v00x_rcc_87dcd468.o
                                0x258 (size before relaxing)
 .debug_line_str
                0x00000edc        0x0 C:/Users/armstrongsubero/Desktop/CH32V003_Examples/32_MPU/system/build/ch32v00x_misc_9a0fbf45.o
                                0x25b (size before relaxing)
 .debug_line_str
                0x00000edc        0x0 C:/Users/armstrongsubero/Desktop/CH32V003_Examples/32_MPU/system/build/ch32v00x_tim_08755a84.o
                                0x267 (size before relaxing)
 .debug_line_str
                0x00000edc        0x0 C:/Users/armstrongsubero/Desktop/CH32V003_Examples/32_MPU/system/build/rovari_main_9df9f901.o
                                0x2d0 (size before relaxing)
 .debug_line_str
                0x00000edc        0x0 C:/Users/armstrongsubero/Desktop/CH32V003_Examples/32_MPU/system/build/rovari_tick_ba34bfbd.o
                                0x2ee (size before relaxing)
 .debug_line_str
                0x00000edc        0x0 C:/Users/armstrongsubero/Desktop/CH32V003_Examples/32_MPU/system/build/sevs_assert_target_d21dbdfb.o
                                0x2c6 (size before relaxing)
 .debug_line_str
                0x00000edc        0x0 C:/Users/armstrongsubero/Desktop/CH32V003_Examples/32_MPU/system/build/ch32v00x_usart_04110ab1.o
                                0x26d (size before relaxing)
 .debug_line_str
                0x00000edc        0x0 C:/Users/armstrongsubero/Desktop/CH32V003_Examples/32_MPU/system/build/rovari_uart_f547dc16.o
                                0x3fe (size before relaxing)
 .debug_line_str
                0x00000edc        0x0 C:/Users/armstrongsubero/Desktop/CH32V003_Examples/32_MPU/system/build/ch32v00x_i2c_92a4b278.o
                                0x267 (size before relaxing)
 .debug_line_str
                0x00000edc        0x0 C:/Users/armstrongsubero/Desktop/CH32V003_Examples/32_MPU/system/build/rovari_i2c_c960e5c6.o
                                0x2ff (size before relaxing)
 .debug_line_str
                0x00000edc        0x0 C:/Users/armstrongsubero/Desktop/Products/02_Rovari_Studio/Rovari_System_Studio/toolchain/bin/../lib/gcc/riscv-none-elf/15.2.0/rv32ec/ilp32e\libgcc.a(_divdi3.o)
                                0x233 (size before relaxing)
 .debug_line_str
                0x00000edc        0x0 C:/Users/armstrongsubero/Desktop/Products/02_Rovari_Studio/Rovari_System_Studio/toolchain/bin/../lib/gcc/riscv-none-elf/15.2.0/rv32ec/ilp32e\libgcc.a(save-restore.o)
                                0x196 (size before relaxing)
 .debug_line_str
                0x00000edc        0x0 C:/Users/armstrongsubero/Desktop/Products/02_Rovari_Studio/Rovari_System_Studio/toolchain/bin/../lib/gcc/riscv-none-elf/15.2.0/rv32ec/ilp32e\libgcc.a(muldi3.o)
                                0x190 (size before relaxing)
 .debug_line_str
                0x00000edc        0x0 C:/Users/armstrongsubero/Desktop/Products/02_Rovari_Studio/Rovari_System_Studio/toolchain/bin/../lib/gcc/riscv-none-elf/15.2.0/rv32ec/ilp32e\libgcc.a(div.o)
                                0x18d (size before relaxing)
 .debug_line_str
                0x00000edc        0x0 C:/Users/armstrongsubero/Desktop/Products/02_Rovari_Studio/Rovari_System_Studio/toolchain/bin/../lib/gcc/riscv-none-elf/15.2.0/rv32ec/ilp32e\libgcc.a(_clz.o)
                                0x233 (size before relaxing)

.comment        0x00000000       0x33
 .comment       0x00000000       0x33 C:/Users/armstrongsubero/Desktop/CH32V003_Examples/32_MPU/system/build/app_b4168e8a.o
                                 0x34 (size before relaxing)
 .comment       0x00000033        0x0 C:/Users/armstrongsubero/Desktop/CH32V003_Examples/32_MPU/system/build/ch32v00x_it_04364fbc.o
                                 0x34 (size before relaxing)
 .comment       0x00000033        0x0 C:/Users/armstrongsubero/Desktop/CH32V003_Examples/32_MPU/system/build/rovari_mpu6050_6c9cff8d.o
                                 0x34 (size before relaxing)
 .comment       0x00000033        0x0 C:/Users/armstrongsubero/Desktop/CH32V003_Examples/32_MPU/system/build/system_ch32v00x_d3983265.o
                                 0x34 (size before relaxing)
 .comment       0x00000033        0x0 C:/Users/armstrongsubero/Desktop/CH32V003_Examples/32_MPU/system/build/debug_612e4371.o
                                 0x34 (size before relaxing)
 .comment       0x00000033        0x0 C:/Users/armstrongsubero/Desktop/CH32V003_Examples/32_MPU/system/build/ch32v00x_gpio_51f76e01.o
                                 0x34 (size before relaxing)
 .comment       0x00000033        0x0 C:/Users/armstrongsubero/Desktop/CH32V003_Examples/32_MPU/system/build/ch32v00x_rcc_87dcd468.o
                                 0x34 (size before relaxing)
 .comment       0x00000033        0x0 C:/Users/armstrongsubero/Desktop/CH32V003_Examples/32_MPU/system/build/ch32v00x_misc_9a0fbf45.o
                                 0x34 (size before relaxing)
 .comment       0x00000033        0x0 C:/Users/armstrongsubero/Desktop/CH32V003_Examples/32_MPU/system/build/ch32v00x_tim_08755a84.o
                                 0x34 (size before relaxing)
 .comment       0x00000033        0x0 C:/Users/armstrongsubero/Desktop/CH32V003_Examples/32_MPU/system/build/rovari_main_9df9f901.o
                                 0x34 (size before relaxing)
 .comment       0x00000033        0x0 C:/Users/armstrongsubero/Desktop/CH32V003_Examples/32_MPU/system/build/rovari_tick_ba34bfbd.o
                                 0x34 (size before relaxing)
 .comment       0x00000033        0x0 C:/Users/armstrongsubero/Desktop/CH32V003_Examples/32_MPU/system/build/sevs_assert_target_d21dbdfb.o
                                 0x34 (size before relaxing)
 .comment       0x00000033        0x0 C:/Users/armstrongsubero/Desktop/CH32V003_Examples/32_MPU/system/build/ch32v00x_usart_04110ab1.o
                                 0x34 (size before relaxing)
 .comment       0x00000033        0x0 C:/Users/armstrongsubero/Desktop/CH32V003_Examples/32_MPU/system/build/rovari_uart_f547dc16.o
                                 0x34 (size before relaxing)
 .comment       0x00000033        0x0 C:/Users/armstrongsubero/Desktop/CH32V003_Examples/32_MPU/system/build/ch32v00x_i2c_92a4b278.o
                                 0x34 (size before relaxing)
 .comment       0x00000033        0x0 C:/Users/armstrongsubero/Desktop/CH32V003_Examples/32_MPU/system/build/rovari_i2c_c960e5c6.o
                                 0x34 (size before relaxing)
 .comment       0x00000033        0x0 C:/Users/armstrongsubero/Desktop/Products/02_Rovari_Studio/Rovari_System_Studio/toolchain/bin/../lib/gcc/riscv-none-elf/15.2.0/rv32ec/ilp32e\libgcc.a(_divdi3.o)
                                 0x34 (size before relaxing)
 .comment       0x00000033        0x0 C:/Users/armstrongsubero/Desktop/Products/02_Rovari_Studio/Rovari_System_Studio/toolchain/bin/../lib/gcc/riscv-none-elf/15.2.0/rv32ec/ilp32e\libgcc.a(_clz.o)
                                 0x34 (size before relaxing)
 .comment       0x00000033        0x0 C:/Users/armstrongsubero/Desktop/Products/02_Rovari_Studio/Rovari_System_Studio/toolchain/bin/../lib/gcc/riscv-none-elf/15.2.0/../../../../riscv-none-elf/lib/rv32ec/ilp32e\libc_nano.a(libc_a-vsnprintf.o)
                                 0x34 (size before relaxing)
 .comment       0x00000033        0x0 C:/Users/armstrongsubero/Desktop/Products/02_Rovari_Studio/Rovari_System_Studio/toolchain/bin/../lib/gcc/riscv-none-elf/15.2.0/../../../../riscv-none-elf/lib/rv32ec/ilp32e\libc_nano.a(libc_a-strncpy.o)
                                 0x34 (size before relaxing)
 .comment       0x00000033        0x0 C:/Users/armstrongsubero/Desktop/Products/02_Rovari_Studio/Rovari_System_Studio/toolchain/bin/../lib/gcc/riscv-none-elf/15.2.0/../../../../riscv-none-elf/lib/rv32ec/ilp32e\libc_nano.a(libc_a-impure.o)
                                 0x34 (size before relaxing)
 .comment       0x00000033        0x0 C:/Users/armstrongsubero/Desktop/Products/02_Rovari_Studio/Rovari_System_Studio/toolchain/bin/../lib/gcc/riscv-none-elf/15.2.0/../../../../riscv-none-elf/lib/rv32ec/ilp32e\libc_nano.a(libc_a-init.o)
                                 0x34 (size before relaxing)
 .comment       0x00000033        0x0 C:/Users/armstrongsubero/Desktop/Products/02_Rovari_Studio/Rovari_System_Studio/toolchain/bin/../lib/gcc/riscv-none-elf/15.2.0/../../../../riscv-none-elf/lib/rv32ec/ilp32e\libc_nano.a(libc_a-nano-svfprintf.o)
                                 0x34 (size before relaxing)
 .comment       0x00000033        0x0 C:/Users/armstrongsubero/Desktop/Products/02_Rovari_Studio/Rovari_System_Studio/toolchain/bin/../lib/gcc/riscv-none-elf/15.2.0/../../../../riscv-none-elf/lib/rv32ec/ilp32e\libc_nano.a(libc_a-nano-vfprintf_i.o)
                                 0x34 (size before relaxing)
 .comment       0x00000033        0x0 C:/Users/armstrongsubero/Desktop/Products/02_Rovari_Studio/Rovari_System_Studio/toolchain/bin/../lib/gcc/riscv-none-elf/15.2.0/../../../../riscv-none-elf/lib/rv32ec/ilp32e\libc_nano.a(libc_a-memchr.o)
                                 0x34 (size before relaxing)
 .comment       0x00000033        0x0 C:/Users/armstrongsubero/Desktop/Products/02_Rovari_Studio/Rovari_System_Studio/toolchain/bin/../lib/gcc/riscv-none-elf/15.2.0/../../../../riscv-none-elf/lib/rv32ec/ilp32e\libc_nano.a(libc_a-freer.o)
                                 0x34 (size before relaxing)
 .comment       0x00000033        0x0 C:/Users/armstrongsubero/Desktop/Products/02_Rovari_Studio/Rovari_System_Studio/toolchain/bin/../lib/gcc/riscv-none-elf/15.2.0/../../../../riscv-none-elf/lib/rv32ec/ilp32e\libc_nano.a(libc_a-mallocr.o)
                                 0x34 (size before relaxing)
 .comment       0x00000033        0x0 C:/Users/armstrongsubero/Desktop/Products/02_Rovari_Studio/Rovari_System_Studio/toolchain/bin/../lib/gcc/riscv-none-elf/15.2.0/../../../../riscv-none-elf/lib/rv32ec/ilp32e\libc_nano.a(libc_a-mlock.o)
                                 0x34 (size before relaxing)
 .comment       0x00000033        0x0 C:/Users/armstrongsubero/Desktop/Products/02_Rovari_Studio/Rovari_System_Studio/toolchain/bin/../lib/gcc/riscv-none-elf/15.2.0/../../../../riscv-none-elf/lib/rv32ec/ilp32e\libc_nano.a(libc_a-reallocr.o)
                                 0x34 (size before relaxing)
 .comment       0x00000033        0x0 C:/Users/armstrongsubero/Desktop/Products/02_Rovari_Studio/Rovari_System_Studio/toolchain/bin/../lib/gcc/riscv-none-elf/15.2.0/../../../../riscv-none-elf/lib/rv32ec/ilp32e\libc_nano.a(libc_a-sbrkr.o)
                                 0x34 (size before relaxing)
 .comment       0x00000033        0x0 C:/Users/armstrongsubero/Desktop/Products/02_Rovari_Studio/Rovari_System_Studio/toolchain/bin/../lib/gcc/riscv-none-elf/15.2.0/../../../../riscv-none-elf/lib/rv32ec/ilp32e\libc_nano.a(libc_a-lock.o)
                                 0x34 (size before relaxing)
 .comment       0x00000033        0x0 C:/Users/armstrongsubero/Desktop/Products/02_Rovari_Studio/Rovari_System_Studio/toolchain/bin/../lib/gcc/riscv-none-elf/15.2.0/../../../../riscv-none-elf/lib/rv32ec/ilp32e\libc_nano.a(libc_a-msizer.o)
                                 0x34 (size before relaxing)
 .comment       0x00000033        0x0 C:/Users/armstrongsubero/Desktop/Products/02_Rovari_Studio/Rovari_System_Studio/toolchain/bin/../lib/gcc/riscv-none-elf/15.2.0/../../../../riscv-none-elf/lib/rv32ec/ilp32e\libc_nano.a(libc_a-reent.o)
                                 0x34 (size before relaxing)

.note.GNU-stack
                0x00000000        0x0
 .note.GNU-stack
                0x00000000        0x0 C:/Users/armstrongsubero/Desktop/CH32V003_Examples/32_MPU/system/build/app_b4168e8a.o
 .note.GNU-stack
                0x00000000        0x0 C:/Users/armstrongsubero/Desktop/CH32V003_Examples/32_MPU/system/build/ch32v00x_it_04364fbc.o
 .note.GNU-stack
                0x00000000        0x0 C:/Users/armstrongsubero/Desktop/CH32V003_Examples/32_MPU/system/build/rovari_mpu6050_6c9cff8d.o
 .note.GNU-stack
                0x00000000        0x0 C:/Users/armstrongsubero/Desktop/CH32V003_Examples/32_MPU/system/build/system_ch32v00x_d3983265.o
 .note.GNU-stack
                0x00000000        0x0 C:/Users/armstrongsubero/Desktop/CH32V003_Examples/32_MPU/system/build/debug_612e4371.o
 .note.GNU-stack
                0x00000000        0x0 C:/Users/armstrongsubero/Desktop/CH32V003_Examples/32_MPU/system/build/ch32v00x_gpio_51f76e01.o
 .note.GNU-stack
                0x00000000        0x0 C:/Users/armstrongsubero/Desktop/CH32V003_Examples/32_MPU/system/build/ch32v00x_rcc_87dcd468.o
 .note.GNU-stack
                0x00000000        0x0 C:/Users/armstrongsubero/Desktop/CH32V003_Examples/32_MPU/system/build/ch32v00x_misc_9a0fbf45.o
 .note.GNU-stack
                0x00000000        0x0 C:/Users/armstrongsubero/Desktop/CH32V003_Examples/32_MPU/system/build/ch32v00x_tim_08755a84.o
 .note.GNU-stack
                0x00000000        0x0 C:/Users/armstrongsubero/Desktop/CH32V003_Examples/32_MPU/system/build/rovari_main_9df9f901.o
 .note.GNU-stack
                0x00000000        0x0 C:/Users/armstrongsubero/Desktop/CH32V003_Examples/32_MPU/system/build/rovari_tick_ba34bfbd.o
 .note.GNU-stack
                0x00000000        0x0 C:/Users/armstrongsubero/Desktop/CH32V003_Examples/32_MPU/system/build/sevs_assert_target_d21dbdfb.o
 .note.GNU-stack
                0x00000000        0x0 C:/Users/armstrongsubero/Desktop/CH32V003_Examples/32_MPU/system/build/ch32v00x_usart_04110ab1.o
 .note.GNU-stack
                0x00000000        0x0 C:/Users/armstrongsubero/Desktop/CH32V003_Examples/32_MPU/system/build/rovari_uart_f547dc16.o
 .note.GNU-stack
                0x00000000        0x0 C:/Users/armstrongsubero/Desktop/CH32V003_Examples/32_MPU/system/build/ch32v00x_i2c_92a4b278.o
 .note.GNU-stack
                0x00000000        0x0 C:/Users/armstrongsubero/Desktop/CH32V003_Examples/32_MPU/system/build/rovari_i2c_c960e5c6.o
 .note.GNU-stack
                0x00000000        0x0 C:/Users/armstrongsubero/Desktop/Products/02_Rovari_Studio/Rovari_System_Studio/toolchain/bin/../lib/gcc/riscv-none-elf/15.2.0/rv32ec/ilp32e\libgcc.a(_divdi3.o)
 .note.GNU-stack
                0x00000000        0x0 C:/Users/armstrongsubero/Desktop/Products/02_Rovari_Studio/Rovari_System_Studio/toolchain/bin/../lib/gcc/riscv-none-elf/15.2.0/rv32ec/ilp32e\libgcc.a(_clz.o)
 .note.GNU-stack
                0x00000000        0x0 C:/Users/armstrongsubero/Desktop/Products/02_Rovari_Studio/Rovari_System_Studio/toolchain/bin/../lib/gcc/riscv-none-elf/15.2.0/../../../../riscv-none-elf/lib/rv32ec/ilp32e\libc_nano.a(libc_a-vsnprintf.o)
 .note.GNU-stack
                0x00000000        0x0 C:/Users/armstrongsubero/Desktop/Products/02_Rovari_Studio/Rovari_System_Studio/toolchain/bin/../lib/gcc/riscv-none-elf/15.2.0/../../../../riscv-none-elf/lib/rv32ec/ilp32e\libc_nano.a(libc_a-strncpy.o)
 .note.GNU-stack
                0x00000000        0x0 C:/Users/armstrongsubero/Desktop/Products/02_Rovari_Studio/Rovari_System_Studio/toolchain/bin/../lib/gcc/riscv-none-elf/15.2.0/../../../../riscv-none-elf/lib/rv32ec/ilp32e\libc_nano.a(libc_a-impure.o)
 .note.GNU-stack
                0x00000000        0x0 C:/Users/armstrongsubero/Desktop/Products/02_Rovari_Studio/Rovari_System_Studio/toolchain/bin/../lib/gcc/riscv-none-elf/15.2.0/../../../../riscv-none-elf/lib/rv32ec/ilp32e\libc_nano.a(libc_a-init.o)
 .note.GNU-stack
                0x00000000        0x0 C:/Users/armstrongsubero/Desktop/Products/02_Rovari_Studio/Rovari_System_Studio/toolchain/bin/../lib/gcc/riscv-none-elf/15.2.0/../../../../riscv-none-elf/lib/rv32ec/ilp32e\libc_nano.a(libc_a-nano-svfprintf.o)
 .note.GNU-stack
                0x00000000        0x0 C:/Users/armstrongsubero/Desktop/Products/02_Rovari_Studio/Rovari_System_Studio/toolchain/bin/../lib/gcc/riscv-none-elf/15.2.0/../../../../riscv-none-elf/lib/rv32ec/ilp32e\libc_nano.a(libc_a-nano-vfprintf_i.o)
 .note.GNU-stack
                0x00000000        0x0 C:/Users/armstrongsubero/Desktop/Products/02_Rovari_Studio/Rovari_System_Studio/toolchain/bin/../lib/gcc/riscv-none-elf/15.2.0/../../../../riscv-none-elf/lib/rv32ec/ilp32e\libc_nano.a(libc_a-memchr.o)
 .note.GNU-stack
                0x00000000        0x0 C:/Users/armstrongsubero/Desktop/Products/02_Rovari_Studio/Rovari_System_Studio/toolchain/bin/../lib/gcc/riscv-none-elf/15.2.0/../../../../riscv-none-elf/lib/rv32ec/ilp32e\libc_nano.a(libc_a-freer.o)
 .note.GNU-stack
                0x00000000        0x0 C:/Users/armstrongsubero/Desktop/Products/02_Rovari_Studio/Rovari_System_Studio/toolchain/bin/../lib/gcc/riscv-none-elf/15.2.0/../../../../riscv-none-elf/lib/rv32ec/ilp32e\libc_nano.a(libc_a-mallocr.o)
 .note.GNU-stack
                0x00000000        0x0 C:/Users/armstrongsubero/Desktop/Products/02_Rovari_Studio/Rovari_System_Studio/toolchain/bin/../lib/gcc/riscv-none-elf/15.2.0/../../../../riscv-none-elf/lib/rv32ec/ilp32e\libc_nano.a(libc_a-mlock.o)
 .note.GNU-stack
                0x00000000        0x0 C:/Users/armstrongsubero/Desktop/Products/02_Rovari_Studio/Rovari_System_Studio/toolchain/bin/../lib/gcc/riscv-none-elf/15.2.0/../../../../riscv-none-elf/lib/rv32ec/ilp32e\libc_nano.a(libc_a-reallocr.o)
 .note.GNU-stack
                0x00000000        0x0 C:/Users/armstrongsubero/Desktop/Products/02_Rovari_Studio/Rovari_System_Studio/toolchain/bin/../lib/gcc/riscv-none-elf/15.2.0/../../../../riscv-none-elf/lib/rv32ec/ilp32e\libc_nano.a(libc_a-sbrkr.o)
 .note.GNU-stack
                0x00000000        0x0 C:/Users/armstrongsubero/Desktop/Products/02_Rovari_Studio/Rovari_System_Studio/toolchain/bin/../lib/gcc/riscv-none-elf/15.2.0/../../../../riscv-none-elf/lib/rv32ec/ilp32e\libc_nano.a(libc_a-lock.o)
 .note.GNU-stack
                0x00000000        0x0 C:/Users/armstrongsubero/Desktop/Products/02_Rovari_Studio/Rovari_System_Studio/toolchain/bin/../lib/gcc/riscv-none-elf/15.2.0/../../../../riscv-none-elf/lib/rv32ec/ilp32e\libc_nano.a(libc_a-msizer.o)
 .note.GNU-stack
                0x00000000        0x0 C:/Users/armstrongsubero/Desktop/Products/02_Rovari_Studio/Rovari_System_Studio/toolchain/bin/../lib/gcc/riscv-none-elf/15.2.0/../../../../riscv-none-elf/lib/rv32ec/ilp32e\libc_nano.a(libc_a-reent.o)

.riscv.attributes
                0x00000000       0x41
 .riscv.attributes
                0x00000000       0x3d C:/Users/armstrongsubero/Desktop/CH32V003_Examples/32_MPU/system/build/app_b4168e8a.o
 .riscv.attributes
                0x0000003d       0x3d C:/Users/armstrongsubero/Desktop/CH32V003_Examples/32_MPU/system/build/ch32v00x_it_04364fbc.o
 .riscv.attributes
                0x0000007a       0x3d C:/Users/armstrongsubero/Desktop/CH32V003_Examples/32_MPU/system/build/rovari_mpu6050_6c9cff8d.o
 .riscv.attributes
                0x000000b7       0x3f C:/Users/armstrongsubero/Desktop/CH32V003_Examples/32_MPU/system/build/startup_6675d02a.o
 .riscv.attributes
                0x000000f6       0x3d C:/Users/armstrongsubero/Desktop/CH32V003_Examples/32_MPU/system/build/system_ch32v00x_d3983265.o
 .riscv.attributes
                0x00000133       0x3d C:/Users/armstrongsubero/Desktop/CH32V003_Examples/32_MPU/system/build/debug_612e4371.o
 .riscv.attributes
                0x00000170       0x3d C:/Users/armstrongsubero/Desktop/CH32V003_Examples/32_MPU/system/build/ch32v00x_gpio_51f76e01.o
 .riscv.attributes
                0x000001ad       0x3d C:/Users/armstrongsubero/Desktop/CH32V003_Examples/32_MPU/system/build/ch32v00x_rcc_87dcd468.o
 .riscv.attributes
                0x000001ea       0x3d C:/Users/armstrongsubero/Desktop/CH32V003_Examples/32_MPU/system/build/ch32v00x_misc_9a0fbf45.o
 .riscv.attributes
                0x00000227       0x3d C:/Users/armstrongsubero/Desktop/CH32V003_Examples/32_MPU/system/build/ch32v00x_tim_08755a84.o
 .riscv.attributes
                0x00000264       0x3d C:/Users/armstrongsubero/Desktop/CH32V003_Examples/32_MPU/system/build/rovari_main_9df9f901.o
 .riscv.attributes
                0x000002a1       0x41 C:/Users/armstrongsubero/Desktop/CH32V003_Examples/32_MPU/system/build/rovari_tick_ba34bfbd.o
 .riscv.attributes
                0x000002e2       0x41 C:/Users/armstrongsubero/Desktop/CH32V003_Examples/32_MPU/system/build/sevs_assert_target_d21dbdfb.o
 .riscv.attributes
                0x00000323       0x3d C:/Users/armstrongsubero/Desktop/CH32V003_Examples/32_MPU/system/build/ch32v00x_usart_04110ab1.o
 .riscv.attributes
                0x00000360       0x3d C:/Users/armstrongsubero/Desktop/CH32V003_Examples/32_MPU/system/build/rovari_uart_f547dc16.o
 .riscv.attributes
                0x0000039d       0x3d C:/Users/armstrongsubero/Desktop/CH32V003_Examples/32_MPU/system/build/ch32v00x_i2c_92a4b278.o
 .riscv.attributes
                0x000003da       0x3d C:/Users/armstrongsubero/Desktop/CH32V003_Examples/32_MPU/system/build/rovari_i2c_c960e5c6.o
 .riscv.attributes
                0x00000417       0x28 C:/Users/armstrongsubero/Desktop/Products/02_Rovari_Studio/Rovari_System_Studio/toolchain/bin/../lib/gcc/riscv-none-elf/15.2.0/rv32ec/ilp32e\libgcc.a(_divdi3.o)
 .riscv.attributes
                0x0000043f       0x26 C:/Users/armstrongsubero/Desktop/Products/02_Rovari_Studio/Rovari_System_Studio/toolchain/bin/../lib/gcc/riscv-none-elf/15.2.0/rv32ec/ilp32e\libgcc.a(save-restore.o)
 .riscv.attributes
                0x00000465       0x26 C:/Users/armstrongsubero/Desktop/Products/02_Rovari_Studio/Rovari_System_Studio/toolchain/bin/../lib/gcc/riscv-none-elf/15.2.0/rv32ec/ilp32e\libgcc.a(muldi3.o)
 .riscv.attributes
                0x0000048b       0x26 C:/Users/armstrongsubero/Desktop/Products/02_Rovari_Studio/Rovari_System_Studio/toolchain/bin/../lib/gcc/riscv-none-elf/15.2.0/rv32ec/ilp32e\libgcc.a(div.o)
 .riscv.attributes
                0x000004b1       0x28 C:/Users/armstrongsubero/Desktop/Products/02_Rovari_Studio/Rovari_System_Studio/toolchain/bin/../lib/gcc/riscv-none-elf/15.2.0/rv32ec/ilp32e\libgcc.a(_clz.o)
 .riscv.attributes
                0x000004d9       0x28 C:/Users/armstrongsubero/Desktop/Products/02_Rovari_Studio/Rovari_System_Studio/toolchain/bin/../lib/gcc/riscv-none-elf/15.2.0/../../../../riscv-none-elf/lib/rv32ec/ilp32e\libc_nano.a(libc_a-vsnprintf.o)
 .riscv.attributes
                0x00000501       0x28 C:/Users/armstrongsubero/Desktop/Products/02_Rovari_Studio/Rovari_System_Studio/toolchain/bin/../lib/gcc/riscv-none-elf/15.2.0/../../../../riscv-none-elf/lib/rv32ec/ilp32e\libc_nano.a(libc_a-strncpy.o)
 .riscv.attributes
                0x00000529       0x28 C:/Users/armstrongsubero/Desktop/Products/02_Rovari_Studio/Rovari_System_Studio/toolchain/bin/../lib/gcc/riscv-none-elf/15.2.0/../../../../riscv-none-elf/lib/rv32ec/ilp32e\libc_nano.a(libc_a-impure.o)
 .riscv.attributes
                0x00000551       0x28 C:/Users/armstrongsubero/Desktop/Products/02_Rovari_Studio/Rovari_System_Studio/toolchain/bin/../lib/gcc/riscv-none-elf/15.2.0/../../../../riscv-none-elf/lib/rv32ec/ilp32e\libc_nano.a(libc_a-init.o)
 .riscv.attributes
                0x00000579       0x28 C:/Users/armstrongsubero/Desktop/Products/02_Rovari_Studio/Rovari_System_Studio/toolchain/bin/../lib/gcc/riscv-none-elf/15.2.0/../../../../riscv-none-elf/lib/rv32ec/ilp32e\libc_nano.a(libc_a-nano-svfprintf.o)
 .riscv.attributes
                0x000005a1       0x28 C:/Users/armstrongsubero/Desktop/Products/02_Rovari_Studio/Rovari_System_Studio/toolchain/bin/../lib/gcc/riscv-none-elf/15.2.0/../../../../riscv-none-elf/lib/rv32ec/ilp32e\libc_nano.a(libc_a-nano-vfprintf_i.o)
 .riscv.attributes
                0x000005c9       0x28 C:/Users/armstrongsubero/Desktop/Products/02_Rovari_Studio/Rovari_System_Studio/toolchain/bin/../lib/gcc/riscv-none-elf/15.2.0/../../../../riscv-none-elf/lib/rv32ec/ilp32e\libc_nano.a(libc_a-memchr.o)
 .riscv.attributes
                0x000005f1       0x26 C:/Users/armstrongsubero/Desktop/Products/02_Rovari_Studio/Rovari_System_Studio/toolchain/bin/../lib/gcc/riscv-none-elf/15.2.0/../../../../riscv-none-elf/lib/rv32ec/ilp32e\libc_nano.a(libc_a-memmove.o)
 .riscv.attributes
                0x00000617       0x26 C:/Users/armstrongsubero/Desktop/Products/02_Rovari_Studio/Rovari_System_Studio/toolchain/bin/../lib/gcc/riscv-none-elf/15.2.0/../../../../riscv-none-elf/lib/rv32ec/ilp32e\libc_nano.a(libc_a-memcpy-asm.o)
 .riscv.attributes
                0x0000063d       0x28 C:/Users/armstrongsubero/Desktop/Products/02_Rovari_Studio/Rovari_System_Studio/toolchain/bin/../lib/gcc/riscv-none-elf/15.2.0/../../../../riscv-none-elf/lib/rv32ec/ilp32e\libc_nano.a(libc_a-freer.o)
 .riscv.attributes
                0x00000665       0x28 C:/Users/armstrongsubero/Desktop/Products/02_Rovari_Studio/Rovari_System_Studio/toolchain/bin/../lib/gcc/riscv-none-elf/15.2.0/../../../../riscv-none-elf/lib/rv32ec/ilp32e\libc_nano.a(libc_a-mallocr.o)
 .riscv.attributes
                0x0000068d       0x28 C:/Users/armstrongsubero/Desktop/Products/02_Rovari_Studio/Rovari_System_Studio/toolchain/bin/../lib/gcc/riscv-none-elf/15.2.0/../../../../riscv-none-elf/lib/rv32ec/ilp32e\libc_nano.a(libc_a-mlock.o)
 .riscv.attributes
                0x000006b5       0x28 C:/Users/armstrongsubero/Desktop/Products/02_Rovari_Studio/Rovari_System_Studio/toolchain/bin/../lib/gcc/riscv-none-elf/15.2.0/../../../../riscv-none-elf/lib/rv32ec/ilp32e\libc_nano.a(libc_a-reallocr.o)
 .riscv.attributes
                0x000006dd       0x28 C:/Users/armstrongsubero/Desktop/Products/02_Rovari_Studio/Rovari_System_Studio/toolchain/bin/../lib/gcc/riscv-none-elf/15.2.0/../../../../riscv-none-elf/lib/rv32ec/ilp32e\libc_nano.a(libc_a-sbrkr.o)
 .riscv.attributes
                0x00000705       0x28 C:/Users/armstrongsubero/Desktop/Products/02_Rovari_Studio/Rovari_System_Studio/toolchain/bin/../lib/gcc/riscv-none-elf/15.2.0/../../../../riscv-none-elf/lib/rv32ec/ilp32e\libc_nano.a(libc_a-lock.o)
 .riscv.attributes
                0x0000072d       0x28 C:/Users/armstrongsubero/Desktop/Products/02_Rovari_Studio/Rovari_System_Studio/toolchain/bin/../lib/gcc/riscv-none-elf/15.2.0/../../../../riscv-none-elf/lib/rv32ec/ilp32e\libc_nano.a(libc_a-msizer.o)
 .riscv.attributes
                0x00000755       0x28 C:/Users/armstrongsubero/Desktop/Products/02_Rovari_Studio/Rovari_System_Studio/toolchain/bin/../lib/gcc/riscv-none-elf/15.2.0/../../../../riscv-none-elf/lib/rv32ec/ilp32e\libc_nano.a(libc_a-reent.o)

.debug_frame    0x00000000     0x1408
 .debug_frame   0x00000000       0x50 C:/Users/armstrongsubero/Desktop/CH32V003_Examples/32_MPU/system/build/app_b4168e8a.o
 .debug_frame   0x00000050       0x30 C:/Users/armstrongsubero/Desktop/CH32V003_Examples/32_MPU/system/build/ch32v00x_it_04364fbc.o
 .debug_frame   0x00000080      0x150 C:/Users/armstrongsubero/Desktop/CH32V003_Examples/32_MPU/system/build/rovari_mpu6050_6c9cff8d.o
 .debug_frame   0x000001d0       0x4c C:/Users/armstrongsubero/Desktop/CH32V003_Examples/32_MPU/system/build/system_ch32v00x_d3983265.o
 .debug_frame   0x0000021c       0xdc C:/Users/armstrongsubero/Desktop/CH32V003_Examples/32_MPU/system/build/debug_612e4371.o
 .debug_frame   0x000002f8      0x154 C:/Users/armstrongsubero/Desktop/CH32V003_Examples/32_MPU/system/build/ch32v00x_gpio_51f76e01.o
 .debug_frame   0x0000044c      0x1d0 C:/Users/armstrongsubero/Desktop/CH32V003_Examples/32_MPU/system/build/ch32v00x_rcc_87dcd468.o
 .debug_frame   0x0000061c       0x30 C:/Users/armstrongsubero/Desktop/CH32V003_Examples/32_MPU/system/build/ch32v00x_misc_9a0fbf45.o